<html>
<body>
<pre>
<h1>µVision Build Log</h1>
<h2>Tool Versions:</h2>
IDE-Version: µVision V5.24.2.0
Copyright (C) 2017 ARM Ltd and ARM Germany GmbH. All rights reserved.
License Information: Sofia Paganelli, Dynamis PRC, LIC=SDA30-BNNKP-WF4I7-EN3K8-X5RI5-2JTTD
 
Tool Versions:
Toolchain:       MDK-ARM Plus  Version: 5.24.1
Toolchain Path:  C:\Keil_v5\ARM\ARMCC\Bin
C Compiler:      Armcc.exe V5.06 update 5 (build 528)
Assembler:       Armasm.exe V5.06 update 5 (build 528)
Linker/Locator:  ArmLink.exe V5.06 update 5 (build 528)
Library Manager: ArmAr.exe V5.06 update 5 (build 528)
Hex Converter:   FromElf.exe V5.06 update 5 (build 528)
CPU DLL:         SARMCM3.DLL V5.24.1
Dialog DLL:      DCM.DLL V1.16.0.0
Target DLL:      STLink\ST-LINKIII-KEIL_SWO.dll V3.0.1.0
Dialog DLL:      TCM.DLL V1.32.0.0
 
<h2>Project:</h2>
C:\Users\sofia\Documents\GIT_REPO\DP11\SW\SW_DP11_INIT\MDK-ARM\SW_DP11_INIT.uvprojx
Project File Date:  12/16/2020

<h2>Output:</h2>
*** Using Compiler 'V5.06 update 5 (build 528)', folder: 'C:\Keil_v5\ARM\ARMCC\Bin'
*** Warning: Using Microlib and C++ file(s) might cause the linker to fail !
  
Build target 'SW_DP11_INIT'
compiling ApplicationFontProvider.cpp...
compiling Font_Roboto_Regular_25_4bpp.cpp...
compiling Font_Roboto_Black_100_4bpp.cpp...
compiling Font_Roboto_Regular_35_4bpp.cpp...
compiling Font_Roboto_Regular_45_4bpp.cpp...
compiling Font_Roboto_Regular_290_4bpp.cpp...
compiling Font_Roboto_Regular_63_4bpp.cpp...
compiling ACCELERATIONViewBase.cpp...
compiling ENDURANCEViewBase.cpp...
compiling Font_Roboto_Regular_180_4bpp.cpp...
compiling FontGetters.cpp...
compiling Font_Roboto_Regular_80_4bpp.cpp...
compiling AUTOCROSSViewBase.cpp...
compiling Kerning_Roboto_Regular_180_4bpp.cpp...
compiling Kerning_Roboto_Black_100_4bpp.cpp...
compiling Kerning_Roboto_Regular_25_4bpp.cpp...
compiling Kerning_Roboto_Regular_290_4bpp.cpp...
compiling Kerning_Roboto_Regular_35_4bpp.cpp...
compiling Kerning_Roboto_Regular_45_4bpp.cpp...
compiling Kerning_Roboto_Regular_63_4bpp.cpp...
compiling Kerning_Roboto_Regular_80_4bpp.cpp...
compiling LanguageGb.cpp...
compiling Table_Roboto_Black_100_4bpp.cpp...
compiling Table_Roboto_Regular_25_4bpp.cpp...
compiling Table_Roboto_Regular_290_4bpp.cpp...
compiling Table_Roboto_Regular_180_4bpp.cpp...
compiling Table_Roboto_Regular_35_4bpp.cpp...
compiling Table_Roboto_Regular_63_4bpp.cpp...
compiling Table_Roboto_Regular_45_4bpp.cpp...
compiling Table_Roboto_Regular_80_4bpp.cpp...
compiling TypedTextDatabase.cpp...
compiling Texts.cpp...
compiling SKIDPADViewBase.cpp...
compiling FrontendApplicationBase.cpp...
compiling BoardConfiguration.cpp...
linking...
Program Size: Code=92096 RO-data=1335232 RW-data=820 ZI-data=78936  
FromELF: creating hex file...
"SW_DP11_INIT\SW_DP11_INIT.axf" - 0 Error(s), 0 Warning(s).

<h2>Software Packages used:</h2>

Package Vendor: ARM
                http://www.keil.com/pack/ARM.CMSIS.5.6.0.pack
                ARM.CMSIS.5.6.0
                CMSIS (Cortex Microcontroller Software Interface Standard)
   * Component: CORE Version: 5.3.0

Package Vendor: Keil
                https://www.keil.com/pack/Keil.STM32F7xx_DFP.2.12.0.pack
                Keil.STM32F7xx_DFP.2.12.0
                STMicroelectronics STM32F7 Series Device Support, Drivers and Examples

<h2>Collection of Component include folders:</h2>
  .\RTE\_SW_DP11_INIT
  C:\Keil_v5\ARM\PACK\ARM\CMSIS\5.6.0\CMSIS\Core\Include
  C:\Keil_v5\ARM\PACK\Keil\STM32F7xx_DFP\2.12.0\Drivers\CMSIS\Device\ST\STM32F7xx\Include

<h2>Collection of Component Files used:</h2>

   * Component: ARM::CMSIS:CORE:5.3.0
Build Time Elapsed:  00:00:29
</pre>
</body>
</html>
