<!doctype html public "-//w3c//dtd html 4.0 transitional//en">
<html><head>
<title>Static Call Graph - [SW_DP11_INIT\SW_DP11_INIT.axf]</title></head>
<body><HR>
<H1>Static Call Graph for image SW_DP11_INIT\SW_DP11_INIT.axf</H1><HR>
<BR><P>#&#060CALLGRAPH&#062# ARM Linker, 5060528: Last Updated: Sat May 04 20:06:54 2019
<BR><P>
<H3>Maximum Stack Usage =        824 bytes + Unknown(Cycles, Untraceable Function Pointers)</H3><H3>
Call chain for Maximum Stack Depth:</H3>
main &rArr; MX_FREERTOS_Init &rArr; osThreadCreate &rArr; xTaskCreate &rArr; pvPortMalloc &rArr; xTaskResumeAll &rArr; xTaskIncrementTick
<P>
<H3>
Mutually Recursive functions
</H3> <LI><a href="#[2bd]">vApplicationStackOverflowHook</a>&nbsp;&nbsp;&nbsp;&rArr;&nbsp;&nbsp;&nbsp;<a href="#[2bd]">vApplicationStackOverflowHook</a><BR>
 <LI><a href="#[2a]">CAN1_RX1_IRQHandler</a>&nbsp;&nbsp;&nbsp;&rArr;&nbsp;&nbsp;&nbsp;<a href="#[2a]">CAN1_RX1_IRQHandler</a><BR>
 <LI><a href="#[f]">BusFault_Handler</a>&nbsp;&nbsp;&nbsp;&rArr;&nbsp;&nbsp;&nbsp;<a href="#[f]">BusFault_Handler</a><BR>
 <LI><a href="#[d]">HardFault_Handler</a>&nbsp;&nbsp;&nbsp;&rArr;&nbsp;&nbsp;&nbsp;<a href="#[d]">HardFault_Handler</a><BR>
 <LI><a href="#[e]">MemManage_Handler</a>&nbsp;&nbsp;&nbsp;&rArr;&nbsp;&nbsp;&nbsp;<a href="#[e]">MemManage_Handler</a><BR>
 <LI><a href="#[10]">UsageFault_Handler</a>&nbsp;&nbsp;&nbsp;&rArr;&nbsp;&nbsp;&nbsp;<a href="#[10]">UsageFault_Handler</a><BR>
 <LI><a href="#[27e]">touchgfx::Screen::JSMOC(const touchgfx::Rect&, touchgfx::Drawable*)</a>&nbsp;&nbsp;&nbsp;&rArr;&nbsp;&nbsp;&nbsp;<a href="#[27e]">touchgfx::Screen::JSMOC(const touchgfx::Rect&, touchgfx::Drawable*)</a><BR>
 <LI><a href="#[2bb]">vApplicationMallocFailedHook</a>&nbsp;&nbsp;&nbsp;&rArr;&nbsp;&nbsp;&nbsp;<a href="#[2bb]">vApplicationMallocFailedHook</a><BR>
</UL>
<P>
<H3>
Function Pointers
</H3><UL>
 <LI><a href="#[27]">ADC_IRQHandler</a> from stm32f7xx_it.o(i.ADC_IRQHandler) referenced from startup_stm32f746xx.o(RESET)
 <LI><a href="#[f]">BusFault_Handler</a> from stm32f7xx_it.o(i.BusFault_Handler) referenced from startup_stm32f746xx.o(RESET)
 <LI><a href="#[29]">CAN1_RX0_IRQHandler</a> from stm32f7xx_it.o(i.CAN1_RX0_IRQHandler) referenced from startup_stm32f746xx.o(RESET)
 <LI><a href="#[2a]">CAN1_RX1_IRQHandler</a> from startup_stm32f746xx.o(.text) referenced from startup_stm32f746xx.o(RESET)
 <LI><a href="#[2b]">CAN1_SCE_IRQHandler</a> from startup_stm32f746xx.o(.text) referenced from startup_stm32f746xx.o(RESET)
 <LI><a href="#[28]">CAN1_TX_IRQHandler</a> from stm32f7xx_it.o(i.CAN1_TX_IRQHandler) referenced from startup_stm32f746xx.o(RESET)
 <LI><a href="#[55]">CAN2_RX0_IRQHandler</a> from startup_stm32f746xx.o(.text) referenced from startup_stm32f746xx.o(RESET)
 <LI><a href="#[56]">CAN2_RX1_IRQHandler</a> from startup_stm32f746xx.o(.text) referenced from startup_stm32f746xx.o(RESET)
 <LI><a href="#[57]">CAN2_SCE_IRQHandler</a> from startup_stm32f746xx.o(.text) referenced from startup_stm32f746xx.o(RESET)
 <LI><a href="#[54]">CAN2_TX_IRQHandler</a> from startup_stm32f746xx.o(.text) referenced from startup_stm32f746xx.o(RESET)
 <LI><a href="#[72]">CEC_IRQHandler</a> from startup_stm32f746xx.o(.text) referenced from startup_stm32f746xx.o(RESET)
 <LI><a href="#[63]">DCMI_IRQHandler</a> from startup_stm32f746xx.o(.text) referenced from startup_stm32f746xx.o(RESET)
 <LI><a href="#[20]">DMA1_Stream0_IRQHandler</a> from startup_stm32f746xx.o(.text) referenced from startup_stm32f746xx.o(RESET)
 <LI><a href="#[21]">DMA1_Stream1_IRQHandler</a> from startup_stm32f746xx.o(.text) referenced from startup_stm32f746xx.o(RESET)
 <LI><a href="#[22]">DMA1_Stream2_IRQHandler</a> from startup_stm32f746xx.o(.text) referenced from startup_stm32f746xx.o(RESET)
 <LI><a href="#[23]">DMA1_Stream3_IRQHandler</a> from startup_stm32f746xx.o(.text) referenced from startup_stm32f746xx.o(RESET)
 <LI><a href="#[24]">DMA1_Stream4_IRQHandler</a> from startup_stm32f746xx.o(.text) referenced from startup_stm32f746xx.o(RESET)
 <LI><a href="#[25]">DMA1_Stream5_IRQHandler</a> from startup_stm32f746xx.o(.text) referenced from startup_stm32f746xx.o(RESET)
 <LI><a href="#[26]">DMA1_Stream6_IRQHandler</a> from startup_stm32f746xx.o(.text) referenced from startup_stm32f746xx.o(RESET)
 <LI><a href="#[44]">DMA1_Stream7_IRQHandler</a> from startup_stm32f746xx.o(.text) referenced from startup_stm32f746xx.o(RESET)
 <LI><a href="#[6e]">DMA2D_IRQHandler</a> from stm32f7xx_it.o(i.DMA2D_IRQHandler) referenced from startup_stm32f746xx.o(RESET)
 <LI><a href="#[4d]">DMA2_Stream0_IRQHandler</a> from stm32f7xx_it.o(i.DMA2_Stream0_IRQHandler) referenced from startup_stm32f746xx.o(RESET)
 <LI><a href="#[4e]">DMA2_Stream1_IRQHandler</a> from startup_stm32f746xx.o(.text) referenced from startup_stm32f746xx.o(RESET)
 <LI><a href="#[4f]">DMA2_Stream2_IRQHandler</a> from startup_stm32f746xx.o(.text) referenced from startup_stm32f746xx.o(RESET)
 <LI><a href="#[50]">DMA2_Stream3_IRQHandler</a> from startup_stm32f746xx.o(.text) referenced from startup_stm32f746xx.o(RESET)
 <LI><a href="#[51]">DMA2_Stream4_IRQHandler</a> from startup_stm32f746xx.o(.text) referenced from startup_stm32f746xx.o(RESET)
 <LI><a href="#[59]">DMA2_Stream5_IRQHandler</a> from startup_stm32f746xx.o(.text) referenced from startup_stm32f746xx.o(RESET)
 <LI><a href="#[5a]">DMA2_Stream6_IRQHandler</a> from startup_stm32f746xx.o(.text) referenced from startup_stm32f746xx.o(RESET)
 <LI><a href="#[5b]">DMA2_Stream7_IRQHandler</a> from startup_stm32f746xx.o(.text) referenced from startup_stm32f746xx.o(RESET)
 <LI><a href="#[12]">DebugMon_Handler</a> from stm32f7xx_it.o(i.DebugMon_Handler) referenced from startup_stm32f746xx.o(RESET)
 <LI><a href="#[52]">ETH_IRQHandler</a> from startup_stm32f746xx.o(.text) referenced from startup_stm32f746xx.o(RESET)
 <LI><a href="#[53]">ETH_WKUP_IRQHandler</a> from startup_stm32f746xx.o(.text) referenced from startup_stm32f746xx.o(RESET)
 <LI><a href="#[1b]">EXTI0_IRQHandler</a> from stm32f7xx_it.o(i.EXTI0_IRQHandler) referenced from startup_stm32f746xx.o(RESET)
 <LI><a href="#[3d]">EXTI15_10_IRQHandler</a> from stm32f7xx_it.o(i.EXTI15_10_IRQHandler) referenced from startup_stm32f746xx.o(RESET)
 <LI><a href="#[1c]">EXTI1_IRQHandler</a> from stm32f7xx_it.o(i.EXTI1_IRQHandler) referenced from startup_stm32f746xx.o(RESET)
 <LI><a href="#[1d]">EXTI2_IRQHandler</a> from stm32f7xx_it.o(i.EXTI2_IRQHandler) referenced from startup_stm32f746xx.o(RESET)
 <LI><a href="#[1e]">EXTI3_IRQHandler</a> from stm32f7xx_it.o(i.EXTI3_IRQHandler) referenced from startup_stm32f746xx.o(RESET)
 <LI><a href="#[1f]">EXTI4_IRQHandler</a> from startup_stm32f746xx.o(.text) referenced from startup_stm32f746xx.o(RESET)
 <LI><a href="#[2c]">EXTI9_5_IRQHandler</a> from stm32f7xx_it.o(i.EXTI9_5_IRQHandler) referenced from startup_stm32f746xx.o(RESET)
 <LI><a href="#[19]">FLASH_IRQHandler</a> from startup_stm32f746xx.o(.text) referenced from startup_stm32f746xx.o(RESET)
 <LI><a href="#[45]">FMC_IRQHandler</a> from stm32f7xx_it.o(i.FMC_IRQHandler) referenced from startup_stm32f746xx.o(RESET)
 <LI><a href="#[65]">FPU_IRQHandler</a> from startup_stm32f746xx.o(.text) referenced from startup_stm32f746xx.o(RESET)
 <LI><a href="#[d]">HardFault_Handler</a> from stm32f7xx_it.o(i.HardFault_Handler) referenced from startup_stm32f746xx.o(RESET)
 <LI><a href="#[35]">I2C1_ER_IRQHandler</a> from stm32f7xx_it.o(i.I2C1_ER_IRQHandler) referenced from startup_stm32f746xx.o(RESET)
 <LI><a href="#[34]">I2C1_EV_IRQHandler</a> from stm32f7xx_it.o(i.I2C1_EV_IRQHandler) referenced from startup_stm32f746xx.o(RESET)
 <LI><a href="#[37]">I2C2_ER_IRQHandler</a> from startup_stm32f746xx.o(.text) referenced from startup_stm32f746xx.o(RESET)
 <LI><a href="#[36]">I2C2_EV_IRQHandler</a> from startup_stm32f746xx.o(.text) referenced from startup_stm32f746xx.o(RESET)
 <LI><a href="#[5e]">I2C3_ER_IRQHandler</a> from startup_stm32f746xx.o(.text) referenced from startup_stm32f746xx.o(RESET)
 <LI><a href="#[5d]">I2C3_EV_IRQHandler</a> from startup_stm32f746xx.o(.text) referenced from startup_stm32f746xx.o(RESET)
 <LI><a href="#[74]">I2C4_ER_IRQHandler</a> from startup_stm32f746xx.o(.text) referenced from startup_stm32f746xx.o(RESET)
 <LI><a href="#[73]">I2C4_EV_IRQHandler</a> from startup_stm32f746xx.o(.text) referenced from startup_stm32f746xx.o(RESET)
 <LI><a href="#[7a]">I2C_DMAAbort</a> from stm32f7xx_hal_i2c.o(i.I2C_DMAAbort) referenced from stm32f7xx_hal_i2c.o(i.I2C_ITError)
 <LI><a href="#[7b]">I2C_Slave_ISR_IT</a> from stm32f7xx_hal_i2c.o(i.I2C_Slave_ISR_IT) referenced from stm32f7xx_hal_i2c.o(i.I2C_ITError)
 <LI><a href="#[71]">LPTIM1_IRQHandler</a> from startup_stm32f746xx.o(.text) referenced from startup_stm32f746xx.o(RESET)
 <LI><a href="#[6d]">LTDC_ER_IRQHandler</a> from stm32f7xx_it.o(i.LTDC_ER_IRQHandler) referenced from startup_stm32f746xx.o(RESET)
 <LI><a href="#[6c]">LTDC_IRQHandler</a> from stm32f7xx_it.o(i.LTDC_IRQHandler) referenced from startup_stm32f746xx.o(RESET)
 <LI><a href="#[e]">MemManage_Handler</a> from stm32f7xx_it.o(i.MemManage_Handler) referenced from startup_stm32f746xx.o(RESET)
 <LI><a href="#[c]">NMI_Handler</a> from stm32f7xx_it.o(i.NMI_Handler) referenced from startup_stm32f746xx.o(RESET)
 <LI><a href="#[58]">OTG_FS_IRQHandler</a> from startup_stm32f746xx.o(.text) referenced from startup_stm32f746xx.o(RESET)
 <LI><a href="#[3f]">OTG_FS_WKUP_IRQHandler</a> from startup_stm32f746xx.o(.text) referenced from startup_stm32f746xx.o(RESET)
 <LI><a href="#[60]">OTG_HS_EP1_IN_IRQHandler</a> from startup_stm32f746xx.o(.text) referenced from startup_stm32f746xx.o(RESET)
 <LI><a href="#[5f]">OTG_HS_EP1_OUT_IRQHandler</a> from startup_stm32f746xx.o(.text) referenced from startup_stm32f746xx.o(RESET)
 <LI><a href="#[62]">OTG_HS_IRQHandler</a> from startup_stm32f746xx.o(.text) referenced from startup_stm32f746xx.o(RESET)
 <LI><a href="#[61]">OTG_HS_WKUP_IRQHandler</a> from startup_stm32f746xx.o(.text) referenced from startup_stm32f746xx.o(RESET)
 <LI><a href="#[16]">PVD_IRQHandler</a> from startup_stm32f746xx.o(.text) referenced from startup_stm32f746xx.o(RESET)
 <LI><a href="#[13]">PendSV_Handler</a> from port.o(.emb_text) referenced from startup_stm32f746xx.o(RESET)
 <LI><a href="#[79]">QSPI_DMAAbortCplt</a> from stm32f7xx_hal_qspi.o(i.QSPI_DMAAbortCplt) referenced from stm32f7xx_hal_qspi.o(i.HAL_QSPI_Abort_IT)
 <LI><a href="#[79]">QSPI_DMAAbortCplt</a> from stm32f7xx_hal_qspi.o(i.QSPI_DMAAbortCplt) referenced from stm32f7xx_hal_qspi.o(i.HAL_QSPI_IRQHandler)
 <LI><a href="#[70]">QUADSPI_IRQHandler</a> from stm32f7xx_it.o(i.QUADSPI_IRQHandler) referenced from startup_stm32f746xx.o(RESET)
 <LI><a href="#[1a]">RCC_IRQHandler</a> from startup_stm32f746xx.o(.text) referenced from startup_stm32f746xx.o(RESET)
 <LI><a href="#[64]">RNG_IRQHandler</a> from startup_stm32f746xx.o(.text) referenced from startup_stm32f746xx.o(RESET)
 <LI><a href="#[3e]">RTC_Alarm_IRQHandler</a> from startup_stm32f746xx.o(.text) referenced from startup_stm32f746xx.o(RESET)
 <LI><a href="#[18]">RTC_WKUP_IRQHandler</a> from startup_stm32f746xx.o(.text) referenced from startup_stm32f746xx.o(RESET)
 <LI><a href="#[b]">Reset_Handler</a> from startup_stm32f746xx.o(.text) referenced from startup_stm32f746xx.o(RESET)
 <LI><a href="#[6b]">SAI1_IRQHandler</a> from startup_stm32f746xx.o(.text) referenced from startup_stm32f746xx.o(RESET)
 <LI><a href="#[6f]">SAI2_IRQHandler</a> from startup_stm32f746xx.o(.text) referenced from startup_stm32f746xx.o(RESET)
 <LI><a href="#[46]">SDMMC1_IRQHandler</a> from startup_stm32f746xx.o(.text) referenced from startup_stm32f746xx.o(RESET)
 <LI><a href="#[75]">SPDIF_RX_IRQHandler</a> from startup_stm32f746xx.o(.text) referenced from startup_stm32f746xx.o(RESET)
 <LI><a href="#[38]">SPI1_IRQHandler</a> from startup_stm32f746xx.o(.text) referenced from startup_stm32f746xx.o(RESET)
 <LI><a href="#[39]">SPI2_IRQHandler</a> from startup_stm32f746xx.o(.text) referenced from startup_stm32f746xx.o(RESET)
 <LI><a href="#[48]">SPI3_IRQHandler</a> from startup_stm32f746xx.o(.text) referenced from startup_stm32f746xx.o(RESET)
 <LI><a href="#[68]">SPI4_IRQHandler</a> from startup_stm32f746xx.o(.text) referenced from startup_stm32f746xx.o(RESET)
 <LI><a href="#[69]">SPI5_IRQHandler</a> from startup_stm32f746xx.o(.text) referenced from startup_stm32f746xx.o(RESET)
 <LI><a href="#[6a]">SPI6_IRQHandler</a> from startup_stm32f746xx.o(.text) referenced from startup_stm32f746xx.o(RESET)
 <LI><a href="#[11]">SVC_Handler</a> from port.o(.emb_text) referenced from startup_stm32f746xx.o(RESET)
 <LI><a href="#[8b]">StartDefaultTask</a> from freertos.o(i.StartDefaultTask) referenced from freertos.o(.constdata)
 <LI><a href="#[14]">SysTick_Handler</a> from port.o(i.SysTick_Handler) referenced from startup_stm32f746xx.o(RESET)
 <LI><a href="#[77]">SystemInit</a> from system_stm32f7xx.o(i.SystemInit) referenced from startup_stm32f746xx.o(.text)
 <LI><a href="#[17]">TAMP_STAMP_IRQHandler</a> from startup_stm32f746xx.o(.text) referenced from startup_stm32f746xx.o(RESET)
 <LI><a href="#[2d]">TIM1_BRK_TIM9_IRQHandler</a> from startup_stm32f746xx.o(.text) referenced from startup_stm32f746xx.o(RESET)
 <LI><a href="#[30]">TIM1_CC_IRQHandler</a> from startup_stm32f746xx.o(.text) referenced from startup_stm32f746xx.o(RESET)
 <LI><a href="#[2f]">TIM1_TRG_COM_TIM11_IRQHandler</a> from startup_stm32f746xx.o(.text) referenced from startup_stm32f746xx.o(RESET)
 <LI><a href="#[2e]">TIM1_UP_TIM10_IRQHandler</a> from startup_stm32f746xx.o(.text) referenced from startup_stm32f746xx.o(RESET)
 <LI><a href="#[31]">TIM2_IRQHandler</a> from startup_stm32f746xx.o(.text) referenced from startup_stm32f746xx.o(RESET)
 <LI><a href="#[32]">TIM3_IRQHandler</a> from startup_stm32f746xx.o(.text) referenced from startup_stm32f746xx.o(RESET)
 <LI><a href="#[33]">TIM4_IRQHandler</a> from startup_stm32f746xx.o(.text) referenced from startup_stm32f746xx.o(RESET)
 <LI><a href="#[47]">TIM5_IRQHandler</a> from startup_stm32f746xx.o(.text) referenced from startup_stm32f746xx.o(RESET)
 <LI><a href="#[4b]">TIM6_DAC_IRQHandler</a> from stm32f7xx_it.o(i.TIM6_DAC_IRQHandler) referenced from startup_stm32f746xx.o(RESET)
 <LI><a href="#[4c]">TIM7_IRQHandler</a> from stm32f7xx_it.o(i.TIM7_IRQHandler) referenced from startup_stm32f746xx.o(RESET)
 <LI><a href="#[40]">TIM8_BRK_TIM12_IRQHandler</a> from startup_stm32f746xx.o(.text) referenced from startup_stm32f746xx.o(RESET)
 <LI><a href="#[43]">TIM8_CC_IRQHandler</a> from startup_stm32f746xx.o(.text) referenced from startup_stm32f746xx.o(RESET)
 <LI><a href="#[42]">TIM8_TRG_COM_TIM14_IRQHandler</a> from startup_stm32f746xx.o(.text) referenced from startup_stm32f746xx.o(RESET)
 <LI><a href="#[41]">TIM8_UP_TIM13_IRQHandler</a> from startup_stm32f746xx.o(.text) referenced from startup_stm32f746xx.o(RESET)
 <LI><a href="#[49]">UART4_IRQHandler</a> from startup_stm32f746xx.o(.text) referenced from startup_stm32f746xx.o(RESET)
 <LI><a href="#[4a]">UART5_IRQHandler</a> from startup_stm32f746xx.o(.text) referenced from startup_stm32f746xx.o(RESET)
 <LI><a href="#[66]">UART7_IRQHandler</a> from startup_stm32f746xx.o(.text) referenced from startup_stm32f746xx.o(RESET)
 <LI><a href="#[67]">UART8_IRQHandler</a> from startup_stm32f746xx.o(.text) referenced from startup_stm32f746xx.o(RESET)
 <LI><a href="#[3a]">USART1_IRQHandler</a> from startup_stm32f746xx.o(.text) referenced from startup_stm32f746xx.o(RESET)
 <LI><a href="#[3b]">USART2_IRQHandler</a> from startup_stm32f746xx.o(.text) referenced from startup_stm32f746xx.o(RESET)
 <LI><a href="#[3c]">USART3_IRQHandler</a> from startup_stm32f746xx.o(.text) referenced from startup_stm32f746xx.o(RESET)
 <LI><a href="#[5c]">USART6_IRQHandler</a> from startup_stm32f746xx.o(.text) referenced from startup_stm32f746xx.o(RESET)
 <LI><a href="#[10]">UsageFault_Handler</a> from stm32f7xx_it.o(i.UsageFault_Handler) referenced from startup_stm32f746xx.o(RESET)
 <LI><a href="#[15]">WWDG_IRQHandler</a> from startup_stm32f746xx.o(.text) referenced from startup_stm32f746xx.o(RESET)
 <LI><a href="#[86]">IdleTaskHook(void*)</a> from oswrappers.o(i._Z12IdleTaskHookPv) referenced from oswrappers.o(i.vApplicationIdleHook)
 <LI><a href="#[7d]">DMA2D_XferCpltCallback(__DMA2D_HandleTypeDef*)</a> from stm32f7dma.o(i._Z22DMA2D_XferCpltCallbackP21__DMA2D_HandleTypeDef) referenced from stm32f7dma.o(i._ZN10STM32F7DMA10initializeEv)
 <LI><a href="#[7e]">DMA2D_XferErrorCallback(__DMA2D_HandleTypeDef*)</a> from stm32f7dma.o(i._Z23DMA2D_XferErrorCallbackP21__DMA2D_HandleTypeDef) referenced from stm32f7dma.o(i._ZN10STM32F7DMA10initializeEv)
 <LI><a href="#[aa]">STM32F7DMA::initialize()</a> from stm32f7dma.o(i._ZN10STM32F7DMA10initializeEv) referenced from stm32f7dma.o(.constdata__ZTV10STM32F7DMA)
 <LI><a href="#[a7]">STM32F7DMA::getBlitCaps()</a> from stm32f7dma.o(i._ZN10STM32F7DMA11getBlitCapsEv) referenced from stm32f7dma.o(.constdata__ZTV10STM32F7DMA)
 <LI><a href="#[b0]">STM32F7DMA::setupDataCopy(const touchgfx::BlitOp&)</a> from stm32f7dma.o(i._ZN10STM32F7DMA13setupDataCopyERKN8touchgfx6BlitOpE) referenced from stm32f7dma.o(.constdata__ZTV10STM32F7DMA)
 <LI><a href="#[b1]">STM32F7DMA::setupDataFill(const touchgfx::BlitOp&)</a> from stm32f7dma.o(i._ZN10STM32F7DMA13setupDataFillERKN8touchgfx6BlitOpE) referenced from stm32f7dma.o(.constdata__ZTV10STM32F7DMA)
 <LI><a href="#[ac]">STM32F7DMA::signalDMAInterrupt()</a> from stm32f7dma.o(i._ZN10STM32F7DMA18signalDMAInterruptEv) referenced from stm32f7dma.o(.constdata__ZTV10STM32F7DMA)
 <LI><a href="#[ab]">STM32F7DMA::start()</a> from stm32f7dma.o(i._ZN10STM32F7DMA5startEv) referenced from stm32f7dma.o(.constdata__ZTV10STM32F7DMA)
 <LI><a href="#[81]">STM32F7DMA::~STM32F7DMA()</a> from stm32f7dma.o(i._ZN10STM32F7DMAD1Ev) referenced from stm32f7dma.o(.constdata__ZTV10STM32F7DMA)
 <LI><a href="#[81]">STM32F7DMA::~STM32F7DMA()</a> from stm32f7dma.o(i._ZN10STM32F7DMAD1Ev) referenced from boardconfiguration.o(i.__sti___22_BoardConfiguration_cpp_2f1c5dae)
 <LI><a href="#[c6]">STM32F7HAL::enableInterrupts()</a> from stm32f7hal.o(i._ZN10STM32F7HAL16enableInterruptsEv) referenced from stm32f7hal.o(.constdata__ZTV10STM32F7HAL)
 <LI><a href="#[b6]">STM32F7HAL::flushFrameBuffer(const touchgfx::Rect&)</a> from stm32f7hal.o(i._ZN10STM32F7HAL16flushFrameBufferERKN8touchgfx4RectE) referenced from stm32f7hal.o(.constdata__ZTV10STM32F7HAL)
 <LI><a href="#[c7]">STM32F7HAL::disableInterrupts()</a> from stm32f7hal.o(i._ZN10STM32F7HAL17disableInterruptsEv) referenced from stm32f7hal.o(.constdata__ZTV10STM32F7HAL)
 <LI><a href="#[cb]">STM32F7HAL::getTFTCurrentLine()</a> from stm32f7hal.o(i._ZN10STM32F7HAL17getTFTCurrentLineEv) referenced from stm32f7hal.o(.constdata__ZTV10STM32F7HAL)
 <LI><a href="#[cf]">STM32F7HAL::setTFTFrameBuffer(unsigned short*)</a> from stm32f7hal.o(i._ZN10STM32F7HAL17setTFTFrameBufferEPt) referenced from stm32f7hal.o(.constdata__ZTV10STM32F7HAL)
 <LI><a href="#[c5]">STM32F7HAL::configureInterrupts()</a> from stm32f7hal.o(i._ZN10STM32F7HAL19configureInterruptsEv) referenced from stm32f7hal.o(.constdata__ZTV10STM32F7HAL)
 <LI><a href="#[c8]">STM32F7HAL::enableLCDControllerInterrupt()</a> from stm32f7hal.o(i._ZN10STM32F7HAL28enableLCDControllerInterruptEv) referenced from stm32f7hal.o(.constdata__ZTV10STM32F7HAL)
 <LI><a href="#[88]">STM32F7HAL::~STM32F7HAL()</a> from boardconfiguration.o(i._ZN10STM32F7HALD1Ev) referenced from stm32f7hal.o(.constdata__ZTV10STM32F7HAL)
 <LI><a href="#[88]">STM32F7HAL::~STM32F7HAL()</a> from boardconfiguration.o(i._ZN10STM32F7HALD1Ev) referenced from boardconfiguration.o(t._ZN8touchgfx21touchgfx_generic_initI10STM32F7HALEERNS_3HALERNS_13DMA_InterfaceERNS_3LCDERNS_15TouchControllerEssPtjj)
 <LI><a href="#[d5]">Screen1View::setupScreen()</a> from screen1view.o(i._ZN11Screen1View11setupScreenEv) referenced from screen1view.o(.constdata__ZTV11Screen1View)
 <LI><a href="#[d7]">Screen1View::tearDownScreen()</a> from screen1view.o(i._ZN11Screen1View14tearDownScreenEv) referenced from screen1view.o(.constdata__ZTV11Screen1View)
 <LI><a href="#[d3]">Screen1View::~Screen1View()</a> from screen1view.o(i._ZN11Screen1ViewD1Ev) referenced from screen1view.o(.constdata__ZTV11Screen1View)
 <LI><a href="#[89]">FrontendHeap::~FrontendHeap()</a> from boardconfiguration.o(i._ZN12FrontendHeapD1Ev) referenced from boardconfiguration.o(.constdata__ZTV12FrontendHeap)
 <LI><a href="#[89]">FrontendHeap::~FrontendHeap()</a> from boardconfiguration.o(i._ZN12FrontendHeapD1Ev) referenced from boardconfiguration.o(t._ZN8touchgfx21touchgfx_generic_initI10STM32F7HALEERNS_3HALERNS_13DMA_InterfaceERNS_3LCDERNS_15TouchControllerEssPtjj)
 <LI><a href="#[de]">Screen1ViewBase::setupScreen()</a> from screen1viewbase.o(i._ZN15Screen1ViewBase11setupScreenEv) referenced from screen1viewbase.o(.constdata__ZTV15Screen1ViewBase)
 <LI><a href="#[dd]">Screen1ViewBase::~Screen1ViewBase()</a> from screen1viewbase.o(i._ZN15Screen1ViewBaseD1Ev) referenced from screen1viewbase.o(.constdata__ZTV15Screen1ViewBase)
 <LI><a href="#[e1]">Screen1Presenter::deactivate()</a> from screen1presenter.o(i._ZN16Screen1Presenter10deactivateEv) referenced from screen1presenter.o(.constdata__ZTV16Screen1Presenter)
 <LI><a href="#[e0]">Screen1Presenter::activate()</a> from screen1presenter.o(i._ZN16Screen1Presenter8activateEv) referenced from screen1presenter.o(.constdata__ZTV16Screen1Presenter)
 <LI><a href="#[e2]">Screen1Presenter::~Screen1Presenter()</a> from screen1presenter.o(i._ZN16Screen1PresenterD1Ev) referenced from screen1presenter.o(.constdata__ZTV16Screen1Presenter)
 <LI><a href="#[e7]">FrontendApplication::handleTickEvent()</a> from frontendapplication.o(i._ZN19FrontendApplication15handleTickEventEv) referenced from frontendapplication.o(.constdata__ZTV19FrontendApplication)
 <LI><a href="#[80]">ApplicationFontProvider::~ApplicationFontProvider()</a> from boardconfiguration.o(i._ZN23ApplicationFontProviderD1Ev) referenced from applicationfontprovider.o(.constdata__ZTV23ApplicationFontProvider)
 <LI><a href="#[80]">ApplicationFontProvider::~ApplicationFontProvider()</a> from boardconfiguration.o(i._ZN23ApplicationFontProviderD1Ev) referenced from boardconfiguration.o(i.__sti___22_BoardConfiguration_cpp_2f1c5dae)
 <LI><a href="#[a6]">FrontendApplicationBase::gotoScreen1ScreenNoTransitionImpl()</a> from frontendapplicationbase.o(i._ZN23FrontendApplicationBase33gotoScreen1ScreenNoTransitionImplEv) referenced from frontendapplicationbase.o(.constdata)
 <LI><a href="#[ed]">FrontendApplicationBase::~FrontendApplicationBase()</a> from boardconfiguration.o(i._ZN23FrontendApplicationBaseD1Ev) referenced from boardconfiguration.o(.constdata__ZTV23FrontendApplicationBase)
 <LI><a href="#[f3]">touchgfx::Transition::setScreenContainer(touchgfx::Container&)</a> from frontendapplicationbase.o(i._ZN8touchgfx10Transition18setScreenContainerERNS_9ContainerE) referenced from frontendapplicationbase.o(.constdata__ZTVN8touchgfx12NoTransitionE)
 <LI><a href="#[f2]">touchgfx::Transition::init()</a> from frontendapplicationbase.o(i._ZN8touchgfx10Transition4initEv) referenced from frontendapplicationbase.o(.constdata__ZTVN8touchgfx12NoTransitionE)
 <LI><a href="#[f1]">touchgfx::Transition::tearDown()</a> from frontendapplicationbase.o(i._ZN8touchgfx10Transition8tearDownEv) referenced from frontendapplicationbase.o(.constdata__ZTVN8touchgfx12NoTransitionE)
 <LI><a href="#[e6]">touchgfx::Application::handleKeyEvent(unsigned char)</a> from application.o(i._ZN8touchgfx11Application14handleKeyEventEh) referenced from frontendapplication.o(.constdata__ZTV19FrontendApplication)
 <LI><a href="#[e6]">touchgfx::Application::handleKeyEvent(unsigned char)</a> from application.o(i._ZN8touchgfx11Application14handleKeyEventEh) referenced from boardconfiguration.o(.constdata__ZTV23FrontendApplicationBase)
 <LI><a href="#[e6]">touchgfx::Application::handleKeyEvent(unsigned char)</a> from application.o(i._ZN8touchgfx11Application14handleKeyEventEh) referenced from application.o(.constdata__ZTVN8touchgfx11ApplicationE)
 <LI><a href="#[e6]">touchgfx::Application::handleKeyEvent(unsigned char)</a> from application.o(i._ZN8touchgfx11Application14handleKeyEventEh) referenced from frontendapplicationbase.o(.constdata__ZTVN8touchgfx14MVPApplicationE)
 <LI><a href="#[e4]">touchgfx::Application::handleDragEvent(const touchgfx::DragEvent&)</a> from application.o(i._ZN8touchgfx11Application15handleDragEventERKNS_9DragEventE) referenced from frontendapplication.o(.constdata__ZTV19FrontendApplication)
 <LI><a href="#[e4]">touchgfx::Application::handleDragEvent(const touchgfx::DragEvent&)</a> from application.o(i._ZN8touchgfx11Application15handleDragEventERKNS_9DragEventE) referenced from boardconfiguration.o(.constdata__ZTV23FrontendApplicationBase)
 <LI><a href="#[e4]">touchgfx::Application::handleDragEvent(const touchgfx::DragEvent&)</a> from application.o(i._ZN8touchgfx11Application15handleDragEventERKNS_9DragEventE) referenced from application.o(.constdata__ZTVN8touchgfx11ApplicationE)
 <LI><a href="#[e4]">touchgfx::Application::handleDragEvent(const touchgfx::DragEvent&)</a> from application.o(i._ZN8touchgfx11Application15handleDragEventERKNS_9DragEventE) referenced from frontendapplicationbase.o(.constdata__ZTVN8touchgfx14MVPApplicationE)
 <LI><a href="#[ec]">touchgfx::Application::handleTickEvent()</a> from application.o(i._ZN8touchgfx11Application15handleTickEventEv) referenced from boardconfiguration.o(.constdata__ZTV23FrontendApplicationBase)
 <LI><a href="#[ec]">touchgfx::Application::handleTickEvent()</a> from application.o(i._ZN8touchgfx11Application15handleTickEventEv) referenced from application.o(.constdata__ZTVN8touchgfx11ApplicationE)
 <LI><a href="#[ec]">touchgfx::Application::handleTickEvent()</a> from application.o(i._ZN8touchgfx11Application15handleTickEventEv) referenced from frontendapplicationbase.o(.constdata__ZTVN8touchgfx14MVPApplicationE)
 <LI><a href="#[e3]">touchgfx::Application::handleClickEvent(const touchgfx::ClickEvent&)</a> from application.o(i._ZN8touchgfx11Application16handleClickEventERKNS_10ClickEventE) referenced from frontendapplication.o(.constdata__ZTV19FrontendApplication)
 <LI><a href="#[e3]">touchgfx::Application::handleClickEvent(const touchgfx::ClickEvent&)</a> from application.o(i._ZN8touchgfx11Application16handleClickEventERKNS_10ClickEventE) referenced from boardconfiguration.o(.constdata__ZTV23FrontendApplicationBase)
 <LI><a href="#[e3]">touchgfx::Application::handleClickEvent(const touchgfx::ClickEvent&)</a> from application.o(i._ZN8touchgfx11Application16handleClickEventERKNS_10ClickEventE) referenced from application.o(.constdata__ZTVN8touchgfx11ApplicationE)
 <LI><a href="#[e3]">touchgfx::Application::handleClickEvent(const touchgfx::ClickEvent&)</a> from application.o(i._ZN8touchgfx11Application16handleClickEventERKNS_10ClickEventE) referenced from frontendapplicationbase.o(.constdata__ZTVN8touchgfx14MVPApplicationE)
 <LI><a href="#[e5]">touchgfx::Application::handleGestureEvent(const touchgfx::GestureEvent&)</a> from application.o(i._ZN8touchgfx11Application18handleGestureEventERKNS_12GestureEventE) referenced from frontendapplication.o(.constdata__ZTV19FrontendApplication)
 <LI><a href="#[e5]">touchgfx::Application::handleGestureEvent(const touchgfx::GestureEvent&)</a> from application.o(i._ZN8touchgfx11Application18handleGestureEventERKNS_12GestureEventE) referenced from boardconfiguration.o(.constdata__ZTV23FrontendApplicationBase)
 <LI><a href="#[e5]">touchgfx::Application::handleGestureEvent(const touchgfx::GestureEvent&)</a> from application.o(i._ZN8touchgfx11Application18handleGestureEventERKNS_12GestureEventE) referenced from application.o(.constdata__ZTVN8touchgfx11ApplicationE)
 <LI><a href="#[e5]">touchgfx::Application::handleGestureEvent(const touchgfx::GestureEvent&)</a> from application.o(i._ZN8touchgfx11Application18handleGestureEventERKNS_12GestureEventE) referenced from frontendapplicationbase.o(.constdata__ZTVN8touchgfx14MVPApplicationE)
 <LI><a href="#[eb]">touchgfx::Application::cacheDrawOperations(bool)</a> from application.o(i._ZN8touchgfx11Application19cacheDrawOperationsEb) referenced from frontendapplication.o(.constdata__ZTV19FrontendApplication)
 <LI><a href="#[eb]">touchgfx::Application::cacheDrawOperations(bool)</a> from application.o(i._ZN8touchgfx11Application19cacheDrawOperationsEb) referenced from boardconfiguration.o(.constdata__ZTV23FrontendApplicationBase)
 <LI><a href="#[eb]">touchgfx::Application::cacheDrawOperations(bool)</a> from application.o(i._ZN8touchgfx11Application19cacheDrawOperationsEb) referenced from application.o(.constdata__ZTVN8touchgfx11ApplicationE)
 <LI><a href="#[eb]">touchgfx::Application::cacheDrawOperations(bool)</a> from application.o(i._ZN8touchgfx11Application19cacheDrawOperationsEb) referenced from frontendapplicationbase.o(.constdata__ZTVN8touchgfx14MVPApplicationE)
 <LI><a href="#[ee]">touchgfx::Application::handlePendingScreenTransition()</a> from application.o(i._ZN8touchgfx11Application29handlePendingScreenTransitionEv) referenced from application.o(.constdata__ZTVN8touchgfx11ApplicationE)
 <LI><a href="#[ea]">touchgfx::Application::draw(touchgfx::Rect&)</a> from application.o(i._ZN8touchgfx11Application4drawERNS_4RectE) referenced from frontendapplication.o(.constdata__ZTV19FrontendApplication)
 <LI><a href="#[ea]">touchgfx::Application::draw(touchgfx::Rect&)</a> from application.o(i._ZN8touchgfx11Application4drawERNS_4RectE) referenced from boardconfiguration.o(.constdata__ZTV23FrontendApplicationBase)
 <LI><a href="#[ea]">touchgfx::Application::draw(touchgfx::Rect&)</a> from application.o(i._ZN8touchgfx11Application4drawERNS_4RectE) referenced from application.o(.constdata__ZTVN8touchgfx11ApplicationE)
 <LI><a href="#[ea]">touchgfx::Application::draw(touchgfx::Rect&)</a> from application.o(i._ZN8touchgfx11Application4drawERNS_4RectE) referenced from frontendapplicationbase.o(.constdata__ZTVN8touchgfx14MVPApplicationE)
 <LI><a href="#[e9]">touchgfx::Application::draw()</a> from application.o(i._ZN8touchgfx11Application4drawEv) referenced from frontendapplication.o(.constdata__ZTV19FrontendApplication)
 <LI><a href="#[e9]">touchgfx::Application::draw()</a> from application.o(i._ZN8touchgfx11Application4drawEv) referenced from boardconfiguration.o(.constdata__ZTV23FrontendApplicationBase)
 <LI><a href="#[e9]">touchgfx::Application::draw()</a> from application.o(i._ZN8touchgfx11Application4drawEv) referenced from application.o(.constdata__ZTVN8touchgfx11ApplicationE)
 <LI><a href="#[e9]">touchgfx::Application::draw()</a> from application.o(i._ZN8touchgfx11Application4drawEv) referenced from frontendapplicationbase.o(.constdata__ZTVN8touchgfx14MVPApplicationE)
 <LI><a href="#[f0]">touchgfx::NoTransition::handleTickEvent()</a> from frontendapplicationbase.o(i._ZN8touchgfx12NoTransition15handleTickEventEv) referenced from frontendapplicationbase.o(.constdata__ZTVN8touchgfx12NoTransitionE)
 <LI><a href="#[ef]">touchgfx::NoTransition::~NoTransition()</a> from frontendapplicationbase.o(i._ZN8touchgfx12NoTransitionD1Ev) referenced from frontendapplicationbase.o(.constdata__ZTVN8touchgfx12NoTransitionE)
 <LI><a href="#[a8]">touchgfx::DMA_Interface::addToQueue(const touchgfx::BlitOp&)</a> from dma.o(i._ZN8touchgfx13DMA_Interface10addToQueueERKNS_6BlitOpE) referenced from stm32f7dma.o(.constdata__ZTV10STM32F7DMA)
 <LI><a href="#[b2]">touchgfx::DMA_Interface::enableAlpha(unsigned char)</a> from dma.o(i._ZN8touchgfx13DMA_Interface11enableAlphaEh) referenced from stm32f7dma.o(.constdata__ZTV10STM32F7DMA)
 <LI><a href="#[b3]">touchgfx::DMA_Interface::disableAlpha()</a> from dma.o(i._ZN8touchgfx13DMA_Interface12disableAlphaEv) referenced from stm32f7dma.o(.constdata__ZTV10STM32F7DMA)
 <LI><a href="#[af]">touchgfx::DMA_Interface::seedExecution()</a> from dma.o(i._ZN8touchgfx13DMA_Interface13seedExecutionEv) referenced from stm32f7dma.o(.constdata__ZTV10STM32F7DMA)
 <LI><a href="#[ae]">touchgfx::DMA_Interface::executeCompleted()</a> from dma.o(i._ZN8touchgfx13DMA_Interface16executeCompletedEv) referenced from stm32f7dma.o(.constdata__ZTV10STM32F7DMA)
 <LI><a href="#[b4]">touchgfx::DMA_Interface::waitForFrameBufferSemaphore()</a> from dma.o(i._ZN8touchgfx13DMA_Interface27waitForFrameBufferSemaphoreEv) referenced from stm32f7dma.o(.constdata__ZTV10STM32F7DMA)
 <LI><a href="#[a9]">touchgfx::DMA_Interface::flush()</a> from stm32f7dma.o(i._ZN8touchgfx13DMA_Interface5flushEv) referenced from stm32f7dma.o(.constdata__ZTV10STM32F7DMA)
 <LI><a href="#[ad]">touchgfx::DMA_Interface::execute()</a> from dma.o(i._ZN8touchgfx13DMA_Interface7executeEv) referenced from stm32f7dma.o(.constdata__ZTV10STM32F7DMA)
 <LI><a href="#[122]">touchgfx::AbstractButton::handleClickEvent(const touchgfx::ClickEvent&)</a> from abstractbutton.o(i._ZN8touchgfx14AbstractButton16handleClickEventERKNS_10ClickEventE) referenced from button.o(.constdata__ZTVN8touchgfx6ButtonE)
 <LI><a href="#[e8]">touchgfx::MVPApplication::handlePendingScreenTransition()</a> from boardconfiguration.o(i._ZN8touchgfx14MVPApplication29handlePendingScreenTransitionEv) referenced from frontendapplication.o(.constdata__ZTV19FrontendApplication)
 <LI><a href="#[e8]">touchgfx::MVPApplication::handlePendingScreenTransition()</a> from boardconfiguration.o(i._ZN8touchgfx14MVPApplication29handlePendingScreenTransitionEv) referenced from boardconfiguration.o(.constdata__ZTV23FrontendApplicationBase)
 <LI><a href="#[e8]">touchgfx::MVPApplication::handlePendingScreenTransition()</a> from boardconfiguration.o(i._ZN8touchgfx14MVPApplication29handlePendingScreenTransitionEv) referenced from frontendapplicationbase.o(.constdata__ZTVN8touchgfx14MVPApplicationE)
 <LI><a href="#[f4]">touchgfx::AbstractPartition::~AbstractPartition__sub_object()</a> from abstractpartition.o(i._ZN8touchgfx17AbstractPartitionD2Ev) referenced from abstractpartition.o(.constdata__ZTVN8touchgfx17AbstractPartitionE)
 <LI><a href="#[7c]">touchgfx::InternalFlashFont::~InternalFlashFont()</a> from fontgetters.o(i._ZN8touchgfx17InternalFlashFontD1Ev) referenced from internalflashfont.o(.constdata__ZTVN8touchgfx17InternalFlashFontE)
 <LI><a href="#[7c]">touchgfx::InternalFlashFont::~InternalFlashFont()</a> from fontgetters.o(i._ZN8touchgfx17InternalFlashFontD1Ev) referenced from fontgetters.o(i._Z23getFont_verdana_10_4bppv)
 <LI><a href="#[7c]">touchgfx::InternalFlashFont::~InternalFlashFont()</a> from fontgetters.o(i._ZN8touchgfx17InternalFlashFontD1Ev) referenced from fontgetters.o(i._Z23getFont_verdana_20_4bppv)
 <LI><a href="#[7c]">touchgfx::InternalFlashFont::~InternalFlashFont()</a> from fontgetters.o(i._ZN8touchgfx17InternalFlashFontD1Ev) referenced from fontgetters.o(i._Z23getFont_verdana_40_4bppv)
 <LI><a href="#[102]">touchgfx::LockFreeDMA_Queue::pushCopyOf(const touchgfx::BlitOp&)</a> from dma.o(i._ZN8touchgfx17LockFreeDMA_Queue10pushCopyOfERKNS_6BlitOpE) referenced from dma.o(.constdata__ZTVN8touchgfx17LockFreeDMA_QueueE)
 <LI><a href="#[103]">touchgfx::LockFreeDMA_Queue::pop()</a> from dma.o(i._ZN8touchgfx17LockFreeDMA_Queue3popEv) referenced from dma.o(.constdata__ZTVN8touchgfx17LockFreeDMA_QueueE)
 <LI><a href="#[104]">touchgfx::LockFreeDMA_Queue::first()</a> from dma.o(i._ZN8touchgfx17LockFreeDMA_Queue5firstEv) referenced from dma.o(.constdata__ZTVN8touchgfx17LockFreeDMA_QueueE)
 <LI><a href="#[101]">touchgfx::LockFreeDMA_Queue::isFull()</a> from dma.o(i._ZN8touchgfx17LockFreeDMA_Queue6isFullEv) referenced from dma.o(.constdata__ZTVN8touchgfx17LockFreeDMA_QueueE)
 <LI><a href="#[100]">touchgfx::LockFreeDMA_Queue::isEmpty()</a> from dma.o(i._ZN8touchgfx17LockFreeDMA_Queue7isEmptyEv) referenced from dma.o(.constdata__ZTVN8touchgfx17LockFreeDMA_QueueE)
 <LI><a href="#[108]">touchgfx::MCUInstrumentation::getCCConsumed()</a> from stm32f7instrumentation.o(i._ZN8touchgfx18MCUInstrumentation13getCCConsumedEv) referenced from stm32f7instrumentation.o(.constdata__ZTVN8touchgfx22STM32F7InstrumentationE)
 <LI><a href="#[109]">touchgfx::MCUInstrumentation::setCCConsumed(unsigned)</a> from stm32f7instrumentation.o(i._ZN8touchgfx18MCUInstrumentation13setCCConsumedEj) referenced from stm32f7instrumentation.o(.constdata__ZTVN8touchgfx22STM32F7InstrumentationE)
 <LI><a href="#[106]">touchgfx::STM32F7Instrumentation::getCPUCycles()</a> from stm32f7instrumentation.o(i._ZN8touchgfx22STM32F7Instrumentation12getCPUCyclesEv) referenced from stm32f7instrumentation.o(.constdata__ZTVN8touchgfx22STM32F7InstrumentationE)
 <LI><a href="#[107]">touchgfx::STM32F7Instrumentation::setMCUActive(bool)</a> from stm32f7instrumentation.o(i._ZN8touchgfx22STM32F7Instrumentation12setMCUActiveEb) referenced from stm32f7instrumentation.o(.constdata__ZTVN8touchgfx22STM32F7InstrumentationE)
 <LI><a href="#[105]">touchgfx::STM32F7Instrumentation::init()</a> from stm32f7instrumentation.o(i._ZN8touchgfx22STM32F7Instrumentation4initEv) referenced from stm32f7instrumentation.o(.constdata__ZTVN8touchgfx22STM32F7InstrumentationE)
 <LI><a href="#[83]">touchgfx::STM32F7Instrumentation::~STM32F7Instrumentation()</a> from boardconfiguration.o(i._ZN8touchgfx22STM32F7InstrumentationD1Ev) referenced from stm32f7instrumentation.o(.constdata__ZTVN8touchgfx22STM32F7InstrumentationE)
 <LI><a href="#[83]">touchgfx::STM32F7Instrumentation::~STM32F7Instrumentation()</a> from boardconfiguration.o(i._ZN8touchgfx22STM32F7InstrumentationD1Ev) referenced from boardconfiguration.o(i.__sti___22_BoardConfiguration_cpp_2f1c5dae)
 <LI><a href="#[10b]">touchgfx::STM32F7TouchController::sampleTouch(int&, int&)</a> from stm32f7touchcontroller.o(i._ZN8touchgfx22STM32F7TouchController11sampleTouchERiS1_) referenced from stm32f7touchcontroller.o(.constdata__ZTVN8touchgfx22STM32F7TouchControllerE)
 <LI><a href="#[10a]">touchgfx::STM32F7TouchController::init()</a> from stm32f7touchcontroller.o(i._ZN8touchgfx22STM32F7TouchController4initEv) referenced from stm32f7touchcontroller.o(.constdata__ZTVN8touchgfx22STM32F7TouchControllerE)
 <LI><a href="#[82]">touchgfx::STM32F7TouchController::~STM32F7TouchController()</a> from boardconfiguration.o(i._ZN8touchgfx22STM32F7TouchControllerD1Ev) referenced from stm32f7touchcontroller.o(.constdata__ZTVN8touchgfx22STM32F7TouchControllerE)
 <LI><a href="#[82]">touchgfx::STM32F7TouchController::~STM32F7TouchController()</a> from boardconfiguration.o(i._ZN8touchgfx22STM32F7TouchControllerD1Ev) referenced from boardconfiguration.o(i.__sti___22_BoardConfiguration_cpp_2f1c5dae)
 <LI><a href="#[cd]">touchgfx::HAL::beginFrame()</a> from hal.o(i._ZN8touchgfx3HAL10beginFrameEv) referenced from stm32f7hal.o(.constdata__ZTV10STM32F7HAL)
 <LI><a href="#[cd]">touchgfx::HAL::beginFrame()</a> from hal.o(i._ZN8touchgfx3HAL10beginFrameEv) referenced from hal.o(.constdata__ZTVN8touchgfx3HALE)
 <LI><a href="#[be]">touchgfx::HAL::getBlitCaps()</a> from stm32f7hal.o(i._ZN8touchgfx3HAL11getBlitCapsEv) referenced from stm32f7hal.o(.constdata__ZTV10STM32F7HAL)
 <LI><a href="#[be]">touchgfx::HAL::getBlitCaps()</a> from stm32f7hal.o(i._ZN8touchgfx3HAL11getBlitCapsEv) referenced from hal.o(.constdata__ZTVN8touchgfx3HALE)
 <LI><a href="#[c1]">touchgfx::HAL::blitCopyGlyph(const unsigned char*, unsigned short, unsigned short, unsigned short, unsigned short, unsigned short, touchgfx::colortype, unsigned char, touchgfx::BlitOperations)</a> from hal.o(i._ZN8touchgfx3HAL13blitCopyGlyphEPKhtttttNS_9colortypeEhNS_14BlitOperationsE) referenced from stm32f7hal.o(.constdata__ZTV10STM32F7HAL)
 <LI><a href="#[c1]">touchgfx::HAL::blitCopyGlyph(const unsigned char*, unsigned short, unsigned short, unsigned short, unsigned short, unsigned short, touchgfx::colortype, unsigned char, touchgfx::BlitOperations)</a> from hal.o(i._ZN8touchgfx3HAL13blitCopyGlyphEPKhtttttNS_9colortypeEhNS_14BlitOperationsE) referenced from hal.o(.constdata__ZTVN8touchgfx3HALE)
 <LI><a href="#[c4]">touchgfx::HAL::backPorchExited()</a> from stm32f7hal.o(i._ZN8touchgfx3HAL15backPorchExitedEv) referenced from stm32f7hal.o(.constdata__ZTV10STM32F7HAL)
 <LI><a href="#[c4]">touchgfx::HAL::backPorchExited()</a> from stm32f7hal.o(i._ZN8touchgfx3HAL15backPorchExitedEv) referenced from hal.o(.constdata__ZTVN8touchgfx3HALE)
 <LI><a href="#[bc]">touchgfx::HAL::cacheTextString(const unsigned short*)</a> from hal.o(i._ZN8touchgfx3HAL15cacheTextStringEPKt) referenced from stm32f7hal.o(.constdata__ZTV10STM32F7HAL)
 <LI><a href="#[bc]">touchgfx::HAL::cacheTextString(const unsigned short*)</a> from hal.o(i._ZN8touchgfx3HAL15cacheTextStringEPKt) referenced from hal.o(.constdata__ZTVN8touchgfx3HALE)
 <LI><a href="#[b9]">touchgfx::HAL::lockFrameBuffer()</a> from hal.o(i._ZN8touchgfx3HAL15lockFrameBufferEv) referenced from stm32f7hal.o(.constdata__ZTV10STM32F7HAL)
 <LI><a href="#[b9]">touchgfx::HAL::lockFrameBuffer()</a> from hal.o(i._ZN8touchgfx3HAL15lockFrameBufferEv) referenced from hal.o(.constdata__ZTVN8touchgfx3HALE)
 <LI><a href="#[c0]">touchgfx::HAL::blitCopyARGB8888(const unsigned short*, unsigned short, unsigned short, unsigned short, unsigned short, unsigned short, unsigned char)</a> from hal.o(i._ZN8touchgfx3HAL16blitCopyARGB8888EPKtttttth) referenced from stm32f7hal.o(.constdata__ZTV10STM32F7HAL)
 <LI><a href="#[c0]">touchgfx::HAL::blitCopyARGB8888(const unsigned short*, unsigned short, unsigned short, unsigned short, unsigned short, unsigned short, unsigned char)</a> from hal.o(i._ZN8touchgfx3HAL16blitCopyARGB8888EPKtttttth) referenced from hal.o(.constdata__ZTVN8touchgfx3HALE)
 <LI><a href="#[11e]">touchgfx::HAL::flushFrameBuffer(const touchgfx::Rect&)</a> from hal.o(i._ZN8touchgfx3HAL16flushFrameBufferERKNS_4RectE) referenced from hal.o(.constdata__ZTVN8touchgfx3HALE)
 <LI><a href="#[b7]">touchgfx::HAL::allowDMATransfers()</a> from hal.o(i._ZN8touchgfx3HAL17allowDMATransfersEv) referenced from stm32f7hal.o(.constdata__ZTV10STM32F7HAL)
 <LI><a href="#[b7]">touchgfx::HAL::allowDMATransfers()</a> from hal.o(i._ZN8touchgfx3HAL17allowDMATransfersEv) referenced from hal.o(.constdata__ZTVN8touchgfx3HALE)
 <LI><a href="#[11f]">touchgfx::HAL::getTFTCurrentLine()</a> from hal.o(i._ZN8touchgfx3HAL17getTFTCurrentLineEv) referenced from hal.o(.constdata__ZTVN8touchgfx3HALE)
 <LI><a href="#[ba]">touchgfx::HAL::unlockFrameBuffer()</a> from hal.o(i._ZN8touchgfx3HAL17unlockFrameBufferEv) referenced from stm32f7hal.o(.constdata__ZTV10STM32F7HAL)
 <LI><a href="#[ba]">touchgfx::HAL::unlockFrameBuffer()</a> from hal.o(i._ZN8touchgfx3HAL17unlockFrameBufferEv) referenced from hal.o(.constdata__ZTVN8touchgfx3HALE)
 <LI><a href="#[c3]">touchgfx::HAL::registerEventListener(touchgfx::UIEventListener&)</a> from hal.o(i._ZN8touchgfx3HAL21registerEventListenerERNS_15UIEventListenerE) referenced from stm32f7hal.o(.constdata__ZTV10STM32F7HAL)
 <LI><a href="#[c3]">touchgfx::HAL::registerEventListener(touchgfx::UIEventListener&)</a> from hal.o(i._ZN8touchgfx3HAL21registerEventListenerERNS_15UIEventListenerE) referenced from hal.o(.constdata__ZTVN8touchgfx3HALE)
 <LI><a href="#[c9]">touchgfx::HAL::setFrameBufferStartAddress(void*, unsigned short, bool, bool)</a> from hal.o(i._ZN8touchgfx3HAL26setFrameBufferStartAddressEPvtbb) referenced from stm32f7hal.o(.constdata__ZTV10STM32F7HAL)
 <LI><a href="#[c9]">touchgfx::HAL::setFrameBufferStartAddress(void*, unsigned short, bool, bool)</a> from hal.o(i._ZN8touchgfx3HAL26setFrameBufferStartAddressEPvtbb) referenced from hal.o(.constdata__ZTVN8touchgfx3HALE)
 <LI><a href="#[d2]">touchgfx::HAL::performDisplayOrientationChange()</a> from hal.o(i._ZN8touchgfx3HAL31performDisplayOrientationChangeEv) referenced from stm32f7hal.o(.constdata__ZTV10STM32F7HAL)
 <LI><a href="#[d2]">touchgfx::HAL::performDisplayOrientationChange()</a> from hal.o(i._ZN8touchgfx3HAL31performDisplayOrientationChangeEv) referenced from hal.o(.constdata__ZTVN8touchgfx3HALE)
 <LI><a href="#[cc]">touchgfx::HAL::tick()</a> from hal.o(i._ZN8touchgfx3HAL4tickEv) referenced from stm32f7hal.o(.constdata__ZTV10STM32F7HAL)
 <LI><a href="#[cc]">touchgfx::HAL::tick()</a> from hal.o(i._ZN8touchgfx3HAL4tickEv) referenced from hal.o(.constdata__ZTVN8touchgfx3HALE)
 <LI><a href="#[d0]">touchgfx::HAL::touch(int, int)</a> from hal.o(i._ZN8touchgfx3HAL5touchEii) referenced from stm32f7hal.o(.constdata__ZTV10STM32F7HAL)
 <LI><a href="#[d0]">touchgfx::HAL::touch(int, int)</a> from hal.o(i._ZN8touchgfx3HAL5touchEii) referenced from hal.o(.constdata__ZTVN8touchgfx3HALE)
 <LI><a href="#[d1]">touchgfx::HAL::noTouch()</a> from hal.o(i._ZN8touchgfx3HAL7noTouchEv) referenced from stm32f7hal.o(.constdata__ZTV10STM32F7HAL)
 <LI><a href="#[d1]">touchgfx::HAL::noTouch()</a> from hal.o(i._ZN8touchgfx3HAL7noTouchEv) referenced from hal.o(.constdata__ZTVN8touchgfx3HALE)
 <LI><a href="#[bf]">touchgfx::HAL::blitCopy(const unsigned short*, unsigned short, unsigned short, unsigned short, unsigned short, unsigned short, unsigned char, bool)</a> from hal.o(i._ZN8touchgfx3HAL8blitCopyEPKtttttthb) referenced from stm32f7hal.o(.constdata__ZTV10STM32F7HAL)
 <LI><a href="#[bf]">touchgfx::HAL::blitCopy(const unsigned short*, unsigned short, unsigned short, unsigned short, unsigned short, unsigned short, unsigned char, bool)</a> from hal.o(i._ZN8touchgfx3HAL8blitCopyEPKtttttthb) referenced from hal.o(.constdata__ZTVN8touchgfx3HALE)
 <LI><a href="#[c2]">touchgfx::HAL::blitFill(touchgfx::colortype, unsigned short, unsigned short, unsigned short, unsigned short, unsigned char)</a> from hal.o(i._ZN8touchgfx3HAL8blitFillENS_9colortypeEtttth) referenced from stm32f7hal.o(.constdata__ZTV10STM32F7HAL)
 <LI><a href="#[c2]">touchgfx::HAL::blitFill(touchgfx::colortype, unsigned short, unsigned short, unsigned short, unsigned short, unsigned char)</a> from hal.o(i._ZN8touchgfx3HAL8blitFillENS_9colortypeEtttth) referenced from hal.o(.constdata__ZTVN8touchgfx3HALE)
 <LI><a href="#[ce]">touchgfx::HAL::endFrame()</a> from hal.o(i._ZN8touchgfx3HAL8endFrameEv) referenced from stm32f7hal.o(.constdata__ZTV10STM32F7HAL)
 <LI><a href="#[ce]">touchgfx::HAL::endFrame()</a> from hal.o(i._ZN8touchgfx3HAL8endFrameEv) referenced from hal.o(.constdata__ZTVN8touchgfx3HALE)
 <LI><a href="#[b8]">touchgfx::HAL::flushDMA()</a> from hal.o(i._ZN8touchgfx3HAL8flushDMAEv) referenced from stm32f7hal.o(.constdata__ZTV10STM32F7HAL)
 <LI><a href="#[b8]">touchgfx::HAL::flushDMA()</a> from hal.o(i._ZN8touchgfx3HAL8flushDMAEv) referenced from hal.o(.constdata__ZTVN8touchgfx3HALE)
 <LI><a href="#[bd]">touchgfx::HAL::blockCopy(void*, const void*, unsigned)</a> from hal.o(i._ZN8touchgfx3HAL9blockCopyEPvPKvj) referenced from stm32f7hal.o(.constdata__ZTV10STM32F7HAL)
 <LI><a href="#[bd]">touchgfx::HAL::blockCopy(void*, const void*, unsigned)</a> from hal.o(i._ZN8touchgfx3HAL9blockCopyEPvPKvj) referenced from hal.o(.constdata__ZTVN8touchgfx3HALE)
 <LI><a href="#[ca]">touchgfx::HAL::taskDelay(unsigned short)</a> from stm32f7hal.o(i._ZN8touchgfx3HAL9taskDelayEt) referenced from stm32f7hal.o(.constdata__ZTV10STM32F7HAL)
 <LI><a href="#[ca]">touchgfx::HAL::taskDelay(unsigned short)</a> from stm32f7hal.o(i._ZN8touchgfx3HAL9taskDelayEt) referenced from hal.o(.constdata__ZTVN8touchgfx3HALE)
 <LI><a href="#[b5]">touchgfx::HAL::taskEntry()</a> from hal.o(i._ZN8touchgfx3HAL9taskEntryEv) referenced from stm32f7hal.o(.constdata__ZTV10STM32F7HAL)
 <LI><a href="#[b5]">touchgfx::HAL::taskEntry()</a> from hal.o(i._ZN8touchgfx3HAL9taskEntryEv) referenced from hal.o(.constdata__ZTVN8touchgfx3HALE)
 <LI><a href="#[a]">touchgfx::LCD::drawStringLTR(const touchgfx::Rect&, const touchgfx::Rect&, const touchgfx::LCD::StringVisuals&, const unsigned short*, std::__va_list)</a> from lcd.o(i._ZN8touchgfx3LCD13drawStringLTRERKNS_4RectES3_RKNS0_13StringVisualsEPKtSt9__va_list) referenced 2 times from texts.o(.data)
 <LI><a href="#[8a]">touchgfx::Rect::Rect()</a> from application.o(i._ZN8touchgfx4RectC1Ev) referenced from application.o(t._ZN8touchgfx6VectorINS_4RectELt8EEC1Ev)
 <LI><a href="#[7f]">touchgfx::BlitOp::BlitOp()</a> from stm32f7dma.o(i._ZN8touchgfx6BlitOpC1Ev) referenced from stm32f7dma.o(i._ZN10STM32F7DMAC1Ev)
 <LI><a href="#[123]">touchgfx::Button::setBitmaps(const touchgfx::Bitmap&, const touchgfx::Bitmap&)</a> from button.o(i._ZN8touchgfx6Button10setBitmapsERKNS_6BitmapES3_) referenced from button.o(.constdata__ZTVN8touchgfx6ButtonE)
 <LI><a href="#[125]">touchgfx::Screen::setupScreen()</a> from screen.o(i._ZN8touchgfx6Screen11setupScreenEv) referenced from screen.o(.constdata__ZTVN8touchgfx6ScreenE)
 <LI><a href="#[dc]">touchgfx::Screen::handleKeyEvent(unsigned char)</a> from screen1view.o(i._ZN8touchgfx6Screen14handleKeyEventEh) referenced from screen1view.o(.constdata__ZTV11Screen1View)
 <LI><a href="#[dc]">touchgfx::Screen::handleKeyEvent(unsigned char)</a> from screen1view.o(i._ZN8touchgfx6Screen14handleKeyEventEh) referenced from screen1viewbase.o(.constdata__ZTV15Screen1ViewBase)
 <LI><a href="#[dc]">touchgfx::Screen::handleKeyEvent(unsigned char)</a> from screen1view.o(i._ZN8touchgfx6Screen14handleKeyEventEh) referenced from screen.o(.constdata__ZTVN8touchgfx6ScreenE)
 <LI><a href="#[df]">touchgfx::Screen::tearDownScreen()</a> from screen1viewbase.o(i._ZN8touchgfx6Screen14tearDownScreenEv) referenced from screen1viewbase.o(.constdata__ZTV15Screen1ViewBase)
 <LI><a href="#[df]">touchgfx::Screen::tearDownScreen()</a> from screen1viewbase.o(i._ZN8touchgfx6Screen14tearDownScreenEv) referenced from screen.o(.constdata__ZTVN8touchgfx6ScreenE)
 <LI><a href="#[d6]">touchgfx::Screen::afterTransition()</a> from screen1view.o(i._ZN8touchgfx6Screen15afterTransitionEv) referenced from screen1view.o(.constdata__ZTV11Screen1View)
 <LI><a href="#[d6]">touchgfx::Screen::afterTransition()</a> from screen1view.o(i._ZN8touchgfx6Screen15afterTransitionEv) referenced from screen1viewbase.o(.constdata__ZTV15Screen1ViewBase)
 <LI><a href="#[d6]">touchgfx::Screen::afterTransition()</a> from screen1view.o(i._ZN8touchgfx6Screen15afterTransitionEv) referenced from screen.o(.constdata__ZTVN8touchgfx6ScreenE)
 <LI><a href="#[d9]">touchgfx::Screen::handleDragEvent(const touchgfx::DragEvent&)</a> from screen.o(i._ZN8touchgfx6Screen15handleDragEventERKNS_9DragEventE) referenced from screen1view.o(.constdata__ZTV11Screen1View)
 <LI><a href="#[d9]">touchgfx::Screen::handleDragEvent(const touchgfx::DragEvent&)</a> from screen.o(i._ZN8touchgfx6Screen15handleDragEventERKNS_9DragEventE) referenced from screen1viewbase.o(.constdata__ZTV15Screen1ViewBase)
 <LI><a href="#[d9]">touchgfx::Screen::handleDragEvent(const touchgfx::DragEvent&)</a> from screen.o(i._ZN8touchgfx6Screen15handleDragEventERKNS_9DragEventE) referenced from screen.o(.constdata__ZTVN8touchgfx6ScreenE)
 <LI><a href="#[db]">touchgfx::Screen::handleTickEvent()</a> from screen1view.o(i._ZN8touchgfx6Screen15handleTickEventEv) referenced from screen1view.o(.constdata__ZTV11Screen1View)
 <LI><a href="#[db]">touchgfx::Screen::handleTickEvent()</a> from screen1view.o(i._ZN8touchgfx6Screen15handleTickEventEv) referenced from screen1viewbase.o(.constdata__ZTV15Screen1ViewBase)
 <LI><a href="#[db]">touchgfx::Screen::handleTickEvent()</a> from screen1view.o(i._ZN8touchgfx6Screen15handleTickEventEv) referenced from screen.o(.constdata__ZTVN8touchgfx6ScreenE)
 <LI><a href="#[d8]">touchgfx::Screen::handleClickEvent(const touchgfx::ClickEvent&)</a> from screen.o(i._ZN8touchgfx6Screen16handleClickEventERKNS_10ClickEventE) referenced from screen1view.o(.constdata__ZTV11Screen1View)
 <LI><a href="#[d8]">touchgfx::Screen::handleClickEvent(const touchgfx::ClickEvent&)</a> from screen.o(i._ZN8touchgfx6Screen16handleClickEventERKNS_10ClickEventE) referenced from screen1viewbase.o(.constdata__ZTV15Screen1ViewBase)
 <LI><a href="#[d8]">touchgfx::Screen::handleClickEvent(const touchgfx::ClickEvent&)</a> from screen.o(i._ZN8touchgfx6Screen16handleClickEventERKNS_10ClickEventE) referenced from screen.o(.constdata__ZTVN8touchgfx6ScreenE)
 <LI><a href="#[da]">touchgfx::Screen::handleGestureEvent(const touchgfx::GestureEvent&)</a> from screen.o(i._ZN8touchgfx6Screen18handleGestureEventERKNS_12GestureEventE) referenced from screen1view.o(.constdata__ZTV11Screen1View)
 <LI><a href="#[da]">touchgfx::Screen::handleGestureEvent(const touchgfx::GestureEvent&)</a> from screen.o(i._ZN8touchgfx6Screen18handleGestureEventERKNS_12GestureEventE) referenced from screen1viewbase.o(.constdata__ZTV15Screen1ViewBase)
 <LI><a href="#[da]">touchgfx::Screen::handleGestureEvent(const touchgfx::GestureEvent&)</a> from screen.o(i._ZN8touchgfx6Screen18handleGestureEventERKNS_12GestureEventE) referenced from screen.o(.constdata__ZTVN8touchgfx6ScreenE)
 <LI><a href="#[d4]">touchgfx::Screen::draw(touchgfx::Rect&)</a> from screen.o(i._ZN8touchgfx6Screen4drawERNS_4RectE) referenced from screen1view.o(.constdata__ZTV11Screen1View)
 <LI><a href="#[d4]">touchgfx::Screen::draw(touchgfx::Rect&)</a> from screen.o(i._ZN8touchgfx6Screen4drawERNS_4RectE) referenced from screen1viewbase.o(.constdata__ZTV15Screen1ViewBase)
 <LI><a href="#[d4]">touchgfx::Screen::draw(touchgfx::Rect&)</a> from screen.o(i._ZN8touchgfx6Screen4drawERNS_4RectE) referenced from screen.o(.constdata__ZTVN8touchgfx6ScreenE)
 <LI><a href="#[124]">touchgfx::Screen::~Screen()</a> from screen.o(i._ZN8touchgfx6ScreenD1Ev) referenced from screen.o(.constdata__ZTVN8touchgfx6ScreenE)
 <LI><a href="#[110]">touchgfx::Widget::getLastChild(short, short, touchgfx::Drawable**)</a> from screen1viewbase.o(i._ZN8touchgfx6Widget12getLastChildEssPPNS_8DrawableE) referenced from box.o(.constdata__ZTVN8touchgfx3BoxE)
 <LI><a href="#[110]">touchgfx::Widget::getLastChild(short, short, touchgfx::Drawable**)</a> from screen1viewbase.o(i._ZN8touchgfx6Widget12getLastChildEssPPNS_8DrawableE) referenced from button.o(.constdata__ZTVN8touchgfx6ButtonE)
 <LI><a href="#[110]">touchgfx::Widget::getLastChild(short, short, touchgfx::Drawable**)</a> from screen1viewbase.o(i._ZN8touchgfx6Widget12getLastChildEssPPNS_8DrawableE) referenced from screen1viewbase.o(.constdata__ZTVN8touchgfx6WidgetE)
 <LI><a href="#[110]">touchgfx::Widget::getLastChild(short, short, touchgfx::Drawable**)</a> from screen1viewbase.o(i._ZN8touchgfx6Widget12getLastChildEssPPNS_8DrawableE) referenced from textarea.o(.constdata__ZTVN8touchgfx8TextAreaE)
 <LI><a href="#[126]">touchgfx::Callback&lang;FrontendApplicationBase, void, void, void&rang;::execute()</a> from frontendapplicationbase.o(t._ZN8touchgfx8CallbackI23FrontendApplicationBasevvvE7executeEv) referenced from frontendapplicationbase.o(.constdata__ZTVN8touchgfx8CallbackI23FrontendApplicationBasevvvEE)
 <LI><a href="#[113]">touchgfx::Drawable::setPosition(short, short, short, short)</a> from screen1viewbase.o(i._ZN8touchgfx8Drawable11setPositionEssss) referenced from box.o(.constdata__ZTVN8touchgfx3BoxE)
 <LI><a href="#[113]">touchgfx::Drawable::setPosition(short, short, short, short)</a> from screen1viewbase.o(i._ZN8touchgfx8Drawable11setPositionEssss) referenced from button.o(.constdata__ZTVN8touchgfx6ButtonE)
 <LI><a href="#[113]">touchgfx::Drawable::setPosition(short, short, short, short)</a> from screen1viewbase.o(i._ZN8touchgfx8Drawable11setPositionEssss) referenced from screen1viewbase.o(.constdata__ZTVN8touchgfx6WidgetE)
 <LI><a href="#[113]">touchgfx::Drawable::setPosition(short, short, short, short)</a> from screen1viewbase.o(i._ZN8touchgfx8Drawable11setPositionEssss) referenced from drawable.o(.constdata__ZTVN8touchgfx8DrawableE)
 <LI><a href="#[113]">touchgfx::Drawable::setPosition(short, short, short, short)</a> from screen1viewbase.o(i._ZN8touchgfx8Drawable11setPositionEssss) referenced from textarea.o(.constdata__ZTVN8touchgfx8TextAreaE)
 <LI><a href="#[113]">touchgfx::Drawable::setPosition(short, short, short, short)</a> from screen1viewbase.o(i._ZN8touchgfx8Drawable11setPositionEssss) referenced from container.o(.constdata__ZTVN8touchgfx9ContainerE)
 <LI><a href="#[11d]">touchgfx::Drawable::setupDrawChain(const touchgfx::Rect&, touchgfx::Drawable**)</a> from screen1viewbase.o(i._ZN8touchgfx8Drawable14setupDrawChainERKNS_4RectEPPS0_) referenced from box.o(.constdata__ZTVN8touchgfx3BoxE)
 <LI><a href="#[11d]">touchgfx::Drawable::setupDrawChain(const touchgfx::Rect&, touchgfx::Drawable**)</a> from screen1viewbase.o(i._ZN8touchgfx8Drawable14setupDrawChainERKNS_4RectEPPS0_) referenced from button.o(.constdata__ZTVN8touchgfx6ButtonE)
 <LI><a href="#[11d]">touchgfx::Drawable::setupDrawChain(const touchgfx::Rect&, touchgfx::Drawable**)</a> from screen1viewbase.o(i._ZN8touchgfx8Drawable14setupDrawChainERKNS_4RectEPPS0_) referenced from screen1viewbase.o(.constdata__ZTVN8touchgfx6WidgetE)
 <LI><a href="#[11d]">touchgfx::Drawable::setupDrawChain(const touchgfx::Rect&, touchgfx::Drawable**)</a> from screen1viewbase.o(i._ZN8touchgfx8Drawable14setupDrawChainERKNS_4RectEPPS0_) referenced from drawable.o(.constdata__ZTVN8touchgfx8DrawableE)
 <LI><a href="#[11d]">touchgfx::Drawable::setupDrawChain(const touchgfx::Rect&, touchgfx::Drawable**)</a> from screen1viewbase.o(i._ZN8touchgfx8Drawable14setupDrawChainERKNS_4RectEPPS0_) referenced from textarea.o(.constdata__ZTVN8touchgfx8TextAreaE)
 <LI><a href="#[11b]">touchgfx::Drawable::handleDragEvent(const touchgfx::DragEvent&)</a> from screen1viewbase.o(i._ZN8touchgfx8Drawable15handleDragEventERKNS_9DragEventE) referenced from box.o(.constdata__ZTVN8touchgfx3BoxE)
 <LI><a href="#[11b]">touchgfx::Drawable::handleDragEvent(const touchgfx::DragEvent&)</a> from screen1viewbase.o(i._ZN8touchgfx8Drawable15handleDragEventERKNS_9DragEventE) referenced from button.o(.constdata__ZTVN8touchgfx6ButtonE)
 <LI><a href="#[11b]">touchgfx::Drawable::handleDragEvent(const touchgfx::DragEvent&)</a> from screen1viewbase.o(i._ZN8touchgfx8Drawable15handleDragEventERKNS_9DragEventE) referenced from screen1viewbase.o(.constdata__ZTVN8touchgfx6WidgetE)
 <LI><a href="#[11b]">touchgfx::Drawable::handleDragEvent(const touchgfx::DragEvent&)</a> from screen1viewbase.o(i._ZN8touchgfx8Drawable15handleDragEventERKNS_9DragEventE) referenced from drawable.o(.constdata__ZTVN8touchgfx8DrawableE)
 <LI><a href="#[11b]">touchgfx::Drawable::handleDragEvent(const touchgfx::DragEvent&)</a> from screen1viewbase.o(i._ZN8touchgfx8Drawable15handleDragEventERKNS_9DragEventE) referenced from textarea.o(.constdata__ZTVN8touchgfx8TextAreaE)
 <LI><a href="#[11b]">touchgfx::Drawable::handleDragEvent(const touchgfx::DragEvent&)</a> from screen1viewbase.o(i._ZN8touchgfx8Drawable15handleDragEventERKNS_9DragEventE) referenced from container.o(.constdata__ZTVN8touchgfx9ContainerE)
 <LI><a href="#[11c]">touchgfx::Drawable::handleTickEvent()</a> from screen1viewbase.o(i._ZN8touchgfx8Drawable15handleTickEventEv) referenced from box.o(.constdata__ZTVN8touchgfx3BoxE)
 <LI><a href="#[11c]">touchgfx::Drawable::handleTickEvent()</a> from screen1viewbase.o(i._ZN8touchgfx8Drawable15handleTickEventEv) referenced from button.o(.constdata__ZTVN8touchgfx6ButtonE)
 <LI><a href="#[11c]">touchgfx::Drawable::handleTickEvent()</a> from screen1viewbase.o(i._ZN8touchgfx8Drawable15handleTickEventEv) referenced from screen1viewbase.o(.constdata__ZTVN8touchgfx6WidgetE)
 <LI><a href="#[11c]">touchgfx::Drawable::handleTickEvent()</a> from screen1viewbase.o(i._ZN8touchgfx8Drawable15handleTickEventEv) referenced from drawable.o(.constdata__ZTVN8touchgfx8DrawableE)
 <LI><a href="#[11c]">touchgfx::Drawable::handleTickEvent()</a> from screen1viewbase.o(i._ZN8touchgfx8Drawable15handleTickEventEv) referenced from textarea.o(.constdata__ZTVN8touchgfx8TextAreaE)
 <LI><a href="#[11c]">touchgfx::Drawable::handleTickEvent()</a> from screen1viewbase.o(i._ZN8touchgfx8Drawable15handleTickEventEv) referenced from container.o(.constdata__ZTVN8touchgfx9ContainerE)
 <LI><a href="#[119]">touchgfx::Drawable::handleClickEvent(const touchgfx::ClickEvent&)</a> from screen1viewbase.o(i._ZN8touchgfx8Drawable16handleClickEventERKNS_10ClickEventE) referenced from box.o(.constdata__ZTVN8touchgfx3BoxE)
 <LI><a href="#[119]">touchgfx::Drawable::handleClickEvent(const touchgfx::ClickEvent&)</a> from screen1viewbase.o(i._ZN8touchgfx8Drawable16handleClickEventERKNS_10ClickEventE) referenced from screen1viewbase.o(.constdata__ZTVN8touchgfx6WidgetE)
 <LI><a href="#[119]">touchgfx::Drawable::handleClickEvent(const touchgfx::ClickEvent&)</a> from screen1viewbase.o(i._ZN8touchgfx8Drawable16handleClickEventERKNS_10ClickEventE) referenced from drawable.o(.constdata__ZTVN8touchgfx8DrawableE)
 <LI><a href="#[119]">touchgfx::Drawable::handleClickEvent(const touchgfx::ClickEvent&)</a> from screen1viewbase.o(i._ZN8touchgfx8Drawable16handleClickEventERKNS_10ClickEventE) referenced from textarea.o(.constdata__ZTVN8touchgfx8TextAreaE)
 <LI><a href="#[119]">touchgfx::Drawable::handleClickEvent(const touchgfx::ClickEvent&)</a> from screen1viewbase.o(i._ZN8touchgfx8Drawable16handleClickEventERKNS_10ClickEventE) referenced from container.o(.constdata__ZTVN8touchgfx9ContainerE)
 <LI><a href="#[11a]">touchgfx::Drawable::handleGestureEvent(const touchgfx::GestureEvent&)</a> from screen1viewbase.o(i._ZN8touchgfx8Drawable18handleGestureEventERKNS_12GestureEventE) referenced from box.o(.constdata__ZTVN8touchgfx3BoxE)
 <LI><a href="#[11a]">touchgfx::Drawable::handleGestureEvent(const touchgfx::GestureEvent&)</a> from screen1viewbase.o(i._ZN8touchgfx8Drawable18handleGestureEventERKNS_12GestureEventE) referenced from button.o(.constdata__ZTVN8touchgfx6ButtonE)
 <LI><a href="#[11a]">touchgfx::Drawable::handleGestureEvent(const touchgfx::GestureEvent&)</a> from screen1viewbase.o(i._ZN8touchgfx8Drawable18handleGestureEventERKNS_12GestureEventE) referenced from screen1viewbase.o(.constdata__ZTVN8touchgfx6WidgetE)
 <LI><a href="#[11a]">touchgfx::Drawable::handleGestureEvent(const touchgfx::GestureEvent&)</a> from screen1viewbase.o(i._ZN8touchgfx8Drawable18handleGestureEventERKNS_12GestureEventE) referenced from drawable.o(.constdata__ZTVN8touchgfx8DrawableE)
 <LI><a href="#[11a]">touchgfx::Drawable::handleGestureEvent(const touchgfx::GestureEvent&)</a> from screen1viewbase.o(i._ZN8touchgfx8Drawable18handleGestureEventERKNS_12GestureEventE) referenced from textarea.o(.constdata__ZTVN8touchgfx8TextAreaE)
 <LI><a href="#[11a]">touchgfx::Drawable::handleGestureEvent(const touchgfx::GestureEvent&)</a> from screen1viewbase.o(i._ZN8touchgfx8Drawable18handleGestureEventERKNS_12GestureEventE) referenced from container.o(.constdata__ZTVN8touchgfx9ContainerE)
 <LI><a href="#[114]">touchgfx::Drawable::setX(short)</a> from screen1viewbase.o(i._ZN8touchgfx8Drawable4setXEs) referenced from box.o(.constdata__ZTVN8touchgfx3BoxE)
 <LI><a href="#[114]">touchgfx::Drawable::setX(short)</a> from screen1viewbase.o(i._ZN8touchgfx8Drawable4setXEs) referenced from button.o(.constdata__ZTVN8touchgfx6ButtonE)
 <LI><a href="#[114]">touchgfx::Drawable::setX(short)</a> from screen1viewbase.o(i._ZN8touchgfx8Drawable4setXEs) referenced from screen1viewbase.o(.constdata__ZTVN8touchgfx6WidgetE)
 <LI><a href="#[114]">touchgfx::Drawable::setX(short)</a> from screen1viewbase.o(i._ZN8touchgfx8Drawable4setXEs) referenced from drawable.o(.constdata__ZTVN8touchgfx8DrawableE)
 <LI><a href="#[114]">touchgfx::Drawable::setX(short)</a> from screen1viewbase.o(i._ZN8touchgfx8Drawable4setXEs) referenced from textarea.o(.constdata__ZTVN8touchgfx8TextAreaE)
 <LI><a href="#[114]">touchgfx::Drawable::setX(short)</a> from screen1viewbase.o(i._ZN8touchgfx8Drawable4setXEs) referenced from container.o(.constdata__ZTVN8touchgfx9ContainerE)
 <LI><a href="#[115]">touchgfx::Drawable::setY(short)</a> from screen1viewbase.o(i._ZN8touchgfx8Drawable4setYEs) referenced from box.o(.constdata__ZTVN8touchgfx3BoxE)
 <LI><a href="#[115]">touchgfx::Drawable::setY(short)</a> from screen1viewbase.o(i._ZN8touchgfx8Drawable4setYEs) referenced from button.o(.constdata__ZTVN8touchgfx6ButtonE)
 <LI><a href="#[115]">touchgfx::Drawable::setY(short)</a> from screen1viewbase.o(i._ZN8touchgfx8Drawable4setYEs) referenced from screen1viewbase.o(.constdata__ZTVN8touchgfx6WidgetE)
 <LI><a href="#[115]">touchgfx::Drawable::setY(short)</a> from screen1viewbase.o(i._ZN8touchgfx8Drawable4setYEs) referenced from drawable.o(.constdata__ZTVN8touchgfx8DrawableE)
 <LI><a href="#[115]">touchgfx::Drawable::setY(short)</a> from screen1viewbase.o(i._ZN8touchgfx8Drawable4setYEs) referenced from textarea.o(.constdata__ZTVN8touchgfx8TextAreaE)
 <LI><a href="#[115]">touchgfx::Drawable::setY(short)</a> from screen1viewbase.o(i._ZN8touchgfx8Drawable4setYEs) referenced from container.o(.constdata__ZTVN8touchgfx9ContainerE)
 <LI><a href="#[116]">touchgfx::Drawable::setXY(short, short)</a> from screen1viewbase.o(i._ZN8touchgfx8Drawable5setXYEss) referenced from box.o(.constdata__ZTVN8touchgfx3BoxE)
 <LI><a href="#[116]">touchgfx::Drawable::setXY(short, short)</a> from screen1viewbase.o(i._ZN8touchgfx8Drawable5setXYEss) referenced from button.o(.constdata__ZTVN8touchgfx6ButtonE)
 <LI><a href="#[116]">touchgfx::Drawable::setXY(short, short)</a> from screen1viewbase.o(i._ZN8touchgfx8Drawable5setXYEss) referenced from screen1viewbase.o(.constdata__ZTVN8touchgfx6WidgetE)
 <LI><a href="#[116]">touchgfx::Drawable::setXY(short, short)</a> from screen1viewbase.o(i._ZN8touchgfx8Drawable5setXYEss) referenced from drawable.o(.constdata__ZTVN8touchgfx8DrawableE)
 <LI><a href="#[116]">touchgfx::Drawable::setXY(short, short)</a> from screen1viewbase.o(i._ZN8touchgfx8Drawable5setXYEss) referenced from textarea.o(.constdata__ZTVN8touchgfx8TextAreaE)
 <LI><a href="#[116]">touchgfx::Drawable::setXY(short, short)</a> from screen1viewbase.o(i._ZN8touchgfx8Drawable5setXYEss) referenced from container.o(.constdata__ZTVN8touchgfx9ContainerE)
 <LI><a href="#[117]">touchgfx::Drawable::setWidth(short)</a> from screen1viewbase.o(i._ZN8touchgfx8Drawable8setWidthEs) referenced from box.o(.constdata__ZTVN8touchgfx3BoxE)
 <LI><a href="#[117]">touchgfx::Drawable::setWidth(short)</a> from screen1viewbase.o(i._ZN8touchgfx8Drawable8setWidthEs) referenced from button.o(.constdata__ZTVN8touchgfx6ButtonE)
 <LI><a href="#[117]">touchgfx::Drawable::setWidth(short)</a> from screen1viewbase.o(i._ZN8touchgfx8Drawable8setWidthEs) referenced from screen1viewbase.o(.constdata__ZTVN8touchgfx6WidgetE)
 <LI><a href="#[117]">touchgfx::Drawable::setWidth(short)</a> from screen1viewbase.o(i._ZN8touchgfx8Drawable8setWidthEs) referenced from drawable.o(.constdata__ZTVN8touchgfx8DrawableE)
 <LI><a href="#[117]">touchgfx::Drawable::setWidth(short)</a> from screen1viewbase.o(i._ZN8touchgfx8Drawable8setWidthEs) referenced from textarea.o(.constdata__ZTVN8touchgfx8TextAreaE)
 <LI><a href="#[117]">touchgfx::Drawable::setWidth(short)</a> from screen1viewbase.o(i._ZN8touchgfx8Drawable8setWidthEs) referenced from container.o(.constdata__ZTVN8touchgfx9ContainerE)
 <LI><a href="#[118]">touchgfx::Drawable::setHeight(short)</a> from screen1viewbase.o(i._ZN8touchgfx8Drawable9setHeightEs) referenced from box.o(.constdata__ZTVN8touchgfx3BoxE)
 <LI><a href="#[118]">touchgfx::Drawable::setHeight(short)</a> from screen1viewbase.o(i._ZN8touchgfx8Drawable9setHeightEs) referenced from button.o(.constdata__ZTVN8touchgfx6ButtonE)
 <LI><a href="#[118]">touchgfx::Drawable::setHeight(short)</a> from screen1viewbase.o(i._ZN8touchgfx8Drawable9setHeightEs) referenced from screen1viewbase.o(.constdata__ZTVN8touchgfx6WidgetE)
 <LI><a href="#[118]">touchgfx::Drawable::setHeight(short)</a> from screen1viewbase.o(i._ZN8touchgfx8Drawable9setHeightEs) referenced from drawable.o(.constdata__ZTVN8touchgfx8DrawableE)
 <LI><a href="#[118]">touchgfx::Drawable::setHeight(short)</a> from screen1viewbase.o(i._ZN8touchgfx8Drawable9setHeightEs) referenced from textarea.o(.constdata__ZTVN8touchgfx8TextAreaE)
 <LI><a href="#[118]">touchgfx::Drawable::setHeight(short)</a> from screen1viewbase.o(i._ZN8touchgfx8Drawable9setHeightEs) referenced from container.o(.constdata__ZTVN8touchgfx9ContainerE)
 <LI><a href="#[128]">touchgfx::LCD16bpp::drawPartialBitmap(const touchgfx::Bitmap&, short, short, const touchgfx::Rect&, unsigned char, bool)</a> from lcd16bpp.o(i._ZN8touchgfx8LCD16bpp17drawPartialBitmapERKNS_6BitmapEssRKNS_4RectEhb) referenced from lcd16bpp.o(.constdata__ZTVN8touchgfx8LCD16bppE)
 <LI><a href="#[129]">touchgfx::LCD16bpp::blitCopy(const unsigned short*, const touchgfx::Rect&, const touchgfx::Rect&, unsigned char, bool)</a> from lcd16bpp.o(i._ZN8touchgfx8LCD16bpp8blitCopyEPKtRKNS_4RectES5_hb) referenced from lcd16bpp.o(.constdata__ZTVN8touchgfx8LCD16bppE)
 <LI><a href="#[12a]">touchgfx::LCD16bpp::fillRect(const touchgfx::Rect&, touchgfx::colortype, unsigned char)</a> from lcd16bpp.o(i._ZN8touchgfx8LCD16bpp8fillRectERKNS_4RectENS_9colortypeEh) referenced from lcd16bpp.o(.constdata__ZTVN8touchgfx8LCD16bppE)
 <LI><a href="#[12c]">touchgfx::LCD16bpp::drawGlyph(unsigned short*, touchgfx::Rect, short, short, unsigned short, unsigned short, const touchgfx::Rect&, const touchgfx::GlyphNode*, const unsigned char*, touchgfx::colortype, unsigned char, unsigned char, touchgfx::TextRotation)</a> from lcd16bpp.o(i._ZN8touchgfx8LCD16bpp9drawGlyphEPtNS_4RectEssttRKS2_PKNS_9GlyphNodeEPKhNS_9colortypeEhhNS_12TextRotationE) referenced from lcd16bpp.o(.constdata__ZTVN8touchgfx8LCD16bppE)
 <LI><a href="#[84]">touchgfx::LCD16bpp::~LCD16bpp()</a> from boardconfiguration.o(i._ZN8touchgfx8LCD16bppD1Ev) referenced from lcd16bpp.o(.constdata__ZTVN8touchgfx8LCD16bppE)
 <LI><a href="#[84]">touchgfx::LCD16bpp::~LCD16bpp()</a> from boardconfiguration.o(i._ZN8touchgfx8LCD16bppD1Ev) referenced from boardconfiguration.o(i.__sti___22_BoardConfiguration_cpp_2f1c5dae)
 <LI><a href="#[12f]">touchgfx::TextArea::getTextHeight()</a> from textarea.o(i._ZN8touchgfx8TextArea13getTextHeightEv) referenced from textarea.o(.constdata__ZTVN8touchgfx8TextAreaE)
 <LI><a href="#[133]">touchgfx::Container::getLastChild(short, short, touchgfx::Drawable**)</a> from container.o(i._ZN8touchgfx9Container12getLastChildEssPPNS_8DrawableE) referenced from container.o(.constdata__ZTVN8touchgfx9ContainerE)
 <LI><a href="#[134]">touchgfx::Container::setupDrawChain(const touchgfx::Rect&, touchgfx::Drawable**)</a> from container.o(i._ZN8touchgfx9Container14setupDrawChainERKNS_4RectEPPNS_8DrawableE) referenced from container.o(.constdata__ZTVN8touchgfx9ContainerE)
 <LI><a href="#[135]">touchgfx::Container::add(touchgfx::Drawable&)</a> from container.o(i._ZN8touchgfx9Container3addERNS_8DrawableE) referenced from container.o(.constdata__ZTVN8touchgfx9ContainerE)
 <LI><a href="#[136]">touchgfx::Partition&lang;touchgfx::meta::TypeList&lang;Screen1View, touchgfx::meta::TypeList&lang;touchgfx::meta::Nil, touchgfx::meta::Nil&rang;&rang;, (unsigned short)1&rang;::element_size()</a> from boardconfiguration.o(t._ZN8touchgfx9PartitionINS_4meta8TypeListI11Screen1ViewNS2_INS1_3NilES4_EEEELt1EE12element_sizeEv) referenced from boardconfiguration.o(.constdata__ZTVN8touchgfx9PartitionINS_4meta8TypeListI11Screen1ViewNS2_INS1_3NilES4_EEEELt1EEE)
 <LI><a href="#[137]">touchgfx::Partition&lang;touchgfx::meta::TypeList&lang;Screen1View, touchgfx::meta::TypeList&lang;touchgfx::meta::Nil, touchgfx::meta::Nil&rang;&rang;, (unsigned short)1&rang;::element(unsigned short)</a> from boardconfiguration.o(t._ZN8touchgfx9PartitionINS_4meta8TypeListI11Screen1ViewNS2_INS1_3NilES4_EEEELt1EE7elementEt) referenced from boardconfiguration.o(.constdata__ZTVN8touchgfx9PartitionINS_4meta8TypeListI11Screen1ViewNS2_INS1_3NilES4_EEEELt1EEE)
 <LI><a href="#[138]">touchgfx::Partition&lang;touchgfx::meta::TypeList&lang;Screen1Presenter, touchgfx::meta::TypeList&lang;touchgfx::meta::Nil, touchgfx::meta::Nil&rang;&rang;, (unsigned short)1&rang;::element_size()</a> from boardconfiguration.o(t._ZN8touchgfx9PartitionINS_4meta8TypeListI16Screen1PresenterNS2_INS1_3NilES4_EEEELt1EE12element_sizeEv) referenced from boardconfiguration.o(.constdata__ZTVN8touchgfx9PartitionINS_4meta8TypeListI16Screen1PresenterNS2_INS1_3NilES4_EEEELt1EEE)
 <LI><a href="#[139]">touchgfx::Partition&lang;touchgfx::meta::TypeList&lang;Screen1Presenter, touchgfx::meta::TypeList&lang;touchgfx::meta::Nil, touchgfx::meta::Nil&rang;&rang;, (unsigned short)1&rang;::element(unsigned short)</a> from boardconfiguration.o(t._ZN8touchgfx9PartitionINS_4meta8TypeListI16Screen1PresenterNS2_INS1_3NilES4_EEEELt1EE7elementEt) referenced from boardconfiguration.o(.constdata__ZTVN8touchgfx9PartitionINS_4meta8TypeListI16Screen1PresenterNS2_INS1_3NilES4_EEEELt1EEE)
 <LI><a href="#[13a]">touchgfx::Partition&lang;touchgfx::meta::TypeList&lang;touchgfx::NoTransition, touchgfx::meta::TypeList&lang;touchgfx::meta::Nil, touchgfx::meta::Nil&rang;&rang;, (unsigned short)1&rang;::element_size()</a> from boardconfiguration.o(t._ZN8touchgfx9PartitionINS_4meta8TypeListINS_12NoTransitionENS2_INS1_3NilES4_EEEELt1EE12element_sizeEv) referenced from boardconfiguration.o(.constdata__ZTVN8touchgfx9PartitionINS_4meta8TypeListINS_12NoTransitionENS2_INS1_3NilES4_EEEELt1EEE)
 <LI><a href="#[13b]">touchgfx::Partition&lang;touchgfx::meta::TypeList&lang;touchgfx::NoTransition, touchgfx::meta::TypeList&lang;touchgfx::meta::Nil, touchgfx::meta::Nil&rang;&rang;, (unsigned short)1&rang;::element(unsigned short)</a> from boardconfiguration.o(t._ZN8touchgfx9PartitionINS_4meta8TypeListINS_12NoTransitionENS2_INS1_3NilES4_EEEELt1EE7elementEt) referenced from boardconfiguration.o(.constdata__ZTVN8touchgfx9PartitionINS_4meta8TypeListINS_12NoTransitionENS2_INS1_3NilES4_EEEELt1EEE)
 <LI><a href="#[bb]">STM32F7HAL::getTFTFrameBuffer() const</a> from stm32f7hal.o(i._ZNK10STM32F7HAL17getTFTFrameBufferEv) referenced from stm32f7hal.o(.constdata__ZTV10STM32F7HAL)
 <LI><a href="#[fe]">touchgfx::InternalFlashFont::getKerning(unsigned short, const touchgfx::GlyphNode*) const</a> from internalflashfont.o(i._ZNK8touchgfx17InternalFlashFont10getKerningEtPKNS_9GlyphNodeE) referenced from internalflashfont.o(.constdata__ZTVN8touchgfx17InternalFlashFontE)
 <LI><a href="#[ff]">touchgfx::InternalFlashFont::getPixelData(const touchgfx::GlyphNode*) const</a> from internalflashfont.o(i._ZNK8touchgfx17InternalFlashFont12getPixelDataEPKNS_9GlyphNodeE) referenced from internalflashfont.o(.constdata__ZTVN8touchgfx17InternalFlashFontE)
 <LI><a href="#[10d]">touchgfx::Box::getSolidRect() const</a> from box.o(i._ZNK8touchgfx3Box12getSolidRectEv) referenced from box.o(.constdata__ZTVN8touchgfx3BoxE)
 <LI><a href="#[10c]">touchgfx::Box::draw(const touchgfx::Rect&) const</a> from box.o(i._ZNK8touchgfx3Box4drawERKNS_4RectE) referenced from box.o(.constdata__ZTVN8touchgfx3BoxE)
 <LI><a href="#[fb]">touchgfx::Font::getFontHeight() const</a> from font.o(i._ZNK8touchgfx4Font13getFontHeightEv) referenced from internalflashfont.o(.constdata__ZTVN8touchgfx17InternalFlashFontE)
 <LI><a href="#[fb]">touchgfx::Font::getFontHeight() const</a> from font.o(i._ZNK8touchgfx4Font13getFontHeightEv) referenced from constfont.o(.constdata__ZTVN8touchgfx9ConstFontE)
 <LI><a href="#[fa]">touchgfx::Font::getStringWidth(unsigned char, const unsigned short*, ...) const</a> from font.o(i._ZNK8touchgfx4Font14getStringWidthEhPKtz) referenced from internalflashfont.o(.constdata__ZTVN8touchgfx17InternalFlashFontE)
 <LI><a href="#[fa]">touchgfx::Font::getStringWidth(unsigned char, const unsigned short*, ...) const</a> from font.o(i._ZNK8touchgfx4Font14getStringWidthEhPKtz) referenced from constfont.o(.constdata__ZTVN8touchgfx9ConstFontE)
 <LI><a href="#[fd]">touchgfx::Font::getBitsPerPixel() const</a> from font.o(i._ZNK8touchgfx4Font15getBitsPerPixelEv) referenced from internalflashfont.o(.constdata__ZTVN8touchgfx17InternalFlashFontE)
 <LI><a href="#[fd]">touchgfx::Font::getBitsPerPixel() const</a> from font.o(i._ZNK8touchgfx4Font15getBitsPerPixelEv) referenced from constfont.o(.constdata__ZTVN8touchgfx9ConstFontE)
 <LI><a href="#[f9]">touchgfx::Font::getEllipsisChar() const</a> from font.o(i._ZNK8touchgfx4Font15getEllipsisCharEv) referenced from internalflashfont.o(.constdata__ZTVN8touchgfx17InternalFlashFontE)
 <LI><a href="#[f9]">touchgfx::Font::getEllipsisChar() const</a> from font.o(i._ZNK8touchgfx4Font15getEllipsisCharEv) referenced from constfont.o(.constdata__ZTVN8touchgfx9ConstFontE)
 <LI><a href="#[f8]">touchgfx::Font::getFallbackChar() const</a> from font.o(i._ZNK8touchgfx4Font15getFallbackCharEv) referenced from internalflashfont.o(.constdata__ZTVN8touchgfx17InternalFlashFontE)
 <LI><a href="#[f8]">touchgfx::Font::getFallbackChar() const</a> from font.o(i._ZNK8touchgfx4Font15getFallbackCharEv) referenced from constfont.o(.constdata__ZTVN8touchgfx9ConstFontE)
 <LI><a href="#[9]">touchgfx::Font::getStringWidthLTR(unsigned char, const unsigned short*, std::__va_list) const</a> from font.o(i._ZNK8touchgfx4Font17getStringWidthLTREhPKtSt9__va_list) referenced 2 times from texts.o(.data)
 <LI><a href="#[fc]">touchgfx::Font::getMinimumTextHeight() const</a> from font.o(i._ZNK8touchgfx4Font20getMinimumTextHeightEv) referenced from internalflashfont.o(.constdata__ZTVN8touchgfx17InternalFlashFontE)
 <LI><a href="#[fc]">touchgfx::Font::getMinimumTextHeight() const</a> from font.o(i._ZNK8touchgfx4Font20getMinimumTextHeightEv) referenced from constfont.o(.constdata__ZTVN8touchgfx9ConstFontE)
 <LI><a href="#[f7]">touchgfx::Font::getGlyph(unsigned short) const</a> from font.o(i._ZNK8touchgfx4Font8getGlyphEt) referenced from internalflashfont.o(.constdata__ZTVN8touchgfx17InternalFlashFontE)
 <LI><a href="#[f7]">touchgfx::Font::getGlyph(unsigned short) const</a> from font.o(i._ZNK8touchgfx4Font8getGlyphEt) referenced from constfont.o(.constdata__ZTVN8touchgfx9ConstFontE)
 <LI><a href="#[121]">touchgfx::Button::getSolidRect() const</a> from button.o(i._ZNK8touchgfx6Button12getSolidRectEv) referenced from button.o(.constdata__ZTVN8touchgfx6ButtonE)
 <LI><a href="#[120]">touchgfx::Button::draw(const touchgfx::Rect&) const</a> from button.o(i._ZNK8touchgfx6Button4drawERKNS_4RectE) referenced from button.o(.constdata__ZTVN8touchgfx6ButtonE)
 <LI><a href="#[127]">touchgfx::Callback&lang;FrontendApplicationBase, void, void, void&rang;::isValid() const</a> from frontendapplicationbase.o(t._ZNK8touchgfx8CallbackI23FrontendApplicationBasevvvE7isValidEv) referenced from frontendapplicationbase.o(.constdata__ZTVN8touchgfx8CallbackI23FrontendApplicationBasevvvEE)
 <LI><a href="#[10f]">touchgfx::Drawable::invalidate() const</a> from drawable.o(i._ZNK8touchgfx8Drawable10invalidateEv) referenced from box.o(.constdata__ZTVN8touchgfx3BoxE)
 <LI><a href="#[10f]">touchgfx::Drawable::invalidate() const</a> from drawable.o(i._ZNK8touchgfx8Drawable10invalidateEv) referenced from button.o(.constdata__ZTVN8touchgfx6ButtonE)
 <LI><a href="#[10f]">touchgfx::Drawable::invalidate() const</a> from drawable.o(i._ZNK8touchgfx8Drawable10invalidateEv) referenced from screen1viewbase.o(.constdata__ZTVN8touchgfx6WidgetE)
 <LI><a href="#[10f]">touchgfx::Drawable::invalidate() const</a> from drawable.o(i._ZNK8touchgfx8Drawable10invalidateEv) referenced from drawable.o(.constdata__ZTVN8touchgfx8DrawableE)
 <LI><a href="#[10f]">touchgfx::Drawable::invalidate() const</a> from drawable.o(i._ZNK8touchgfx8Drawable10invalidateEv) referenced from textarea.o(.constdata__ZTVN8touchgfx8TextAreaE)
 <LI><a href="#[10f]">touchgfx::Drawable::invalidate() const</a> from drawable.o(i._ZNK8touchgfx8Drawable10invalidateEv) referenced from container.o(.constdata__ZTVN8touchgfx9ContainerE)
 <LI><a href="#[111]">touchgfx::Drawable::getVisibleRect(touchgfx::Rect&) const</a> from drawable.o(i._ZNK8touchgfx8Drawable14getVisibleRectERNS_4RectE) referenced from box.o(.constdata__ZTVN8touchgfx3BoxE)
 <LI><a href="#[111]">touchgfx::Drawable::getVisibleRect(touchgfx::Rect&) const</a> from drawable.o(i._ZNK8touchgfx8Drawable14getVisibleRectERNS_4RectE) referenced from button.o(.constdata__ZTVN8touchgfx6ButtonE)
 <LI><a href="#[111]">touchgfx::Drawable::getVisibleRect(touchgfx::Rect&) const</a> from drawable.o(i._ZNK8touchgfx8Drawable14getVisibleRectERNS_4RectE) referenced from screen1viewbase.o(.constdata__ZTVN8touchgfx6WidgetE)
 <LI><a href="#[111]">touchgfx::Drawable::getVisibleRect(touchgfx::Rect&) const</a> from drawable.o(i._ZNK8touchgfx8Drawable14getVisibleRectERNS_4RectE) referenced from drawable.o(.constdata__ZTVN8touchgfx8DrawableE)
[...]
</UL>

<P><STRONG><a name="[179]"></a>DMA2D_SetConfig</STRONG> (Thumb, 146 bytes, Stack size 20 bytes, stm32f7xx_hal_dma2d.o(i.DMA2D_SetConfig))
<BR><BR>[Stack]<UL><LI>Max Depth = 20<LI>Call Chain = DMA2D_SetConfig
</UL>
<BR>[Called By]<UL><LI><a href="#[182]">&gt;&gt;</a>&nbsp;&nbsp;&nbsp;HAL_DMA2D_Start_IT
<LI><a href="#[178]">&gt;&gt;</a>&nbsp;&nbsp;&nbsp;HAL_DMA2D_BlendingStart_IT
</UL>

<P><STRONG><a name="[195]"></a>LTDC_SetConfig</STRONG> (Thumb, 464 bytes, Stack size 48 bytes, stm32f7xx_hal_ltdc.o(i.LTDC_SetConfig))
<BR><BR>[Stack]<UL><LI>Max Depth = 48<LI>Call Chain = LTDC_SetConfig
</UL>
<BR>[Called By]<UL><LI><a href="#[193]">&gt;&gt;</a>&nbsp;&nbsp;&nbsp;HAL_LTDC_ConfigLayer
</UL>

<P><STRONG><a name="[1cc]"></a>TIM_ITRx_SetConfig</STRONG> (Thumb, 16 bytes, Stack size 0 bytes, stm32f7xx_hal_tim.o(i.TIM_ITRx_SetConfig))
<BR><BR>[Called By]<UL><LI><a href="#[1c8]">&gt;&gt;</a>&nbsp;&nbsp;&nbsp;HAL_TIM_ConfigClockSource
</UL>

<P><STRONG><a name="[1ca]"></a>TIM_TI1_ConfigInputStage</STRONG> (Thumb, 34 bytes, Stack size 8 bytes, stm32f7xx_hal_tim.o(i.TIM_TI1_ConfigInputStage))
<BR><BR>[Stack]<UL><LI>Max Depth = 8<LI>Call Chain = TIM_TI1_ConfigInputStage
</UL>
<BR>[Called By]<UL><LI><a href="#[1c8]">&gt;&gt;</a>&nbsp;&nbsp;&nbsp;HAL_TIM_ConfigClockSource
</UL>

<P><STRONG><a name="[1cb]"></a>TIM_TI2_ConfigInputStage</STRONG> (Thumb, 36 bytes, Stack size 8 bytes, stm32f7xx_hal_tim.o(i.TIM_TI2_ConfigInputStage))
<BR><BR>[Stack]<UL><LI>Max Depth = 8<LI>Call Chain = TIM_TI2_ConfigInputStage
</UL>
<BR>[Called By]<UL><LI><a href="#[1c8]">&gt;&gt;</a>&nbsp;&nbsp;&nbsp;HAL_TIM_ConfigClockSource
</UL>

<P><STRONG><a name="[1db]"></a>TIM_OC5_SetConfig</STRONG> (Thumb, 74 bytes, Stack size 20 bytes, stm32f7xx_hal_tim_ex.o(i.TIM_OC5_SetConfig))
<BR><BR>[Stack]<UL><LI>Max Depth = 20<LI>Call Chain = TIM_OC5_SetConfig
</UL>
<BR>[Called By]<UL><LI><a href="#[1d6]">&gt;&gt;</a>&nbsp;&nbsp;&nbsp;HAL_TIM_PWM_ConfigChannel
</UL>

<P><STRONG><a name="[1dc]"></a>TIM_OC6_SetConfig</STRONG> (Thumb, 74 bytes, Stack size 20 bytes, stm32f7xx_hal_tim_ex.o(i.TIM_OC6_SetConfig))
<BR><BR>[Stack]<UL><LI>Max Depth = 20<LI>Call Chain = TIM_OC6_SetConfig
</UL>
<BR>[Called By]<UL><LI><a href="#[1d6]">&gt;&gt;</a>&nbsp;&nbsp;&nbsp;HAL_TIM_PWM_ConfigChannel
</UL>

<P><STRONG><a name="[15d]"></a>ADC_Init</STRONG> (Thumb, 294 bytes, Stack size 8 bytes, stm32f7xx_hal_adc.o(i.ADC_Init))
<BR><BR>[Stack]<UL><LI>Max Depth = 8<LI>Call Chain = ADC_Init
</UL>
<BR>[Called By]<UL><LI><a href="#[15b]">&gt;&gt;</a>&nbsp;&nbsp;&nbsp;HAL_ADC_Init
</UL>

<P><STRONG><a name="[1a4]"></a>NVIC_SetPriority</STRONG> (Thumb, 34 bytes, Stack size 0 bytes, stm32f7xx_hal_cortex.o(i.NVIC_SetPriority))
<BR><BR>[Called By]<UL><LI><a href="#[162]">&gt;&gt;</a>&nbsp;&nbsp;&nbsp;HAL_NVIC_SetPriority
</UL>

<P><STRONG><a name="[7a]"></a>I2C_DMAAbort</STRONG> (Thumb, 50 bytes, Stack size 8 bytes, stm32f7xx_hal_i2c.o(i.I2C_DMAAbort))
<BR><BR>[Stack]<UL><LI>Max Depth = 8<LI>Call Chain = I2C_DMAAbort
</UL>
<BR>[Calls]<UL><LI><a href="#[1e1]">&gt;&gt;</a>&nbsp;&nbsp;&nbsp;HAL_I2C_ErrorCallback
<LI><a href="#[1e2]">&gt;&gt;</a>&nbsp;&nbsp;&nbsp;HAL_I2C_AbortCpltCallback
</UL>
<BR>[Address Reference Count : 1]<UL><LI> stm32f7xx_hal_i2c.o(i.I2C_ITError)
</UL>
<P><STRONG><a name="[1e4]"></a>I2C_Disable_IRQ</STRONG> (Thumb, 88 bytes, Stack size 8 bytes, stm32f7xx_hal_i2c.o(i.I2C_Disable_IRQ))
<BR><BR>[Stack]<UL><LI>Max Depth = 8<LI>Call Chain = I2C_Disable_IRQ
</UL>
<BR>[Called By]<UL><LI><a href="#[1ec]">&gt;&gt;</a>&nbsp;&nbsp;&nbsp;I2C_ITSlaveSequentialCplt
<LI><a href="#[1e8]">&gt;&gt;</a>&nbsp;&nbsp;&nbsp;I2C_ITSlaveCplt
<LI><a href="#[1e6]">&gt;&gt;</a>&nbsp;&nbsp;&nbsp;I2C_ITListenCplt
<LI><a href="#[188]">&gt;&gt;</a>&nbsp;&nbsp;&nbsp;I2C_ITError
<LI><a href="#[1e3]">&gt;&gt;</a>&nbsp;&nbsp;&nbsp;I2C_ITAddrCplt
</UL>

<P><STRONG><a name="[1e9]"></a>I2C_Flush_TXDR</STRONG> (Thumb, 34 bytes, Stack size 0 bytes, stm32f7xx_hal_i2c.o(i.I2C_Flush_TXDR))
<BR><BR>[Called By]<UL><LI><a href="#[7b]">&gt;&gt;</a>&nbsp;&nbsp;&nbsp;I2C_Slave_ISR_IT
<LI><a href="#[1e8]">&gt;&gt;</a>&nbsp;&nbsp;&nbsp;I2C_ITSlaveCplt
</UL>

<P><STRONG><a name="[1e3]"></a>I2C_ITAddrCplt</STRONG> (Thumb, 136 bytes, Stack size 24 bytes, stm32f7xx_hal_i2c.o(i.I2C_ITAddrCplt))
<BR><BR>[Stack]<UL><LI>Max Depth = 32<LI>Call Chain = I2C_ITAddrCplt &rArr; I2C_Disable_IRQ
</UL>
<BR>[Calls]<UL><LI><a href="#[1e5]">&gt;&gt;</a>&nbsp;&nbsp;&nbsp;HAL_I2C_AddrCallback
<LI><a href="#[1e4]">&gt;&gt;</a>&nbsp;&nbsp;&nbsp;I2C_Disable_IRQ
</UL>
<BR>[Called By]<UL><LI><a href="#[7b]">&gt;&gt;</a>&nbsp;&nbsp;&nbsp;I2C_Slave_ISR_IT
</UL>

<P><STRONG><a name="[188]"></a>I2C_ITError</STRONG> (Thumb, 210 bytes, Stack size 16 bytes, stm32f7xx_hal_i2c.o(i.I2C_ITError))
<BR><BR>[Stack]<UL><LI>Max Depth = 24<LI>Call Chain = I2C_ITError &rArr; I2C_Disable_IRQ
</UL>
<BR>[Calls]<UL><LI><a href="#[1e1]">&gt;&gt;</a>&nbsp;&nbsp;&nbsp;HAL_I2C_ErrorCallback
<LI><a href="#[1e2]">&gt;&gt;</a>&nbsp;&nbsp;&nbsp;HAL_I2C_AbortCpltCallback
<LI><a href="#[1a7]">&gt;&gt;</a>&nbsp;&nbsp;&nbsp;HAL_DMA_Abort_IT
<LI><a href="#[1e4]">&gt;&gt;</a>&nbsp;&nbsp;&nbsp;I2C_Disable_IRQ
</UL>
<BR>[Called By]<UL><LI><a href="#[187]">&gt;&gt;</a>&nbsp;&nbsp;&nbsp;HAL_I2C_ER_IRQHandler
<LI><a href="#[1e8]">&gt;&gt;</a>&nbsp;&nbsp;&nbsp;I2C_ITSlaveCplt
</UL>

<P><STRONG><a name="[1e6]"></a>I2C_ITListenCplt</STRONG> (Thumb, 90 bytes, Stack size 16 bytes, stm32f7xx_hal_i2c.o(i.I2C_ITListenCplt))
<BR><BR>[Stack]<UL><LI>Max Depth = 24<LI>Call Chain = I2C_ITListenCplt &rArr; I2C_Disable_IRQ
</UL>
<BR>[Calls]<UL><LI><a href="#[1e7]">&gt;&gt;</a>&nbsp;&nbsp;&nbsp;HAL_I2C_ListenCpltCallback
<LI><a href="#[1e4]">&gt;&gt;</a>&nbsp;&nbsp;&nbsp;I2C_Disable_IRQ
</UL>
<BR>[Called By]<UL><LI><a href="#[7b]">&gt;&gt;</a>&nbsp;&nbsp;&nbsp;I2C_Slave_ISR_IT
<LI><a href="#[1e8]">&gt;&gt;</a>&nbsp;&nbsp;&nbsp;I2C_ITSlaveCplt
</UL>

<P><STRONG><a name="[1e8]"></a>I2C_ITSlaveCplt</STRONG> (Thumb, 232 bytes, Stack size 16 bytes, stm32f7xx_hal_i2c.o(i.I2C_ITSlaveCplt))
<BR><BR>[Stack]<UL><LI>Max Depth = 40<LI>Call Chain = I2C_ITSlaveCplt &rArr; I2C_ITListenCplt &rArr; I2C_Disable_IRQ
</UL>
<BR>[Calls]<UL><LI><a href="#[1ea]">&gt;&gt;</a>&nbsp;&nbsp;&nbsp;HAL_I2C_SlaveTxCpltCallback
<LI><a href="#[1eb]">&gt;&gt;</a>&nbsp;&nbsp;&nbsp;HAL_I2C_SlaveRxCpltCallback
<LI><a href="#[1e7]">&gt;&gt;</a>&nbsp;&nbsp;&nbsp;HAL_I2C_ListenCpltCallback
<LI><a href="#[1e6]">&gt;&gt;</a>&nbsp;&nbsp;&nbsp;I2C_ITListenCplt
<LI><a href="#[188]">&gt;&gt;</a>&nbsp;&nbsp;&nbsp;I2C_ITError
<LI><a href="#[1e9]">&gt;&gt;</a>&nbsp;&nbsp;&nbsp;I2C_Flush_TXDR
<LI><a href="#[1e4]">&gt;&gt;</a>&nbsp;&nbsp;&nbsp;I2C_Disable_IRQ
</UL>
<BR>[Called By]<UL><LI><a href="#[7b]">&gt;&gt;</a>&nbsp;&nbsp;&nbsp;I2C_Slave_ISR_IT
</UL>

<P><STRONG><a name="[1ec]"></a>I2C_ITSlaveSequentialCplt</STRONG> (Thumb, 84 bytes, Stack size 16 bytes, stm32f7xx_hal_i2c.o(i.I2C_ITSlaveSequentialCplt))
<BR><BR>[Stack]<UL><LI>Max Depth = 24<LI>Call Chain = I2C_ITSlaveSequentialCplt &rArr; I2C_Disable_IRQ
</UL>
<BR>[Calls]<UL><LI><a href="#[1ea]">&gt;&gt;</a>&nbsp;&nbsp;&nbsp;HAL_I2C_SlaveTxCpltCallback
<LI><a href="#[1eb]">&gt;&gt;</a>&nbsp;&nbsp;&nbsp;HAL_I2C_SlaveRxCpltCallback
<LI><a href="#[1e4]">&gt;&gt;</a>&nbsp;&nbsp;&nbsp;I2C_Disable_IRQ
</UL>
<BR>[Called By]<UL><LI><a href="#[7b]">&gt;&gt;</a>&nbsp;&nbsp;&nbsp;I2C_Slave_ISR_IT
</UL>

<P><STRONG><a name="[7b]"></a>I2C_Slave_ISR_IT</STRONG> (Thumb, 270 bytes, Stack size 16 bytes, stm32f7xx_hal_i2c.o(i.I2C_Slave_ISR_IT))
<BR><BR>[Stack]<UL><LI>Max Depth = 56<LI>Call Chain = I2C_Slave_ISR_IT &rArr; I2C_ITSlaveCplt &rArr; I2C_ITListenCplt &rArr; I2C_Disable_IRQ
</UL>
<BR>[Calls]<UL><LI><a href="#[1ec]">&gt;&gt;</a>&nbsp;&nbsp;&nbsp;I2C_ITSlaveSequentialCplt
<LI><a href="#[1e8]">&gt;&gt;</a>&nbsp;&nbsp;&nbsp;I2C_ITSlaveCplt
<LI><a href="#[1e6]">&gt;&gt;</a>&nbsp;&nbsp;&nbsp;I2C_ITListenCplt
<LI><a href="#[1e3]">&gt;&gt;</a>&nbsp;&nbsp;&nbsp;I2C_ITAddrCplt
<LI><a href="#[1e9]">&gt;&gt;</a>&nbsp;&nbsp;&nbsp;I2C_Flush_TXDR
</UL>
<BR>[Address Reference Count : 1]<UL><LI> stm32f7xx_hal_i2c.o(i.I2C_ITError)
</UL>
<P><STRONG><a name="[79]"></a>QSPI_DMAAbortCplt</STRONG> (Thumb, 58 bytes, Stack size 8 bytes, stm32f7xx_hal_qspi.o(i.QSPI_DMAAbortCplt))
<BR><BR>[Stack]<UL><LI>Max Depth = 8<LI>Call Chain = QSPI_DMAAbortCplt
</UL>
<BR>[Calls]<UL><LI><a href="#[1ae]">&gt;&gt;</a>&nbsp;&nbsp;&nbsp;HAL_QSPI_ErrorCallback
</UL>
<BR>[Address Reference Count : 2]<UL><LI> stm32f7xx_hal_qspi.o(i.HAL_QSPI_Abort_IT)
<LI> stm32f7xx_hal_qspi.o(i.HAL_QSPI_IRQHandler)
</UL>
<P><STRONG><a name="[1b3]"></a>QSPI_WaitFlagStateUntilTimeout</STRONG> (Thumb, 72 bytes, Stack size 24 bytes, stm32f7xx_hal_qspi.o(i.QSPI_WaitFlagStateUntilTimeout))
<BR><BR>[Stack]<UL><LI>Max Depth = 24<LI>Call Chain = QSPI_WaitFlagStateUntilTimeout
</UL>
<BR>[Calls]<UL><LI><a href="#[173]">&gt;&gt;</a>&nbsp;&nbsp;&nbsp;HAL_GetTick
</UL>
<BR>[Called By]<UL><LI><a href="#[1b1]">&gt;&gt;</a>&nbsp;&nbsp;&nbsp;HAL_QSPI_Init
</UL>

<P><STRONG><a name="[1c5]"></a>SPI_EndRxTxTransaction</STRONG> (Thumb, 72 bytes, Stack size 24 bytes, stm32f7xx_hal_spi.o(i.SPI_EndRxTxTransaction))
<BR><BR>[Stack]<UL><LI>Max Depth = 56<LI>Call Chain = SPI_EndRxTxTransaction &rArr; SPI_WaitFifoStateUntilTimeout
</UL>
<BR>[Calls]<UL><LI><a href="#[201]">&gt;&gt;</a>&nbsp;&nbsp;&nbsp;SPI_WaitFlagStateUntilTimeout
<LI><a href="#[200]">&gt;&gt;</a>&nbsp;&nbsp;&nbsp;SPI_WaitFifoStateUntilTimeout
</UL>
<BR>[Called By]<UL><LI><a href="#[1c4]">&gt;&gt;</a>&nbsp;&nbsp;&nbsp;HAL_SPI_Transmit
</UL>

<P><STRONG><a name="[200]"></a>SPI_WaitFifoStateUntilTimeout</STRONG> (Thumb, 160 bytes, Stack size 32 bytes, stm32f7xx_hal_spi.o(i.SPI_WaitFifoStateUntilTimeout))
<BR><BR>[Stack]<UL><LI>Max Depth = 32<LI>Call Chain = SPI_WaitFifoStateUntilTimeout
</UL>
<BR>[Calls]<UL><LI><a href="#[173]">&gt;&gt;</a>&nbsp;&nbsp;&nbsp;HAL_GetTick
</UL>
<BR>[Called By]<UL><LI><a href="#[1c5]">&gt;&gt;</a>&nbsp;&nbsp;&nbsp;SPI_EndRxTxTransaction
</UL>

<P><STRONG><a name="[201]"></a>SPI_WaitFlagStateUntilTimeout</STRONG> (Thumb, 140 bytes, Stack size 24 bytes, stm32f7xx_hal_spi.o(i.SPI_WaitFlagStateUntilTimeout))
<BR><BR>[Stack]<UL><LI>Max Depth = 24<LI>Call Chain = SPI_WaitFlagStateUntilTimeout
</UL>
<BR>[Calls]<UL><LI><a href="#[173]">&gt;&gt;</a>&nbsp;&nbsp;&nbsp;HAL_GetTick
</UL>
<BR>[Called By]<UL><LI><a href="#[1c5]">&gt;&gt;</a>&nbsp;&nbsp;&nbsp;SPI_EndRxTxTransaction
</UL>

<P><STRONG><a name="[184]"></a>DMA_CalcBaseAndBitshift</STRONG> (Thumb, 34 bytes, Stack size 0 bytes, stm32f7xx_hal_dma.o(i.DMA_CalcBaseAndBitshift))
<BR><BR>[Called By]<UL><LI><a href="#[160]">&gt;&gt;</a>&nbsp;&nbsp;&nbsp;HAL_DMA_Init
</UL>

<P><STRONG><a name="[183]"></a>DMA_CheckFifoParam</STRONG> (Thumb, 84 bytes, Stack size 8 bytes, stm32f7xx_hal_dma.o(i.DMA_CheckFifoParam))
<BR><BR>[Stack]<UL><LI>Max Depth = 8<LI>Call Chain = DMA_CheckFifoParam
</UL>
<BR>[Called By]<UL><LI><a href="#[160]">&gt;&gt;</a>&nbsp;&nbsp;&nbsp;HAL_DMA_Init
</UL>

<P><STRONG><a name="[2ab]"></a>prvCopyDataFromQueue</STRONG> (Thumb, 38 bytes, Stack size 8 bytes, queue.o(i.prvCopyDataFromQueue))
<BR><BR>[Stack]<UL><LI>Max Depth = 8<LI>Call Chain = prvCopyDataFromQueue
</UL>
<BR>[Calls]<UL><LI><a href="#[2ac]">&gt;&gt;</a>&nbsp;&nbsp;&nbsp;__aeabi_memcpy
</UL>
<BR>[Called By]<UL><LI><a href="#[237]">&gt;&gt;</a>&nbsp;&nbsp;&nbsp;xQueueGenericReceive
</UL>

<P><STRONG><a name="[2ad]"></a>prvCopyDataToQueue</STRONG> (Thumb, 108 bytes, Stack size 24 bytes, queue.o(i.prvCopyDataToQueue))
<BR><BR>[Stack]<UL><LI>Max Depth = 40<LI>Call Chain = prvCopyDataToQueue &rArr; xTaskPriorityDisinherit
</UL>
<BR>[Calls]<UL><LI><a href="#[2ae]">&gt;&gt;</a>&nbsp;&nbsp;&nbsp;xTaskPriorityDisinherit
<LI><a href="#[2ac]">&gt;&gt;</a>&nbsp;&nbsp;&nbsp;__aeabi_memcpy
</UL>
<BR>[Called By]<UL><LI><a href="#[235]">&gt;&gt;</a>&nbsp;&nbsp;&nbsp;xQueueGenericSendFromISR
<LI><a href="#[234]">&gt;&gt;</a>&nbsp;&nbsp;&nbsp;xQueueGenericSend
</UL>

<P><STRONG><a name="[2b4]"></a>prvIsQueueEmpty</STRONG> (Thumb, 28 bytes, Stack size 8 bytes, queue.o(i.prvIsQueueEmpty))
<BR><BR>[Stack]<UL><LI>Max Depth = 8<LI>Call Chain = prvIsQueueEmpty
</UL>
<BR>[Calls]<UL><LI><a href="#[2a6]">&gt;&gt;</a>&nbsp;&nbsp;&nbsp;vPortExitCritical
<LI><a href="#[2a4]">&gt;&gt;</a>&nbsp;&nbsp;&nbsp;vPortEnterCritical
</UL>
<BR>[Called By]<UL><LI><a href="#[237]">&gt;&gt;</a>&nbsp;&nbsp;&nbsp;xQueueGenericReceive
</UL>

<P><STRONG><a name="[2b5]"></a>prvUnlockQueue</STRONG> (Thumb, 106 bytes, Stack size 24 bytes, queue.o(i.prvUnlockQueue))
<BR><BR>[Stack]<UL><LI>Max Depth = 48<LI>Call Chain = prvUnlockQueue &rArr; xTaskRemoveFromEventList
</UL>
<BR>[Calls]<UL><LI><a href="#[2b6]">&gt;&gt;</a>&nbsp;&nbsp;&nbsp;xTaskRemoveFromEventList
<LI><a href="#[2b7]">&gt;&gt;</a>&nbsp;&nbsp;&nbsp;vTaskMissedYield
<LI><a href="#[2a6]">&gt;&gt;</a>&nbsp;&nbsp;&nbsp;vPortExitCritical
<LI><a href="#[2a4]">&gt;&gt;</a>&nbsp;&nbsp;&nbsp;vPortEnterCritical
</UL>
<BR>[Called By]<UL><LI><a href="#[237]">&gt;&gt;</a>&nbsp;&nbsp;&nbsp;xQueueGenericReceive
<LI><a href="#[234]">&gt;&gt;</a>&nbsp;&nbsp;&nbsp;xQueueGenericSend
</UL>

<P><STRONG><a name="[29f]"></a>prvAddCurrentTaskToDelayedList</STRONG> (Thumb, 102 bytes, Stack size 24 bytes, tasks.o(i.prvAddCurrentTaskToDelayedList))
<BR><BR>[Stack]<UL><LI>Max Depth = 36<LI>Call Chain = prvAddCurrentTaskToDelayedList &rArr; vListInsert
</UL>
<BR>[Calls]<UL><LI><a href="#[2a1]">&gt;&gt;</a>&nbsp;&nbsp;&nbsp;vListInsertEnd
<LI><a href="#[2a2]">&gt;&gt;</a>&nbsp;&nbsp;&nbsp;vListInsert
<LI><a href="#[2a0]">&gt;&gt;</a>&nbsp;&nbsp;&nbsp;uxListRemove
</UL>
<BR>[Called By]<UL><LI><a href="#[29a]">&gt;&gt;</a>&nbsp;&nbsp;&nbsp;vTaskDelay
<LI><a href="#[2c0]">&gt;&gt;</a>&nbsp;&nbsp;&nbsp;vTaskPlaceOnEventList
</UL>

<P><STRONG><a name="[2a3]"></a>prvAddNewTaskToReadyList</STRONG> (Thumb, 194 bytes, Stack size 24 bytes, tasks.o(i.prvAddNewTaskToReadyList))
<BR><BR>[Stack]<UL><LI>Max Depth = 24<LI>Call Chain = prvAddNewTaskToReadyList
</UL>
<BR>[Calls]<UL><LI><a href="#[2a1]">&gt;&gt;</a>&nbsp;&nbsp;&nbsp;vListInsertEnd
<LI><a href="#[2a6]">&gt;&gt;</a>&nbsp;&nbsp;&nbsp;vPortExitCritical
<LI><a href="#[2a4]">&gt;&gt;</a>&nbsp;&nbsp;&nbsp;vPortEnterCritical
<LI><a href="#[2a5]">&gt;&gt;</a>&nbsp;&nbsp;&nbsp;vListInitialise
</UL>
<BR>[Called By]<UL><LI><a href="#[29e]">&gt;&gt;</a>&nbsp;&nbsp;&nbsp;xTaskCreate
</UL>

<P><STRONG><a name="[2a7]"></a>prvCheckTasksWaitingTermination</STRONG> (Thumb, 70 bytes, Stack size 16 bytes, tasks.o(i.prvCheckTasksWaitingTermination))
<BR><BR>[Stack]<UL><LI>Max Depth = 96<LI>Call Chain = prvCheckTasksWaitingTermination &rArr; prvDeleteTCB &rArr; vPortFree &rArr; xTaskResumeAll &rArr; xTaskIncrementTick
</UL>
<BR>[Calls]<UL><LI><a href="#[2aa]">&gt;&gt;</a>&nbsp;&nbsp;&nbsp;prvDeleteTCB
<LI><a href="#[2a0]">&gt;&gt;</a>&nbsp;&nbsp;&nbsp;uxListRemove
<LI><a href="#[2a9]">&gt;&gt;</a>&nbsp;&nbsp;&nbsp;xTaskResumeAll
<LI><a href="#[2a8]">&gt;&gt;</a>&nbsp;&nbsp;&nbsp;vTaskSuspendAll
<LI><a href="#[2a6]">&gt;&gt;</a>&nbsp;&nbsp;&nbsp;vPortExitCritical
<LI><a href="#[2a4]">&gt;&gt;</a>&nbsp;&nbsp;&nbsp;vPortEnterCritical
</UL>
<BR>[Called By]<UL><LI><a href="#[87]">&gt;&gt;</a>&nbsp;&nbsp;&nbsp;prvIdleTask
</UL>

<P><STRONG><a name="[2aa]"></a>prvDeleteTCB</STRONG> (Thumb, 20 bytes, Stack size 8 bytes, tasks.o(i.prvDeleteTCB))
<BR><BR>[Stack]<UL><LI>Max Depth = 80<LI>Call Chain = prvDeleteTCB &rArr; vPortFree &rArr; xTaskResumeAll &rArr; xTaskIncrementTick
</UL>
<BR>[Calls]<UL><LI><a href="#[2af]">&gt;&gt;</a>&nbsp;&nbsp;&nbsp;vPortFree
</UL>
<BR>[Called By]<UL><LI><a href="#[2a7]">&gt;&gt;</a>&nbsp;&nbsp;&nbsp;prvCheckTasksWaitingTermination
</UL>

<P><STRONG><a name="[87]"></a>prvIdleTask</STRONG> (Thumb, 34 bytes, Stack size 0 bytes, tasks.o(i.prvIdleTask))
<BR><BR>[Stack]<UL><LI>Max Depth = 96<LI>Call Chain = prvIdleTask &rArr; prvCheckTasksWaitingTermination &rArr; prvDeleteTCB &rArr; vPortFree &rArr; xTaskResumeAll &rArr; xTaskIncrementTick
</UL>
<BR>[Calls]<UL><LI><a href="#[2b0]">&gt;&gt;</a>&nbsp;&nbsp;&nbsp;vApplicationIdleHook
<LI><a href="#[2a7]">&gt;&gt;</a>&nbsp;&nbsp;&nbsp;prvCheckTasksWaitingTermination
</UL>
<BR>[Address Reference Count : 1]<UL><LI> tasks.o(i.vTaskStartScheduler)
</UL>
<P><STRONG><a name="[2b1]"></a>prvInitialiseNewTask</STRONG> (Thumb, 162 bytes, Stack size 32 bytes, tasks.o(i.prvInitialiseNewTask))
<BR><BR>[Stack]<UL><LI>Max Depth = 48<LI>Call Chain = prvInitialiseNewTask &rArr; pxPortInitialiseStack
</UL>
<BR>[Calls]<UL><LI><a href="#[2b3]">&gt;&gt;</a>&nbsp;&nbsp;&nbsp;pxPortInitialiseStack
<LI><a href="#[2b2]">&gt;&gt;</a>&nbsp;&nbsp;&nbsp;vListInitialiseItem
<LI><a href="#[14b]">&gt;&gt;</a>&nbsp;&nbsp;&nbsp;__aeabi_memset
</UL>
<BR>[Called By]<UL><LI><a href="#[29e]">&gt;&gt;</a>&nbsp;&nbsp;&nbsp;xTaskCreate
</UL>

<P><STRONG><a name="[2cb]"></a>prvResetNextTaskUnblockTime</STRONG> (Thumb, 26 bytes, Stack size 0 bytes, tasks.o(i.prvResetNextTaskUnblockTime))
<BR><BR>[Called By]<UL><LI><a href="#[207]">&gt;&gt;</a>&nbsp;&nbsp;&nbsp;xTaskIncrementTick
<LI><a href="#[2a9]">&gt;&gt;</a>&nbsp;&nbsp;&nbsp;xTaskResumeAll
</UL>

<P><STRONG><a name="[29d]"></a>makeFreeRtosPriority</STRONG> (Thumb, 14 bytes, Stack size 0 bytes, cmsis_os.o(i.makeFreeRtosPriority))
<BR><BR>[Called By]<UL><LI><a href="#[1f4]">&gt;&gt;</a>&nbsp;&nbsp;&nbsp;osThreadCreate
</UL>

<P><STRONG><a name="[2b9]"></a>prvHeapInit</STRONG> (Thumb, 70 bytes, Stack size 8 bytes, heap_4.o(i.prvHeapInit))
<BR><BR>[Stack]<UL><LI>Max Depth = 8<LI>Call Chain = prvHeapInit
</UL>
<BR>[Called By]<UL><LI><a href="#[2b8]">&gt;&gt;</a>&nbsp;&nbsp;&nbsp;pvPortMalloc
</UL>

<P><STRONG><a name="[2ba]"></a>prvInsertBlockIntoFreeList</STRONG> (Thumb, 72 bytes, Stack size 12 bytes, heap_4.o(i.prvInsertBlockIntoFreeList))
<BR><BR>[Stack]<UL><LI>Max Depth = 12<LI>Call Chain = prvInsertBlockIntoFreeList
</UL>
<BR>[Called By]<UL><LI><a href="#[2af]">&gt;&gt;</a>&nbsp;&nbsp;&nbsp;vPortFree
<LI><a href="#[2b8]">&gt;&gt;</a>&nbsp;&nbsp;&nbsp;pvPortMalloc
</UL>

<P><STRONG><a name="[85]"></a>prvTaskExitError</STRONG> (Thumb, 42 bytes, Stack size 0 bytes, port.o(i.prvTaskExitError))
<BR>[Address Reference Count : 1]<UL><LI> port.o(i.pxPortInitialiseStack)
</UL>
<P><STRONG><a name="[86]"></a>IdleTaskHook(void*)</STRONG> (Thumb, 24 bytes, Stack size 8 bytes, oswrappers.o(i._Z12IdleTaskHookPv))
<BR><BR>[Stack]<UL><LI>Max Depth = 16<LI>Call Chain = IdleTaskHook(void*) &rArr; touchgfx::HAL::setMCUActive(bool)
</UL>
<BR>[Calls]<UL><LI><a href="#[20d]">&gt;&gt;</a>&nbsp;&nbsp;&nbsp;touchgfx::HAL::setMCUActive(bool)
</UL>
<BR>[Address Reference Count : 1]<UL><LI> oswrappers.o(i.vApplicationIdleHook)
</UL>
<P><STRONG><a name="[13d]"></a>__sti___9_texts_cpp_454ca793</STRONG> (Thumb, 14 bytes, Stack size 0 bytes, texts.o(i.__sti___9_texts_cpp_454ca793))
<BR>[Address Reference Count : 1]<UL><LI> texts.o(.init_array)
</UL>
<P><STRONG><a name="[13e]"></a>__sti___21_typedtextdatabase_cpp_42ef4e5b</STRONG> (Thumb, 24 bytes, Stack size 8 bytes, typedtextdatabase.o(i.__sti___21_typedtextdatabase_cpp_42ef4e5b))
<BR><BR>[Stack]<UL><LI>Max Depth = 124<LI>Call Chain = __sti___21_typedtextdatabase_cpp_42ef4e5b &rArr; getFont_verdana_40_4bpp() &rArr; touchgfx::InternalFlashFont::InternalFlashFont(const touchgfx::GlyphNode*, unsigned short, unsigned short, unsigned char, unsigned char, unsigned char, unsigned char, const unsigned char*, const touchgfx::KerningNode*, unsigned short, unsigned short) &rArr; touchgfx::ConstFont::ConstFont__sub_object(const touchgfx::GlyphNode*, unsigned short, unsigned short, unsigned char, unsigned char, unsigned char, unsigned char, unsigned short, unsigned short)
</UL>
<BR>[Calls]<UL><LI><a href="#[217]">&gt;&gt;</a>&nbsp;&nbsp;&nbsp;getFont_verdana_40_4bpp()
<LI><a href="#[216]">&gt;&gt;</a>&nbsp;&nbsp;&nbsp;getFont_verdana_20_4bpp()
<LI><a href="#[213]">&gt;&gt;</a>&nbsp;&nbsp;&nbsp;getFont_verdana_10_4bpp()
</UL>
<BR>[Address Reference Count : 1]<UL><LI> typedtextdatabase.o(.init_array)
</UL><P>
<H3>
Undefined Global Symbols
</H3><HR></body></html>
