<html>
<body>
<pre>
<h1>µVision Build Log</h1>
<h2>Tool Versions:</h2>
IDE-Version: µVision V5.24.2.0
Copyright (C) 2017 ARM Ltd and ARM Germany GmbH. All rights reserved.
License Information: Sofia Paganelli, Dynamis PRC, LIC=MGXJJ-UPWHA-D3TM3-AP25Z-KHDEP-F28Z5
 
Tool Versions:
Toolchain:       MDK-ARM Professional  Version: 5.24.1
Toolchain Path:  C:\Keil_v5\ARM\ARMCC\Bin
C Compiler:      Armcc.exe V5.06 update 5 (build 528)
Assembler:       Armasm.exe V5.06 update 5 (build 528)
Linker/Locator:  ArmLink.exe V5.06 update 5 (build 528)
Library Manager: ArmAr.exe V5.06 update 5 (build 528)
Hex Converter:   FromElf.exe V5.06 update 5 (build 528)
CPU DLL:         SARMCM3.DLL V5.24.1
Dialog DLL:      DCM.DLL V1.16.0.0
Target DLL:      STLink\ST-LINKIII-KEIL_SWO.dll V3.0.1.0
Dialog DLL:      TCM.DLL V1.32.0.0
 
<h2>Project:</h2>
C:\Users\sofia\Desktop\GIT REPO\SW\SW_DP11_INIT\MDK-ARM\SW_DP11_INIT.uvprojx
Project File Date:  05/29/2019

<h2>Output:</h2>
*** Using Compiler 'V5.06 update 5 (build 528)', folder: 'C:\Keil_v5\ARM\ARMCC\Bin'
*** Warning: Using Microlib and C++ file(s) might cause the linker to fail !
  
Build target 'SW_DP11_INIT'
compiling d_rpm_limiter.c...
compiling d_traction_control.c...
compiling d_efiSense.c...
compiling d_sensors.c...
compiling d_gears.c...
compiling adc.c...
compiling main.cpp...
compiling gpio.c...
compiling can.c...
compiling i2c.c...
compiling freertos.c...
compiling tim.c...
compiling data.c...
compiling ACCELERATIONPresenter.cpp...
compiling BoardConfiguration.cpp...
compiling ACCELERATIONView.cpp...
compiling AUTOCROSSPresenter.cpp...
compiling AUTOCROSSView.cpp...
compiling BOARD_DEBUGPresenter.cpp...
compiling BOARD_DEBUGView.cpp...
compiling ENDURANCEPresenter.cpp...
compiling DEBUG_MODEPresenter.cpp...
compiling ENDURANCEView.cpp...
compiling DEBUG_MODEView.cpp...
compiling SETTINGSPresenter.cpp...
compiling Screen1Presenter.cpp...
compiling Screen1View.cpp...
compiling SETTINGSView.cpp...
compiling ApplicationFontProvider.cpp...
compiling ACCELERATIONViewBase.cpp...
compiling AUTOCROSSViewBase.cpp...
compiling BOARD_DEBUGViewBase.cpp...
compiling DEBUG_MODEViewBase.cpp...
compiling ENDURANCEViewBase.cpp...
compiling Font_Roboto_Black_100_4bpp.cpp...
compiling Font_Roboto_Regular_25_4bpp.cpp...
compiling Font_Roboto_Regular_180_4bpp.cpp...
compiling Font_Roboto_Regular_35_4bpp.cpp...
compiling Font_Roboto_Regular_45_4bpp.cpp...
compiling Font_Roboto_Regular_420_4bpp.cpp...
compiling Font_Roboto_Regular_63_4bpp.cpp...
compiling Font_Roboto_Regular_80_4bpp.cpp...
compiling FontGetters.cpp...
compiling Kerning_Roboto_Black_100_4bpp.cpp...
compiling Kerning_Roboto_Regular_180_4bpp.cpp...
compiling Kerning_Roboto_Regular_25_4bpp.cpp...
compiling Kerning_Roboto_Regular_35_4bpp.cpp...
compiling Kerning_Roboto_Regular_420_4bpp.cpp...
compiling Kerning_Roboto_Regular_45_4bpp.cpp...
compiling Kerning_Roboto_Regular_63_4bpp.cpp...
compiling SKIDPADPresenter.cpp...
compiling Kerning_Roboto_Regular_80_4bpp.cpp...
compiling SKIDPADView.cpp...
compiling LanguageGb.cpp...
compiling Table_Roboto_Black_100_4bpp.cpp...
compiling Table_Roboto_Regular_180_4bpp.cpp...
compiling SETTINGSViewBase.cpp...
compiling SKIDPADViewBase.cpp...
compiling Table_Roboto_Regular_25_4bpp.cpp...
compiling Table_Roboto_Regular_35_4bpp.cpp...
compiling Table_Roboto_Regular_420_4bpp.cpp...
compiling Table_Roboto_Regular_45_4bpp.cpp...
compiling Table_Roboto_Regular_63_4bpp.cpp...
compiling Table_Roboto_Regular_80_4bpp.cpp...
compiling Texts.cpp...
compiling TypedTextDatabase.cpp...
compiling FrontendApplicationBase.cpp...
linking...
Program Size: Code=123396 RO-data=1447884 RW-data=768 ZI-data=87924  
FromELF: creating hex file...
"SW_DP11_INIT\SW_DP11_INIT.axf" - 0 Error(s), 0 Warning(s).

<h2>Software Packages used:</h2>

Package Vendor: ARM
                http://www.keil.com/pack/ARM.CMSIS.5.4.0.pack
                ARM.CMSIS.5.4.0
                CMSIS (Cortex Microcontroller Software Interface Standard)
   * Component: CORE Version: 5.1.2

Package Vendor: Keil
                http://www.keil.com/pack/Keil.STM32F7xx_DFP.2.11.0.pack
                Keil.STM32F7xx_DFP.2.11.0
                STMicroelectronics STM32F7 Series Device Support, Drivers and Examples

<h2>Collection of Component include folders:</h2>
  .\RTE\_SW_DP11_INIT
  C:\Keil_v5\ARM\PACK\ARM\CMSIS\5.4.0\CMSIS\Core\Include
  C:\Keil_v5\ARM\PACK\Keil\STM32F7xx_DFP\2.11.0\Drivers\CMSIS\Device\ST\STM32F7xx\Include

<h2>Collection of Component Files used:</h2>

   * Component: ARM::CMSIS:CORE:5.1.2
Build Time Elapsed:  00:03:37
</pre>
</body>
</html>
