Component: ARM Compiler 5.06 update 5 (build 528) Tool: armlink [4d35e2]

==============================================================================

Section Cross References

    startup_stm32f746xx.o(RESET) refers to startup_stm32f746xx.o(STACK) for __initial_sp
    startup_stm32f746xx.o(RESET) refers to startup_stm32f746xx.o(.text) for Reset_Handler
    startup_stm32f746xx.o(RESET) refers to stm32f7xx_it.o(i.NMI_Handler) for NMI_Handler
    startup_stm32f746xx.o(RESET) refers to stm32f7xx_it.o(i.HardFault_Handler) for HardFault_Handler
    startup_stm32f746xx.o(RESET) refers to stm32f7xx_it.o(i.MemManage_Handler) for MemManage_Handler
    startup_stm32f746xx.o(RESET) refers to stm32f7xx_it.o(i.BusFault_Handler) for BusFault_Handler
    startup_stm32f746xx.o(RESET) refers to stm32f7xx_it.o(i.UsageFault_Handler) for UsageFault_Handler
    startup_stm32f746xx.o(RESET) refers to port.o(.emb_text) for SVC_Handler
    startup_stm32f746xx.o(RESET) refers to stm32f7xx_it.o(i.DebugMon_Handler) for DebugMon_Handler
    startup_stm32f746xx.o(RESET) refers to port.o(i.SysTick_Handler) for SysTick_Handler
    startup_stm32f746xx.o(RESET) refers to stm32f7xx_it.o(i.EXTI0_IRQHandler) for EXTI0_IRQHandler
    startup_stm32f746xx.o(RESET) refers to stm32f7xx_it.o(i.EXTI1_IRQHandler) for EXTI1_IRQHandler
    startup_stm32f746xx.o(RESET) refers to stm32f7xx_it.o(i.EXTI2_IRQHandler) for EXTI2_IRQHandler
    startup_stm32f746xx.o(RESET) refers to stm32f7xx_it.o(i.EXTI3_IRQHandler) for EXTI3_IRQHandler
    startup_stm32f746xx.o(RESET) refers to stm32f7xx_it.o(i.ADC_IRQHandler) for ADC_IRQHandler
    startup_stm32f746xx.o(RESET) refers to stm32f7xx_it.o(i.CAN1_TX_IRQHandler) for CAN1_TX_IRQHandler
    startup_stm32f746xx.o(RESET) refers to stm32f7xx_it.o(i.CAN1_RX0_IRQHandler) for CAN1_RX0_IRQHandler
    startup_stm32f746xx.o(RESET) refers to stm32f7xx_it.o(i.EXTI9_5_IRQHandler) for EXTI9_5_IRQHandler
    startup_stm32f746xx.o(RESET) refers to stm32f7xx_it.o(i.I2C1_EV_IRQHandler) for I2C1_EV_IRQHandler
    startup_stm32f746xx.o(RESET) refers to stm32f7xx_it.o(i.I2C1_ER_IRQHandler) for I2C1_ER_IRQHandler
    startup_stm32f746xx.o(RESET) refers to stm32f7xx_it.o(i.EXTI15_10_IRQHandler) for EXTI15_10_IRQHandler
    startup_stm32f746xx.o(RESET) refers to stm32f7xx_it.o(i.FMC_IRQHandler) for FMC_IRQHandler
    startup_stm32f746xx.o(RESET) refers to stm32f7xx_it.o(i.TIM6_DAC_IRQHandler) for TIM6_DAC_IRQHandler
    startup_stm32f746xx.o(RESET) refers to stm32f7xx_it.o(i.TIM7_IRQHandler) for TIM7_IRQHandler
    startup_stm32f746xx.o(RESET) refers to stm32f7xx_it.o(i.DMA2_Stream0_IRQHandler) for DMA2_Stream0_IRQHandler
    startup_stm32f746xx.o(RESET) refers to stm32f7xx_it.o(i.LTDC_IRQHandler) for LTDC_IRQHandler
    startup_stm32f746xx.o(RESET) refers to stm32f7xx_it.o(i.LTDC_ER_IRQHandler) for LTDC_ER_IRQHandler
    startup_stm32f746xx.o(RESET) refers to stm32f7xx_it.o(i.DMA2D_IRQHandler) for DMA2D_IRQHandler
    startup_stm32f746xx.o(RESET) refers to stm32f7xx_it.o(i.QUADSPI_IRQHandler) for QUADSPI_IRQHandler
    startup_stm32f746xx.o(.text) refers to system_stm32f7xx.o(i.SystemInit) for SystemInit
    startup_stm32f746xx.o(.text) refers to entry.o(.ARM.Collect$$$$00000000) for __main
    main.o(i.HAL_TIM_PeriodElapsedCallback) refers to stm32f7xx_hal.o(i.HAL_IncTick) for HAL_IncTick
    main.o(i.SystemClock_Config) refers to memseta.o(.text) for __aeabi_memclr4
    main.o(i.SystemClock_Config) refers to stm32f7xx_hal_pwr.o(i.HAL_PWR_EnableBkUpAccess) for HAL_PWR_EnableBkUpAccess
    main.o(i.SystemClock_Config) refers to stm32f7xx_hal_rcc.o(i.HAL_RCC_OscConfig) for HAL_RCC_OscConfig
    main.o(i.SystemClock_Config) refers to stm32f7xx_hal_pwr_ex.o(i.HAL_PWREx_EnableOverDrive) for HAL_PWREx_EnableOverDrive
    main.o(i.SystemClock_Config) refers to stm32f7xx_hal_rcc.o(i.HAL_RCC_ClockConfig) for HAL_RCC_ClockConfig
    main.o(i.SystemClock_Config) refers to stm32f7xx_hal_rcc_ex.o(i.HAL_RCCEx_PeriphCLKConfig) for HAL_RCCEx_PeriphCLKConfig
    main.o(i.main) refers to stm32f7xx_hal.o(i.HAL_Init) for HAL_Init
    main.o(i.main) refers to main.o(i.SystemClock_Config) for SystemClock_Config
    main.o(i.main) refers to gpio.o(i.MX_GPIO_Init) for MX_GPIO_Init
    main.o(i.main) refers to dma.o(i.MX_DMA_Init) for MX_DMA_Init
    main.o(i.main) refers to can.o(i.MX_CAN1_Init) for MX_CAN1_Init
    main.o(i.main) refers to quadspi.o(i.MX_QUADSPI_Init) for MX_QUADSPI_Init
    main.o(i.main) refers to spi.o(i.MX_SPI1_Init) for MX_SPI1_Init
    main.o(i.main) refers to i2c.o(i.MX_I2C1_Init) for MX_I2C1_Init
    main.o(i.main) refers to adc.o(i.MX_ADC1_Init) for MX_ADC1_Init
    main.o(i.main) refers to crc.o(i.MX_CRC_Init) for MX_CRC_Init
    main.o(i.main) refers to tim.o(i.MX_TIM7_Init) for MX_TIM7_Init
    main.o(i.main) refers to tim.o(i.MX_TIM12_Init) for MX_TIM12_Init
    main.o(i.main) refers to spi.o(i.SPI_ltdc_init_sequence) for SPI_ltdc_init_sequence
    main.o(i.main) refers to i2c.o(i.I2C_getPointers) for I2C_getPointers
[...]
    0x0800282a   0x0800282a   0x00000002   Code   RO         5922    i.HAL_QSPI_ErrorCallback  stm32f7xx_hal_qspi.o
    0x0800282c   0x0800282c   0x00000002   Code   RO         5923    i.HAL_QSPI_FifoThresholdCallback  stm32f7xx_hal_qspi.o
    0x0800282e   0x0800282e   0x00000002   PAD
    0x08002830   0x08002830   0x000001dc   Code   RO         5927    i.HAL_QSPI_IRQHandler  stm32f7xx_hal_qspi.o
    0x08002a0c   0x08002a0c   0x000000c0   Code   RO         5928    i.HAL_QSPI_Init     stm32f7xx_hal_qspi.o
    0x08002acc   0x08002acc   0x000000c0   Code   RO          961    i.HAL_QSPI_MspInit  quadspi.o
    0x08002b8c   0x08002b8c   0x00000002   Code   RO         5935    i.HAL_QSPI_RxCpltCallback  stm32f7xx_hal_qspi.o
    0x08002b8e   0x08002b8e   0x00000002   Code   RO         5939    i.HAL_QSPI_StatusMatchCallback  stm32f7xx_hal_qspi.o
    0x08002b90   0x08002b90   0x00000002   Code   RO         5940    i.HAL_QSPI_TimeOutCallback  stm32f7xx_hal_qspi.o
    0x08002b92   0x08002b92   0x00000002   Code   RO         5944    i.HAL_QSPI_TxCpltCallback  stm32f7xx_hal_qspi.o
    0x08002b94   0x08002b94   0x000004fc   Code   RO         6604    i.HAL_RCCEx_PeriphCLKConfig  stm32f7xx_hal_rcc_ex.o
    0x08003090   0x08003090   0x0000012c   Code   RO         6497    i.HAL_RCC_ClockConfig  stm32f7xx_hal_rcc.o
    0x080031bc   0x080031bc   0x00000040   Code   RO         6501    i.HAL_RCC_GetClockConfig  stm32f7xx_hal_rcc.o
    0x080031fc   0x080031fc   0x0000000c   Code   RO         6502    i.HAL_RCC_GetHCLKFreq  stm32f7xx_hal_rcc.o
    0x08003208   0x08003208   0x00000020   Code   RO         6504    i.HAL_RCC_GetPCLK1Freq  stm32f7xx_hal_rcc.o
    0x08003228   0x08003228   0x00000064   Code   RO         6506    i.HAL_RCC_GetSysClockFreq  stm32f7xx_hal_rcc.o
    0x0800328c   0x0800328c   0x00000338   Code   RO         6509    i.HAL_RCC_OscConfig  stm32f7xx_hal_rcc.o
    0x080035c4   0x080035c4   0x0000001e   Code   RO         3354    i.HAL_SDRAM_IRQHandler  stm32f7xx_hal_sdram.o
    0x080035e2   0x080035e2   0x00000042   Code   RO         3355    i.HAL_SDRAM_Init    stm32f7xx_hal_sdram.o
    0x08003624   0x08003624   0x00000004   Code   RO         2909    i.HAL_SDRAM_MspInit  hw_init.o
    0x08003628   0x08003628   0x00000022   Code   RO         3358    i.HAL_SDRAM_ProgramRefreshRate  stm32f7xx_hal_sdram.o
    0x0800364a   0x0800364a   0x00000002   Code   RO         3363    i.HAL_SDRAM_RefreshErrorCallback  stm32f7xx_hal_sdram.o
    0x0800364c   0x0800364c   0x00000030   Code   RO         3364    i.HAL_SDRAM_SendCommand  stm32f7xx_hal_sdram.o
    0x0800367c   0x0800367c   0x000000c4   Code   RO         6180    i.HAL_SPI_Init      stm32f7xx_hal_spi.o
    0x08003740   0x08003740   0x00000064   Code   RO         1003    i.HAL_SPI_MspInit   spi.o
    0x080037a4   0x080037a4   0x0000013e   Code   RO         6188    i.HAL_SPI_Transmit  stm32f7xx_hal_spi.o
    0x080038e2   0x080038e2   0x00000002   Code   RO         4432    i.HAL_TIMEx_BreakCallback  stm32f7xx_hal_tim_ex.o
    0x080038e4   0x080038e4   0x00000002   Code   RO         4433    i.HAL_TIMEx_CommutationCallback  stm32f7xx_hal_tim_ex.o
    0x080038e6   0x080038e6   0x00000002   PAD
    0x080038e8   0x080038e8   0x00000058   Code   RO         4450    i.HAL_TIMEx_MasterConfigSynchronization  stm32f7xx_hal_tim_ex.o
    0x08003940   0x08003940   0x00000036   Code   RO         3800    i.HAL_TIM_Base_Init  stm32f7xx_hal_tim.o
    0x08003976   0x08003976   0x00000002   PAD
    0x08003978   0x08003978   0x00000070   Code   RO         1064    i.HAL_TIM_Base_MspInit  tim.o
    0x080039e8   0x080039e8   0x0000001a   Code   RO         3803    i.HAL_TIM_Base_Start  stm32f7xx_hal_tim.o
    0x08003a02   0x08003a02   0x00000018   Code   RO         3805    i.HAL_TIM_Base_Start_IT  stm32f7xx_hal_tim.o
    0x08003a1a   0x08003a1a   0x00000002   PAD
    0x08003a1c   0x08003a1c   0x000000fc   Code   RO         3809    i.HAL_TIM_ConfigClockSource  stm32f7xx_hal_tim.o
    0x08003b18   0x08003b18   0x00000002   Code   RO         3829    i.HAL_TIM_IC_CaptureCallback  stm32f7xx_hal_tim.o
    0x08003b1a   0x08003b1a   0x0000017e   Code   RO         3842    i.HAL_TIM_IRQHandler  stm32f7xx_hal_tim.o
    0x08003c98   0x08003c98   0x00000084   Code   RO         1065    i.HAL_TIM_MspPostInit  tim.o
    0x08003d1c   0x08003d1c   0x00000002   Code   RO         3845    i.HAL_TIM_OC_DelayElapsedCallback  stm32f7xx_hal_tim.o
    0x08003d1e   0x08003d1e   0x00000128   Code   RO         4470    i.HAL_TIM_PWM_ConfigChannel  stm32f7xx_hal_tim_ex.o
    0x08003e46   0x08003e46   0x00000036   Code   RO         3869    i.HAL_TIM_PWM_Init  stm32f7xx_hal_tim.o
    0x08003e7c   0x08003e7c   0x00000002   Code   RO         3871    i.HAL_TIM_PWM_MspInit  stm32f7xx_hal_tim.o
    0x08003e7e   0x08003e7e   0x00000002   Code   RO         3872    i.HAL_TIM_PWM_PulseFinishedCallback  stm32f7xx_hal_tim.o
    0x08003e80   0x08003e80   0x00000014   Code   RO           14    i.HAL_TIM_PeriodElapsedCallback  main.o
    0x08003e94   0x08003e94   0x00000002   Code   RO         3883    i.HAL_TIM_TriggerCallback  stm32f7xx_hal_tim.o
    0x08003e96   0x08003e96   0x00000002   Code   RO         1132    i.HardFault_Handler  stm32f7xx_it.o
    0x08003e98   0x08003e98   0x0000000c   Code   RO         1133    i.I2C1_ER_IRQHandler  stm32f7xx_it.o
    0x08003ea4   0x08003ea4   0x0000000c   Code   RO         1134    i.I2C1_EV_IRQHandler  stm32f7xx_it.o
    0x08003eb0   0x08003eb0   0x00000032   Code   RO         5500    i.I2C_DMAAbort      stm32f7xx_hal_i2c.o
    0x08003ee2   0x08003ee2   0x00000058   Code   RO         5506    i.I2C_Disable_IRQ   stm32f7xx_hal_i2c.o
    0x08003f3a   0x08003f3a   0x00000022   Code   RO         5508    i.I2C_Flush_TXDR    stm32f7xx_hal_i2c.o
    0x08003f5c   0x08003f5c   0x00000088   Code   RO         5509    i.I2C_ITAddrCplt    stm32f7xx_hal_i2c.o
    0x08003fe4   0x08003fe4   0x000000e0   Code   RO         5510    i.I2C_ITError       stm32f7xx_hal_i2c.o
    0x080040c4   0x080040c4   0x00000060   Code   RO         5511    i.I2C_ITListenCplt  stm32f7xx_hal_i2c.o
    0x08004124   0x08004124   0x000000f0   Code   RO         5514    i.I2C_ITSlaveCplt   stm32f7xx_hal_i2c.o
    0x08004214   0x08004214   0x00000054   Code   RO         5515    i.I2C_ITSlaveSequentialCplt  stm32f7xx_hal_i2c.o
    0x08004268   0x08004268   0x0000007c   Code   RO         5516    i.I2C_IsAcknowledgeFailed  stm32f7xx_hal_i2c.o
    0x080042e4   0x080042e4   0x00000070   Code   RO         5519    i.I2C_RequestMemoryRead  stm32f7xx_hal_i2c.o
    0x08004354   0x08004354   0x00000070   Code   RO         5520    i.I2C_RequestMemoryWrite  stm32f7xx_hal_i2c.o
    0x080043c4   0x080043c4   0x00000114   Code   RO         5522    i.I2C_Slave_ISR_IT  stm32f7xx_hal_i2c.o
    0x080044d8   0x080044d8   0x0000002c   Code   RO         5523    i.I2C_TransferConfig  stm32f7xx_hal_i2c.o
    0x08004504   0x08004504   0x00000052   Code   RO         5524    i.I2C_WaitOnFlagUntilTimeout  stm32f7xx_hal_i2c.o
    0x08004556   0x08004556   0x00000050   Code   RO         5526    i.I2C_WaitOnSTOPFlagUntilTimeout  stm32f7xx_hal_i2c.o
    0x080045a6   0x080045a6   0x00000054   Code   RO         5527    i.I2C_WaitOnTXISFlagUntilTimeout  stm32f7xx_hal_i2c.o
    0x080045fa   0x080045fa   0x00000002   PAD
    0x080045fc   0x080045fc   0x00000034   Code   RO          855    i.I2C_eeprom_read   i2c.o
    0x08004630   0x08004630   0x00000034   Code   RO          856    i.I2C_eeprom_write  i2c.o
    0x08004664   0x08004664   0x0000007c   Code   RO          857    i.I2C_getPointers   i2c.o
    0x080046e0   0x080046e0   0x0000003c   Code   RO          858    i.I2C_get_accPointers  i2c.o
    0x0800471c   0x0800471c   0x0000003c   Code   RO          859    i.I2C_get_autPointers  i2c.o
    0x08004758   0x08004758   0x0000003c   Code   RO          860    i.I2C_get_endPointers  i2c.o
    0x08004794   0x08004794   0x0000003c   Code   RO          861    i.I2C_get_skiPointers  i2c.o
    0x080047d0   0x080047d0   0x0000000c   Code   RO         1135    i.LTDC_ER_IRQHandler  stm32f7xx_it.o
    0x080047dc   0x080047dc   0x0000000c   Code   RO         1136    i.LTDC_IRQHandler   stm32f7xx_it.o
    0x080047e8   0x080047e8   0x000001d0   Code   RO         3544    i.LTDC_SetConfig    stm32f7xx_hal_ltdc.o
    0x080049b8   0x080049b8   0x00000088   Code   RO          428    i.MX_ADC1_Init      adc.o
    0x08004a40   0x08004a40   0x00000040   Code   RO          470    i.MX_CAN1_Init      can.o
    0x08004a80   0x08004a80   0x00000030   Code   RO          512    i.MX_CRC_Init       crc.o
    0x08004ab0   0x08004ab0   0x0000002c   Code   RO          552    i.MX_DMA_Init       dma.o
    0x08004adc   0x08004adc   0x000003b4   Code   RO          579    i.MX_FREERTOS_Init  freertos.o
    0x08004e90   0x08004e90   0x00000238   Code   RO          272    i.MX_GPIO_Init      gpio.o
    0x080050c8   0x080050c8   0x00000058   Code   RO          866    i.MX_I2C1_Init      i2c.o
    0x08005120   0x08005120   0x00000038   Code   RO          962    i.MX_QUADSPI_Init   quadspi.o
    0x08005158   0x08005158   0x0000004c   Code   RO         1004    i.MX_SPI1_Init      spi.o
    0x080051a4   0x080051a4   0x0000007c   Code   RO         1066    i.MX_TIM12_Init     tim.o
    0x08005220   0x08005220   0x00000048   Code   RO         1067    i.MX_TIM7_Init      tim.o
    0x08005268   0x08005268   0x00000002   Code   RO         1137    i.MemManage_Handler  stm32f7xx_it.o
    0x0800526a   0x0800526a   0x00000002   Code   RO         1138    i.NMI_Handler       stm32f7xx_it.o
    0x0800526c   0x0800526c   0x00000022   Code   RO         5232    i.NVIC_SetPriority  stm32f7xx_hal_cortex.o
    0x0800528e   0x0800528e   0x0000003a   Code   RO         5947    i.QSPI_DMAAbortCplt  stm32f7xx_hal_qspi.o
    0x080052c8   0x080052c8   0x00000048   Code   RO         5953    i.QSPI_WaitFlagStateUntilTimeout  stm32f7xx_hal_qspi.o
    0x08005310   0x08005310   0x0000000c   Code   RO         1139    i.QUADSPI_IRQHandler  stm32f7xx_it.o
    0x0800531c   0x0800531c   0x00000048   Code   RO         6218    i.SPI_EndRxTxTransaction  stm32f7xx_hal_spi.o
    0x08005364   0x08005364   0x000000a0   Code   RO         6223    i.SPI_WaitFifoStateUntilTimeout  stm32f7xx_hal_spi.o
    0x08005404   0x08005404   0x0000008c   Code   RO         6224    i.SPI_WaitFlagStateUntilTimeout  stm32f7xx_hal_spi.o
    0x08005490   0x08005490   0x00000048   Code   RO         1005    i.SPI_colmod        spi.o
    0x080054d8   0x080054d8   0x00000040   Code   RO         1006    i.SPI_display_ON    spi.o
    0x08005518   0x08005518   0x00000030   Code   RO         1007    i.SPI_ltdc_init_sequence  spi.o
    0x08005548   0x08005548   0x0000000c   Code   RO          580    i.StartDefaultTask  freertos.o
    0x08005554   0x08005554   0x00000030   Code   RO         8534    i.SysTick_Handler   port.o
    0x08005584   0x08005584   0x000000b0   Code   RO           15    i.SystemClock_Config  main.o
    0x08005634   0x08005634   0x00000054   Code   RO         7465    i.SystemInit        system_stm32f7xx.o
    0x08005688   0x08005688   0x0000000c   Code   RO         1140    i.TIM6_DAC_IRQHandler  stm32f7xx_it.o
    0x08005694   0x08005694   0x0000000c   Code   RO         1141    i.TIM7_IRQHandler   stm32f7xx_it.o
    0x080056a0   0x080056a0   0x000000cc   Code   RO         3884    i.TIM_Base_SetConfig  stm32f7xx_hal_tim.o
    0x0800576c   0x0800576c   0x00000012   Code   RO         3891    i.TIM_ETR_SetConfig  stm32f7xx_hal_tim.o
    0x0800577e   0x0800577e   0x00000010   Code   RO         3892    i.TIM_ITRx_SetConfig  stm32f7xx_hal_tim.o
    0x0800578e   0x0800578e   0x00000002   PAD
    0x08005790   0x08005790   0x00000068   Code   RO         3893    i.TIM_OC1_SetConfig  stm32f7xx_hal_tim.o
    0x080057f8   0x080057f8   0x0000006c   Code   RO         3894    i.TIM_OC2_SetConfig  stm32f7xx_hal_tim.o
    0x08005864   0x08005864   0x0000006c   Code   RO         3895    i.TIM_OC3_SetConfig  stm32f7xx_hal_tim.o
    0x080058d0   0x080058d0   0x00000058   Code   RO         3896    i.TIM_OC4_SetConfig  stm32f7xx_hal_tim.o
    0x08005928   0x08005928   0x00000058   Code   RO         4473    i.TIM_OC5_SetConfig  stm32f7xx_hal_tim_ex.o
    0x08005980   0x08005980   0x00000058   Code   RO         4474    i.TIM_OC6_SetConfig  stm32f7xx_hal_tim_ex.o
    0x080059d8   0x080059d8   0x00000022   Code   RO         3898    i.TIM_TI1_ConfigInputStage  stm32f7xx_hal_tim.o
    0x080059fa   0x080059fa   0x00000024   Code   RO         3900    i.TIM_TI2_ConfigInputStage  stm32f7xx_hal_tim.o
    0x08005a1e   0x08005a1e   0x00000002   Code   RO         1142    i.UsageFault_Handler  stm32f7xx_it.o
    0x08005a20   0x08005a20   0x00000060   Code   RO         2910    i._Z11MX_FMC_Initv  hw_init.o
    0x08005a80   0x08005a80   0x000000b0   Code   RO         2911    i._Z11MX_LCD_Initv  hw_init.o
    0x08005b30   0x08005b30   0x0000001c   Code   RO         8610    i._Z12IdleTaskHookPv  oswrappers.o
    0x08005b4c   0x08005b4c   0x00000004   Code   RO         1373    i._Z13GRAPHICS_Initv  boardconfiguration.o
    0x08005b50   0x08005b50   0x00000016   Code   RO         2359    i._Z14NVIC_EnableIRQ9IRQn_Type  stm32f7hal.o
    0x08005b66   0x08005b66   0x00000002   PAD
    0x08005b68   0x08005b68   0x000000bc   Code   RO         2913    i._Z15HAL_FMC_MspInitv  hw_init.o
    0x08005c24   0x08005c24   0x0000008c   Code   RO         2914    i._Z15MX_SDRAM_InitExv  hw_init.o
    0x08005cb0   0x08005cb0   0x00000016   Code   RO         2360    i._Z15NVIC_DisableIRQ9IRQn_Type  stm32f7hal.o
    0x08005cc6   0x08005cc6   0x0000001e   Code   RO         1374    i._Z16GRAPHICS_HW_Initv  boardconfiguration.o
    0x08005ce4   0x08005ce4   0x00000022   Code   RO         2361    i._Z16NVIC_SetPriority9IRQn_Typej  stm32f7hal.o
    0x08005d06   0x08005d06   0x0000002a   Code   RO         2084    i._Z17HAL_DMA2D_SetModeP21__DMA2D_HandleTypeDefjjj  stm32f7dma.o
    0x08005d30   0x08005d30   0x00000010   Code   RO         2085    i._Z22DMA2D_XferCpltCallbackP21__DMA2D_HandleTypeDef  stm32f7dma.o
    0x08005d40   0x08005d40   0x00000002   Code   RO         2086    i._Z23DMA2D_XferErrorCallbackP21__DMA2D_HandleTypeDef  stm32f7dma.o
    0x08005d42   0x08005d42   0x00000002   PAD
    0x08005d44   0x08005d44   0x00000068   Code   RO         9328    i._Z23getFont_verdana_10_4bppv  fontgetters.o
    0x08005dac   0x08005dac   0x0000006c   Code   RO         9329    i._Z23getFont_verdana_20_4bppv  fontgetters.o
    0x08005e18   0x08005e18   0x00000070   Code   RO         9330    i._Z23getFont_verdana_40_4bppv  fontgetters.o
    0x08005e88   0x08005e88   0x00000038   Code   RO         2087    i._ZN10STM32F7DMA10initializeEv  stm32f7dma.o
    0x08005ec0   0x08005ec0   0x00000014   Code   RO         2088    i._ZN10STM32F7DMA11getBlitCapsEv  stm32f7dma.o
    0x08005ed4   0x08005ed4   0x0000019c   Code   RO         2089    i._ZN10STM32F7DMA13setupDataCopyERKN8touchgfx6BlitOpE  stm32f7dma.o
    0x08006070   0x08006070   0x00000140   Code   RO         2090    i._ZN10STM32F7DMA13setupDataFillERKN8touchgfx6BlitOpE  stm32f7dma.o
    0x080061b0   0x080061b0   0x00000006   Code   RO         2170    i._ZN10STM32F7DMA18signalDMAInterruptEv  stm32f7dma.o
    0x080061b6   0x080061b6   0x00000004   Code   RO         2091    i._ZN10STM32F7DMA5startEv  stm32f7dma.o
    0x080061ba   0x080061ba   0x00000002   PAD
    0x080061bc   0x080061bc   0x00000038   Code   RO         2092    i._ZN10STM32F7DMAC1Ev  stm32f7dma.o
    0x080061f4   0x080061f4   0x00000028   Code   RO         2094    i._ZN10STM32F7DMAD1Ev  stm32f7dma.o
    0x0800621c   0x0800621c   0x00000018   Code   RO         2362    i._ZN10STM32F7HAL16enableInterruptsEv  stm32f7hal.o
    0x08006234   0x08006234   0x00000004   Code   RO         2363    i._ZN10STM32F7HAL16flushFrameBufferERKN8touchgfx4RectE  stm32f7hal.o
    0x08006238   0x08006238   0x00000018   Code   RO         2364    i._ZN10STM32F7HAL17disableInterruptsEv  stm32f7hal.o
    0x08006250   0x08006250   0x00000024   Code   RO         2365    i._ZN10STM32F7HAL17getTFTCurrentLineEv  stm32f7hal.o
    0x08006274   0x08006274   0x00000014   Code   RO         2366    i._ZN10STM32F7HAL17setTFTFrameBufferEPt  stm32f7hal.o
    0x08006288   0x08006288   0x00000016   Code   RO         2367    i._ZN10STM32F7HAL19configureInterruptsEv  stm32f7hal.o
    0x0800629e   0x0800629e   0x00000002   PAD
    0x080062a0   0x080062a0   0x00000040   Code   RO         2368    i._ZN10STM32F7HAL28enableLCDControllerInterruptEv  stm32f7hal.o
    0x080062e0   0x080062e0   0x00000002   Code   RO         1455    i._ZN10STM32F7HALD1Ev  boardconfiguration.o
    0x080062e2   0x080062e2   0x00000002   Code   RO         9078    i._ZN11Screen1View11setupScreenEv  screen1view.o
    0x080062e4   0x080062e4   0x00000002   Code   RO         9079    i._ZN11Screen1View14tearDownScreenEv  screen1view.o
    0x080062e6   0x080062e6   0x00000002   PAD
    0x080062e8   0x080062e8   0x00000010   Code   RO         9080    i._ZN11Screen1ViewC1Ev  screen1view.o
    0x080062f8   0x080062f8   0x0000000c   Code   RO         9101    i._ZN11Screen1ViewD1Ev  screen1view.o
    0x08006304   0x08006304   0x00000078   Code   RO         1449    i._ZN12FrontendHeapC1Ev  boardconfiguration.o
    0x0800637c   0x0800637c   0x00000028   Code   RO         1433    i._ZN12FrontendHeapD1Ev  boardconfiguration.o
    0x080063a4   0x080063a4   0x00000008   Code   RO         9249    i._ZN14BitmapDatabase11getInstanceEv  bitmapdatabase.o
    0x080063ac   0x080063ac   0x00000004   Code   RO         9250    i._ZN14BitmapDatabase15getInstanceSizeEv  bitmapdatabase.o
    0x080063b0   0x080063b0   0x00000002   Code   RO         9662    i._ZN15Screen1ViewBase11setupScreenEv  screen1viewbase.o
    0x080063b2   0x080063b2   0x00000002   PAD
    0x080063b4   0x080063b4   0x00000108   Code   RO         9663    i._ZN15Screen1ViewBaseC1Ev  screen1viewbase.o
    0x080064bc   0x080064bc   0x0000000c   Code   RO         9685    i._ZN15Screen1ViewBaseD1Ev  screen1viewbase.o
    0x080064c8   0x080064c8   0x00000002   Code   RO         8890    i._ZN16Screen1Presenter10deactivateEv  screen1presenter.o
    0x080064ca   0x080064ca   0x00000002   Code   RO         8891    i._ZN16Screen1Presenter8activateEv  screen1presenter.o
    0x080064cc   0x080064cc   0x00000018   Code   RO         8892    i._ZN16Screen1PresenterC1ER11Screen1View  screen1presenter.o
    0x080064e4   0x080064e4   0x00000002   Code   RO         8913    i._ZN16Screen1PresenterD1Ev  screen1presenter.o
    0x080064e6   0x080064e6   0x00000002   PAD
    0x080064e8   0x080064e8   0x0000000c   Code   RO        10064    i._ZN17TypedTextDatabase11getInstanceEt  typedtextdatabase.o
    0x080064f4   0x080064f4   0x00000004   Code   RO        10065    i._ZN17TypedTextDatabase15getInstanceSizeEv  typedtextdatabase.o
    0x080064f8   0x080064f8   0x00000008   Code   RO        10066    i._ZN17TypedTextDatabase8getFontsEv  typedtextdatabase.o
    0x08006500   0x08006500   0x00000016   Code   RO         8748    i._ZN19FrontendApplication15handleTickEventEv  frontendapplication.o
    0x08006516   0x08006516   0x00000002   PAD
    0x08006518   0x08006518   0x00000010   Code   RO         8726    i._ZN19FrontendApplicationC1ER5ModelR12FrontendHeap  frontendapplication.o
    0x08006528   0x08006528   0x00000002   Code   RO         1464    i._ZN23ApplicationFontProviderD1Ev  boardconfiguration.o
    0x0800652a   0x0800652a   0x00000002   PAD
    0x0800652c   0x0800652c   0x0000001c   Code   RO         9379    i._ZN23FrontendApplicationBase29gotoScreen1ScreenNoTransitionEv  frontendapplicationbase.o
    0x08006548   0x08006548   0x00000024   Code   RO         9380    i._ZN23FrontendApplicationBase33gotoScreen1ScreenNoTransitionImplEv  frontendapplicationbase.o
    0x0800656c   0x0800656c   0x00000058   Code   RO         9381    i._ZN23FrontendApplicationBaseC1ER5ModelR12FrontendHeap  frontendapplicationbase.o
    0x080065c4   0x080065c4   0x0000000c   Code   RO         1443    i._ZN23FrontendApplicationBaseD1Ev  boardconfiguration.o
    0x080065d0   0x080065d0   0x00000002   Code   RO         8872    i._ZN5Model4tickEv  model.o
    0x080065d2   0x080065d2   0x00000006   Code   RO         8873    i._ZN5ModelC1Ev     model.o
    0x080065d8   0x080065d8   0x00000018   Code   RO        12560    i._ZN8touchgfx10ClickEventC1ENS0_14ClickEventTypeEsss  touchgfx_core.lib(screen.o)
    0x080065f0   0x080065f0   0x00000030   Code   RO         8611    i._ZN8touchgfx10OSWrappers10initializeEv  oswrappers.o
    0x08006620   0x08006620   0x00000038   Code   RO         8612    i._ZN8touchgfx10OSWrappers11signalVSyncEv  oswrappers.o
    0x08006658   0x08006658   0x00000024   Code   RO         8613    i._ZN8touchgfx10OSWrappers12waitForVSyncEv  oswrappers.o
    0x0800667c   0x0800667c   0x00000014   Code   RO         8614    i._ZN8touchgfx10OSWrappers24giveFrameBufferSemaphoreEv  oswrappers.o
    0x08006690   0x08006690   0x00000014   Code   RO         8615    i._ZN8touchgfx10OSWrappers24takeFrameBufferSemaphoreEv  oswrappers.o
    0x080066a4   0x080066a4   0x00000014   Code   RO         8616    i._ZN8touchgfx10OSWrappers27tryTakeFrameBufferSemaphoreEv  oswrappers.o
    0x080066b8   0x080066b8   0x00000030   Code   RO         8617    i._ZN8touchgfx10OSWrappers31giveFrameBufferSemaphoreFromISREv  oswrappers.o
    0x080066e8   0x080066e8   0x00000004   Code   RO         9443    i._ZN8touchgfx10Transition18setScreenContainerERNS_9ContainerE  frontendapplicationbase.o
    0x080066ec   0x080066ec   0x00000002   Code   RO         9437    i._ZN8touchgfx10Transition4initEv  frontendapplicationbase.o
    0x080066ee   0x080066ee   0x00000002   Code   RO         9431    i._ZN8touchgfx10Transition8tearDownEv  frontendapplicationbase.o
    0x080066f0   0x080066f0   0x0000000c   Code   RO        10448    i._ZN8touchgfx11Application11getInstanceEv  touchgfx_core.lib(application.o)
    0x080066fc   0x080066fc   0x00000014   Code   RO        10450    i._ZN8touchgfx11Application14handleKeyEventEh  touchgfx_core.lib(application.o)
    0x08006710   0x08006710   0x000000f2   Code   RO        10451    i._ZN8touchgfx11Application14invalidateAreaENS_4RectE  touchgfx_core.lib(application.o)
    0x08006802   0x08006802   0x00000002   PAD
    0x08006804   0x08006804   0x00000014   Code   RO        10452    i._ZN8touchgfx11Application15handleDragEventERKNS_9DragEventE  touchgfx_core.lib(application.o)
    0x08006818   0x08006818   0x00000100   Code   RO        10453    i._ZN8touchgfx11Application15handleTickEventEv  touchgfx_core.lib(application.o)
    0x08006918   0x08006918   0x00000014   Code   RO        10454    i._ZN8touchgfx11Application16handleClickEventERKNS_10ClickEventE  touchgfx_core.lib(application.o)
    0x0800692c   0x0800692c   0x00000014   Code   RO        10455    i._ZN8touchgfx11Application18handleGestureEventERKNS_12GestureEventE  touchgfx_core.lib(application.o)
    0x08006940   0x08006940   0x00000208   Code   RO        10456    i._ZN8touchgfx11Application19cacheDrawOperationsEb  touchgfx_core.lib(application.o)
    0x08006b48   0x08006b48   0x00000016   Code   RO        10458    i._ZN8touchgfx11Application20clearAllTimerWidgetsEv  touchgfx_core.lib(application.o)
    0x08006b5e   0x08006b5e   0x00000002   Code   RO        10460    i._ZN8touchgfx11Application29handlePendingScreenTransitionEv  touchgfx_core.lib(application.o)
    0x08006b60   0x08006b60   0x00000070   Code   RO        10461    i._ZN8touchgfx11Application4drawERNS_4RectE  touchgfx_core.lib(application.o)
    0x08006bd0   0x08006bd0   0x00000030   Code   RO        10462    i._ZN8touchgfx11Application4drawEv  touchgfx_core.lib(application.o)
    0x08006c00   0x08006c00   0x00000068   Code   RO        10463    i._ZN8touchgfx11ApplicationC1Ev  touchgfx_core.lib(application.o)
    0x08006c68   0x08006c68   0x0000000c   Code   RO        11879    i._ZN8touchgfx11FontManager15setFontProviderEPNS_12FontProviderE  touchgfx_core.lib(fontmanager.o)
    0x08006c74   0x08006c74   0x00000018   Code   RO        13244    i._ZN8touchgfx12GestureEventC1ENS0_11GestureTypeEsss  touchgfx_core.lib(gestures.o)
    0x08006c8c   0x08006c8c   0x00000006   Code   RO         9476    i._ZN8touchgfx12NoTransition15handleTickEventEv  frontendapplicationbase.o
    0x08006c92   0x08006c92   0x00000002   Code   RO         9467    i._ZN8touchgfx12NoTransitionD1Ev  frontendapplicationbase.o
    0x08006c94   0x08006c94   0x00000008   Code   RO        13310    i._ZN8touchgfx12TextProvider10initializeEPKtSt9__va_list  touchgfx_core.lib(textprovider.o)
    0x08006c9c   0x08006c9c   0x00000016   Code   RO        13311    i._ZN8touchgfx12TextProvider11getNextCharEv  touchgfx_core.lib(textprovider.o)
    0x08006cb2   0x08006cb2   0x00000002   PAD
    0x08006cb4   0x08006cb4   0x00000040   Code   RO        13312    i._ZN8touchgfx12TextProvider15getNextLigatureEh  touchgfx_core.lib(textprovider.o)
    0x08006cf4   0x08006cf4   0x00000044   Code   RO        13314    i._ZN8touchgfx12TextProvider18initializeInternalEv  touchgfx_core.lib(textprovider.o)
    0x08006d38   0x08006d38   0x00000078   Code   RO        13315    i._ZN8touchgfx12TextProvider19getNextCharInternalEv  touchgfx_core.lib(textprovider.o)
    0x08006db0   0x08006db0   0x00000014   Code   RO        13317    i._ZN8touchgfx12TextProviderC1Ev  touchgfx_core.lib(textprovider.o)
    0x08006dc4   0x08006dc4   0x00000044   Code   RO        11430    i._ZN8touchgfx13DMA_Interface10addToQueueERKNS_6BlitOpE  touchgfx_core.lib(dma.o)
    0x08006e08   0x08006e08   0x00000002   Code   RO        11431    i._ZN8touchgfx13DMA_Interface11enableAlphaEh  touchgfx_core.lib(dma.o)
    0x08006e0a   0x08006e0a   0x00000002   Code   RO        11432    i._ZN8touchgfx13DMA_Interface12disableAlphaEv  touchgfx_core.lib(dma.o)
    0x08006e0c   0x08006e0c   0x00000006   Code   RO        11433    i._ZN8touchgfx13DMA_Interface13seedExecutionEv  touchgfx_core.lib(dma.o)
    0x08006e12   0x08006e12   0x00000008   Code   RO        11435    i._ZN8touchgfx13DMA_Interface15isDmaQueueEmptyEv  touchgfx_core.lib(dma.o)
    0x08006e1a   0x08006e1a   0x0000003c   Code   RO        11436    i._ZN8touchgfx13DMA_Interface16executeCompletedEv  touchgfx_core.lib(dma.o)
    0x08006e56   0x08006e56   0x0000000e   Code   RO        11437    i._ZN8touchgfx13DMA_Interface27waitForFrameBufferSemaphoreEv  touchgfx_core.lib(dma.o)
    0x08006e64   0x08006e64   0x00000006   Code   RO         2177    i._ZN8touchgfx13DMA_Interface5flushEv  stm32f7dma.o
    0x08006e6a   0x08006e6a   0x0000002a   Code   RO        11439    i._ZN8touchgfx13DMA_Interface5startEv  touchgfx_core.lib(dma.o)
    0x08006e94   0x08006e94   0x0000007a   Code   RO        11440    i._ZN8touchgfx13DMA_Interface7executeEv  touchgfx_core.lib(dma.o)
    0x08006f0e   0x08006f0e   0x00000002   PAD
    0x08006f10   0x08006f10   0x00000068   Code   RO         1375    i._ZN8touchgfx13touchgfx_initEv  boardconfiguration.o
    0x08006f78   0x08006f78   0x00000054   Code   RO        13020    i._ZN8touchgfx14AbstractButton16handleClickEventERKNS_10ClickEventE  touchgfx_core.lib(abstractbutton.o)
    0x08006fcc   0x08006fcc   0x00000028   Code   RO         1545    i._ZN8touchgfx14MVPApplication29handlePendingScreenTransitionEv  boardconfiguration.o
    0x08006ff4   0x08006ff4   0x0000009c   Code   RO        13423    i._ZN8touchgfx16TouchCalibration14translatePointERNS_5PointE  touchgfx_core.lib(touchcalibration.o)
    0x08007090   0x08007090   0x00000062   Code   RO        13426    i._ZN8touchgfx16TouchCalibration6muldivEiiiiiiRi  touchgfx_core.lib(touchcalibration.o)
    0x080070f2   0x080070f2   0x00000002   PAD
    0x080070f4   0x080070f4   0x00000010   Code   RO        10106    i._ZN8touchgfx17AbstractPartitionC2Ev  touchgfx_core.lib(abstractpartition.o)
    0x08007104   0x08007104   0x00000002   Code   RO        10108    i._ZN8touchgfx17AbstractPartitionD2Ev  touchgfx_core.lib(abstractpartition.o)
    0x08007106   0x08007106   0x00000002   PAD
    0x08007108   0x08007108   0x0000003c   Code   RO        12194    i._ZN8touchgfx17InternalFlashFontC1EPKNS_9GlyphNodeEtthhhhPKhPKNS_11KerningNodeEtt  touchgfx_core.lib(internalflashfont.o)
    0x08007144   0x08007144   0x00000002   Code   RO         9354    i._ZN8touchgfx17InternalFlashFontD1Ev  fontgetters.o
    0x08007146   0x08007146   0x0000003a   Code   RO        11441    i._ZN8touchgfx17LockFreeDMA_Queue10pushCopyOfERKNS_6BlitOpE  touchgfx_core.lib(dma.o)
    0x08007180   0x08007180   0x00000022   Code   RO        11442    i._ZN8touchgfx17LockFreeDMA_Queue3popEv  touchgfx_core.lib(dma.o)
    0x080071a2   0x080071a2   0x0000000e   Code   RO        11443    i._ZN8touchgfx17LockFreeDMA_Queue5firstEv  touchgfx_core.lib(dma.o)
    0x080071b0   0x080071b0   0x0000001a   Code   RO        11444    i._ZN8touchgfx17LockFreeDMA_Queue6isFullEv  touchgfx_core.lib(dma.o)
    0x080071ca   0x080071ca   0x00000010   Code   RO        11445    i._ZN8touchgfx17LockFreeDMA_Queue7isEmptyEv  touchgfx_core.lib(dma.o)
    0x080071da   0x080071da   0x00000002   PAD
    0x080071dc   0x080071dc   0x00000014   Code   RO        11446    i._ZN8touchgfx17LockFreeDMA_QueueC1EPNS_6BlitOpEm  touchgfx_core.lib(dma.o)
    0x080071f0   0x080071f0   0x00000004   Code   RO         2843    i._ZN8touchgfx18MCUInstrumentation13getCCConsumedEv  stm32f7instrumentation.o
    0x080071f4   0x080071f4   0x00000004   Code   RO         2849    i._ZN8touchgfx18MCUInstrumentation13setCCConsumedEj  stm32f7instrumentation.o
    0x080071f8   0x080071f8   0x0000002c   Code   RO        13150    i._ZN8touchgfx21DisplayTransformation29transformDisplayToFrameBufferERNS_4RectE  touchgfx_core.lib(displaytransformation.o)
    0x08007224   0x08007224   0x00000034   Code   RO        13151    i._ZN8touchgfx21DisplayTransformation29transformDisplayToFrameBufferERNS_4RectERKS1_  touchgfx_core.lib(displaytransformation.o)
    0x08007258   0x08007258   0x0000002c   Code   RO        13154    i._ZN8touchgfx21DisplayTransformation29transformDisplayToFrameBufferERsS1_  touchgfx_core.lib(displaytransformation.o)
    0x08007284   0x08007284   0x00000024   Code   RO        13155    i._ZN8touchgfx21DisplayTransformation29transformDisplayToFrameBufferERsS1_RKNS_4RectE  touchgfx_core.lib(displaytransformation.o)
    0x080072a8   0x080072a8   0x00000028   Code   RO        13156    i._ZN8touchgfx21DisplayTransformation29transformFrameBufferToDisplayERsS1_  touchgfx_core.lib(displaytransformation.o)
    0x080072d0   0x080072d0   0x00000010   Code   RO         2802    i._ZN8touchgfx22STM32F7Instrumentation12getCPUCyclesEv  stm32f7instrumentation.o
    0x080072e0   0x080072e0   0x00000022   Code   RO         2804    i._ZN8touchgfx22STM32F7Instrumentation12setMCUActiveEb  stm32f7instrumentation.o
    0x08007302   0x08007302   0x00000002   PAD
    0x08007304   0x08007304   0x000000e0   Code   RO         2805    i._ZN8touchgfx22STM32F7Instrumentation4initEv  stm32f7instrumentation.o
    0x080073e4   0x080073e4   0x00000002   Code   RO         1476    i._ZN8touchgfx22STM32F7InstrumentationD1Ev  boardconfiguration.o
    0x080073e6   0x080073e6   0x00000004   Code   RO         2671    i._ZN8touchgfx22STM32F7TouchController11sampleTouchERiS1_  stm32f7touchcontroller.o
    0x080073ea   0x080073ea   0x00000002   Code   RO         2672    i._ZN8touchgfx22STM32F7TouchController4initEv  stm32f7touchcontroller.o
    0x080073ec   0x080073ec   0x00000002   Code   RO         1473    i._ZN8touchgfx22STM32F7TouchControllerD1Ev  boardconfiguration.o
    0x080073ee   0x080073ee   0x00000002   PAD
    0x080073f0   0x080073f0   0x00000018   Code   RO        11906    i._ZN8touchgfx3HAL10beginFrameEv  touchgfx_core.lib(hal.o)
    0x08007408   0x08007408   0x00000024   Code   RO        11907    i._ZN8touchgfx3HAL10initializeEv  touchgfx_core.lib(hal.o)
    0x0800742c   0x0800742c   0x00000008   Code   RO         2463    i._ZN8touchgfx3HAL11getBlitCapsEv  stm32f7hal.o
    0x08007434   0x08007434   0x00000034   Code   RO        11909    i._ZN8touchgfx3HAL12setMCUActiveEb  touchgfx_core.lib(hal.o)
    0x08007468   0x08007468   0x0000007c   Code   RO        11910    i._ZN8touchgfx3HAL13blitCopyGlyphEPKhtttttNS_9colortypeEhNS_14BlitOperationsE  touchgfx_core.lib(hal.o)
    0x080074e4   0x080074e4   0x00000016   Code   RO         2470    i._ZN8touchgfx3HAL15backPorchExitedEv  stm32f7hal.o
    0x080074fa   0x080074fa   0x00000004   Code   RO        11911    i._ZN8touchgfx3HAL15cacheTextStringEPKt  touchgfx_core.lib(hal.o)
    0x080074fe   0x080074fe   0x00000002   PAD
    0x08007500   0x08007500   0x0000002c   Code   RO        11912    i._ZN8touchgfx3HAL15lockFrameBufferEv  touchgfx_core.lib(hal.o)
    0x0800752c   0x0800752c   0x00000080   Code   RO        11913    i._ZN8touchgfx3HAL16blitCopyARGB8888EPKtttttth  touchgfx_core.lib(hal.o)
    0x080075ac   0x080075ac   0x0000000c   Code   RO        11914    i._ZN8touchgfx3HAL16flushFrameBufferERKNS_4RectE  touchgfx_core.lib(hal.o)
    0x080075b8   0x080075b8   0x00000034   Code   RO        11916    i._ZN8touchgfx3HAL16swapFrameBuffersEv  touchgfx_core.lib(hal.o)
    0x080075ec   0x080075ec   0x0000000e   Code   RO        11917    i._ZN8touchgfx3HAL17allowDMATransfersEv  touchgfx_core.lib(hal.o)
    0x080075fa   0x080075fa   0x00000006   Code   RO        12125    i._ZN8touchgfx3HAL17getTFTCurrentLineEv  touchgfx_core.lib(hal.o)
    0x08007600   0x08007600   0x00000004   Code   RO        11919    i._ZN8touchgfx3HAL17unlockFrameBufferEv  touchgfx_core.lib(hal.o)
    0x08007604   0x08007604   0x00000024   Code   RO        12106    i._ZN8touchgfx3HAL20getClientFrameBufferEv  touchgfx_core.lib(hal.o)
    0x08007628   0x08007628   0x00000008   Code   RO        11922    i._ZN8touchgfx3HAL21registerEventListenerERNS_15UIEventListenerE  touchgfx_core.lib(hal.o)
    0x08007630   0x08007630   0x0000006c   Code   RO        12113    i._ZN8touchgfx3HAL26setFrameBufferStartAddressEPvtbb  touchgfx_core.lib(hal.o)
    0x0800769c   0x0800769c   0x0000003c   Code   RO        12131    i._ZN8touchgfx3HAL31performDisplayOrientationChangeEv  touchgfx_core.lib(hal.o)
    0x080076d8   0x080076d8   0x0000000c   Code   RO        10923    i._ZN8touchgfx3HAL3lcdEv  touchgfx_core.lib(bitmap.o)
    0x080076e4   0x080076e4   0x0000017c   Code   RO        11924    i._ZN8touchgfx3HAL4tickEv  touchgfx_core.lib(hal.o)
    0x08007860   0x08007860   0x0000005e   Code   RO        11925    i._ZN8touchgfx3HAL5touchEii  touchgfx_core.lib(hal.o)
    0x080078be   0x080078be   0x0000002a   Code   RO        11926    i._ZN8touchgfx3HAL7noTouchEv  touchgfx_core.lib(hal.o)
    0x080078e8   0x080078e8   0x00000080   Code   RO        11927    i._ZN8touchgfx3HAL8blitCopyEPKtttttthb  touchgfx_core.lib(hal.o)
    0x08007968   0x08007968   0x00000080   Code   RO        11928    i._ZN8touchgfx3HAL8blitFillENS_9colortypeEtttth  touchgfx_core.lib(hal.o)
    0x080079e8   0x080079e8   0x0000001c   Code   RO        11929    i._ZN8touchgfx3HAL8endFrameEv  touchgfx_core.lib(hal.o)
    0x08007a04   0x08007a04   0x00000008   Code   RO        11930    i._ZN8touchgfx3HAL8flushDMAEv  touchgfx_core.lib(hal.o)
    0x08007a0c   0x08007a0c   0x00000074   Code   RO        11931    i._ZN8touchgfx3HAL9blockCopyEPvPKvj  touchgfx_core.lib(hal.o)
    0x08007a80   0x08007a80   0x0000000c   Code   RO         2495    i._ZN8touchgfx3HAL9taskDelayEt  stm32f7hal.o
    0x08007a8c   0x08007a8c   0x0000001c   Code   RO        11932    i._ZN8touchgfx3HAL9taskEntryEv  touchgfx_core.lib(hal.o)
    0x08007aa8   0x08007aa8   0x000000b0   Code   RO         1458    i._ZN8touchgfx3HALC2ERNS_13DMA_InterfaceERNS_3LCDERNS_15TouchControllerEtt  boardconfiguration.o
    0x08007b58   0x08007b58   0x00000030   Code   RO        12244    i._ZN8touchgfx3LCD10drawStringENS_4RectERKS1_RNS0_13StringVisualsEPKtz  touchgfx_core.lib(lcd.o)
    0x08007b88   0x08007b88   0x0000007e   Code   RO        12245    i._ZN8touchgfx3LCD10rotateRectERNS_4RectERKS1_NS_12TextRotationE  touchgfx_core.lib(lcd.o)
    0x08007c06   0x08007c06   0x00000050   Code   RO        12246    i._ZN8touchgfx3LCD11getNumLinesERNS_12TextProviderENS_14WideTextActionEhPKNS_4FontEs  touchgfx_core.lib(lcd.o)
    0x08007c56   0x08007c56   0x00000062   Code   RO        12247    i._ZN8touchgfx3LCD11stringWidthERNS_12TextProviderERKNS_4FontEih  touchgfx_core.lib(lcd.o)
    0x08007cb8   0x08007cb8   0x00000258   Code   RO        12248    i._ZN8touchgfx3LCD13drawStringLTRERKNS_4RectES3_RKNS0_13StringVisualsEPKtSt9__va_list  touchgfx_core.lib(lcd.o)
    0x08007f10   0x08007f10   0x00000216   Code   RO        12253    i._ZN8touchgfx3LCD18drawStringInternalEPtPKNS_4RectEsRsRS3_PKNS0_13StringVisualsEhRNS_12TextProviderEib  touchgfx_core.lib(lcd.o)
    0x08008126   0x08008126   0x00000174   Code   RO        12255    i._ZN8touchgfx3LCD22WideTextInternalStruct22getStringLengthForLineEb  touchgfx_core.lib(lcd.o)
    0x0800829a   0x0800829a   0x00000020   Code   RO        12256    i._ZN8touchgfx3LCD22WideTextInternalStruct7addWordEttt  touchgfx_core.lib(lcd.o)
    0x080082ba   0x080082ba   0x0000006c   Code   RO        12383    i._ZN8touchgfx3LCD22WideTextInternalStructC1ERNS_12TextProviderEthPKNS_4FontENS_14WideTextActionE  touchgfx_core.lib(lcd.o)
    0x08008326   0x08008326   0x00000036   Code   RO        12259    i._ZN8touchgfx3LCD5realXERKNS_4RectEssNS_12TextRotationE  touchgfx_core.lib(lcd.o)
    0x0800835c   0x0800835c   0x00000036   Code   RO        12260    i._ZN8touchgfx3LCD5realYERKNS_4RectEssNS_12TextRotationE  touchgfx_core.lib(lcd.o)
    0x08008392   0x08008392   0x00000002   Code   RO         2043    i._ZN8touchgfx4GPIO3setENS0_7GPIO_IDE  gpio_1.o
    0x08008394   0x08008394   0x00000002   Code   RO         2044    i._ZN8touchgfx4GPIO4initEv  gpio_1.o
    0x08008396   0x08008396   0x00000002   Code   RO         2045    i._ZN8touchgfx4GPIO5clearENS0_7GPIO_IDE  gpio_1.o
    0x08008398   0x08008398   0x00000002   Code   RO         2046    i._ZN8touchgfx4GPIO6toggleENS0_7GPIO_IDE  gpio_1.o
    0x0800839a   0x0800839a   0x00000096   Code   RO        10584    i._ZN8touchgfx4Rect11expandToFitERKS0_  touchgfx_core.lib(application.o)
    0x08008430   0x08008430   0x0000000e   Code   RO        10278    i._ZN8touchgfx4RectC1Essss  touchgfx_core.lib(lcd16bpp.o)
    0x0800843e   0x0800843e   0x0000000c   Code   RO        10599    i._ZN8touchgfx4RectC1Ev  touchgfx_core.lib(application.o)
    0x0800844a   0x0800844a   0x00000080   Code   RO        10627    i._ZN8touchgfx4RectaNERKS0_  touchgfx_core.lib(application.o)
    0x080084ca   0x080084ca   0x00000002   PAD
    0x080084cc   0x080084cc   0x0000000c   Code   RO         9705    i._ZN8touchgfx4ViewI16Screen1PresenterED1Ev  screen1viewbase.o
    0x080084d8   0x080084d8   0x0000007c   Code   RO        11197    i._ZN8touchgfx5Color20getColorFrom24BitRGBEhhh  touchgfx_core.lib(color.o)
    0x08008554   0x08008554   0x00000040   Code   RO         9996    i._ZN8touchgfx5Texts11setLanguageEt  texts.o
    0x08008594   0x08008594   0x00000070   Code   RO        10778    i._ZN8touchgfx6Bitmap10clearCacheEv  touchgfx_core.lib(bitmap.o)
    0x08008604   0x08008604   0x00000028   Code   RO        10788    i._ZN8touchgfx6Bitmap22registerBitmapDatabaseEPKNS0_10BitmapDataEtPtjj  touchgfx_core.lib(bitmap.o)
    0x0800862c   0x0800862c   0x0000003c   Code   RO        10793    i._ZN8touchgfx6Bitmap8setCacheEPtjj  touchgfx_core.lib(bitmap.o)
    0x08008668   0x08008668   0x00000006   Code   RO         2167    i._ZN8touchgfx6BlitOpC1Ev  stm32f7dma.o
    0x0800866e   0x0800866e   0x00000022   Code   RO        11073    i._ZN8touchgfx6Button10setBitmapsERKNS_6BitmapES3_  touchgfx_core.lib(button.o)
    0x08008690   0x08008690   0x00000002   Code   RO        12581    i._ZN8touchgfx6Screen11setupScreenEv  touchgfx_core.lib(screen.o)
    0x08008692   0x08008692   0x0000000e   Code   RO        12468    i._ZN8touchgfx6Screen14bindTransitionERNS_10TransitionE  touchgfx_core.lib(screen.o)
    0x080086a0   0x080086a0   0x00000002   Code   RO         9122    i._ZN8touchgfx6Screen14handleKeyEventEh  screen1view.o
    0x080086a2   0x080086a2   0x00000002   Code   RO         9711    i._ZN8touchgfx6Screen14tearDownScreenEv  screen1viewbase.o
    0x080086a4   0x080086a4   0x00000002   Code   RO         9110    i._ZN8touchgfx6Screen15afterTransitionEv  screen1view.o
    0x080086a6   0x080086a6   0x00000002   PAD
    0x080086a8   0x080086a8   0x000000bc   Code   RO        12470    i._ZN8touchgfx6Screen15handleDragEventERKNS_9DragEventE  touchgfx_core.lib(screen.o)
    0x08008764   0x08008764   0x00000002   Code   RO         9116    i._ZN8touchgfx6Screen15handleTickEventEv  screen1view.o
    0x08008766   0x08008766   0x00000002   PAD
    0x08008768   0x08008768   0x000001b4   Code   RO        12471    i._ZN8touchgfx6Screen16handleClickEventERKNS_10ClickEventE  touchgfx_core.lib(screen.o)
    0x0800891c   0x0800891c   0x00000058   Code   RO        12472    i._ZN8touchgfx6Screen18handleGestureEventERKNS_12GestureEventE  touchgfx_core.lib(screen.o)
    0x08008974   0x08008974   0x00000028   Code   RO        12473    i._ZN8touchgfx6Screen4drawERNS_4RectE  touchgfx_core.lib(screen.o)
    0x0800899c   0x0800899c   0x00000030   Code   RO        12474    i._ZN8touchgfx6Screen4drawEv  touchgfx_core.lib(screen.o)
    0x080089cc   0x080089cc   0x0000021c   Code   RO        12475    i._ZN8touchgfx6Screen5JSMOCERKNS_4RectEPNS_8DrawableE  touchgfx_core.lib(screen.o)
    0x08008be8   0x08008be8   0x00000022   Code   RO        12476    i._ZN8touchgfx6Screen9startSMOCERNS_4RectE  touchgfx_core.lib(screen.o)
    0x08008c0a   0x08008c0a   0x00000002   PAD
    0x08008c0c   0x08008c0c   0x00000090   Code   RO        12477    i._ZN8touchgfx6ScreenC1Ev  touchgfx_core.lib(screen.o)
    0x08008c9c   0x08008c9c   0x0000000c   Code   RO        12548    i._ZN8touchgfx6ScreenD1Ev  touchgfx_core.lib(screen.o)
    0x08008ca8   0x08008ca8   0x00000014   Code   RO         9801    i._ZN8touchgfx6Widget12getLastChildEssPPNS_8DrawableE  screen1viewbase.o
    0x08008cbc   0x08008cbc   0x00000030   Code   RO         9679    i._ZN8touchgfx6WidgetC2Ev  screen1viewbase.o
    0x08008cec   0x08008cec   0x0000002a   Code   RO         9698    i._ZN8touchgfx8Drawable11setPositionEssss  screen1viewbase.o
    0x08008d16   0x08008d16   0x00000026   Code   RO        12566    i._ZN8touchgfx8Drawable13getCachedAbsXEv  touchgfx_core.lib(screen.o)
    0x08008d3c   0x08008d3c   0x00000026   Code   RO        12572    i._ZN8touchgfx8Drawable13getCachedAbsYEv  touchgfx_core.lib(screen.o)
    0x08008d62   0x08008d62   0x00000012   Code   RO         9792    i._ZN8touchgfx8Drawable14setupDrawChainERKNS_4RectEPPS0_  screen1viewbase.o
    0x08008d74   0x08008d74   0x00000002   Code   RO         9773    i._ZN8touchgfx8Drawable15handleDragEventERKNS_9DragEventE  screen1viewbase.o
    0x08008d76   0x08008d76   0x00000002   Code   RO         9779    i._ZN8touchgfx8Drawable15handleTickEventEv  screen1viewbase.o
    0x08008d78   0x08008d78   0x00000002   Code   RO         9761    i._ZN8touchgfx8Drawable16handleClickEventERKNS_10ClickEventE  screen1viewbase.o
    0x08008d7a   0x08008d7a   0x00000002   Code   RO         9767    i._ZN8touchgfx8Drawable18handleGestureEventERKNS_12GestureEventE  screen1viewbase.o
    0x08008d7c   0x08008d7c   0x00000038   Code   RO        12541    i._ZN8touchgfx8Drawable20getCachedVisibleRectEv  touchgfx_core.lib(screen.o)
    0x08008db4   0x08008db4   0x00000004   Code   RO         9731    i._ZN8touchgfx8Drawable4setXEs  screen1viewbase.o
    0x08008db8   0x08008db8   0x00000004   Code   RO         9737    i._ZN8touchgfx8Drawable4setYEs  screen1viewbase.o
    0x08008dbc   0x08008dbc   0x0000001c   Code   RO         9691    i._ZN8touchgfx8Drawable5setXYEss  screen1viewbase.o
    0x08008dd8   0x08008dd8   0x00000004   Code   RO         9743    i._ZN8touchgfx8Drawable8setWidthEs  screen1viewbase.o
    0x08008ddc   0x08008ddc   0x00000004   Code   RO         9749    i._ZN8touchgfx8Drawable9setHeightEs  screen1viewbase.o
    0x08008de0   0x08008de0   0x00000080   Code   RO        13215    i._ZN8touchgfx8Gestures17registerDragEventEtttt  touchgfx_core.lib(gestures.o)
    0x08008e60   0x08008e60   0x00000094   Code   RO        13216    i._ZN8touchgfx8Gestures18registerClickEventENS_10ClickEvent14ClickEventTypeEtt  touchgfx_core.lib(gestures.o)
    0x08008ef4   0x08008ef4   0x00000004   Code   RO        13217    i._ZN8touchgfx8Gestures21registerEventListenerERNS_15UIEventListenerE  touchgfx_core.lib(gestures.o)
    0x08008ef8   0x08008ef8   0x0000001c   Code   RO        13218    i._ZN8touchgfx8Gestures4tickEv  touchgfx_core.lib(gestures.o)
    0x08008f14   0x08008f14   0x00000178   Code   RO        10176    i._ZN8touchgfx8LCD16bpp16blitCopyARGB8888EPKjRKNS_4RectES5_h  touchgfx_core.lib(lcd16bpp.o)
    0x0800908c   0x0800908c   0x0000019c   Code   RO        10177    i._ZN8touchgfx8LCD16bpp17drawPartialBitmapERKNS_6BitmapEssRKNS_4RectEhb  touchgfx_core.lib(lcd16bpp.o)
    0x08009228   0x08009228   0x000001d0   Code   RO        10178    i._ZN8touchgfx8LCD16bpp21blitCopyAlphaPerPixelEPKtPKhRKNS_4RectES7_h  touchgfx_core.lib(lcd16bpp.o)
    0x080093f8   0x080093f8   0x00000260   Code   RO        10183    i._ZN8touchgfx8LCD16bpp8blitCopyEPKtRKNS_4RectES5_hb  touchgfx_core.lib(lcd16bpp.o)
    0x08009658   0x08009658   0x00000144   Code   RO        10184    i._ZN8touchgfx8LCD16bpp8fillRectERKNS_4RectENS_9colortypeEh  touchgfx_core.lib(lcd16bpp.o)
    0x0800979c   0x0800979c   0x00000044   Code   RO        10185    i._ZN8touchgfx8LCD16bpp8nextLineEbNS_12TextRotationE  touchgfx_core.lib(lcd16bpp.o)
    0x080097e0   0x080097e0   0x00000304   Code   RO        10186    i._ZN8touchgfx8LCD16bpp9drawGlyphEPtNS_4RectEssttRKS2_PKNS_9GlyphNodeEPKhNS_9colortypeEhhNS_12TextRotationE  touchgfx_core.lib(lcd16bpp.o)
    0x08009ae4   0x08009ae4   0x00000040   Code   RO        10187    i._ZN8touchgfx8LCD16bpp9nextPixelEbNS_12TextRotationE  touchgfx_core.lib(lcd16bpp.o)
    0x08009b24   0x08009b24   0x00000002   Code   RO         1467    i._ZN8touchgfx8LCD16bppD1Ev  boardconfiguration.o
    0x08009b26   0x08009b26   0x0000001e   Code   RO        12796    i._ZN8touchgfx8TextArea12setTypedTextENS_9TypedTextE  touchgfx_core.lib(textarea.o)
    0x08009b44   0x08009b44   0x00000024   Code   RO        12797    i._ZN8touchgfx8TextArea13getTextHeightEv  touchgfx_core.lib(textarea.o)
    0x08009b68   0x08009b68   0x00000058   Code   RO        12798    i._ZN8touchgfx8TextArea19resizeToCurrentTextEv  touchgfx_core.lib(textarea.o)
    0x08009bc0   0x08009bc0   0x00000030   Code   RO        13107    i._ZN8touchgfx9ConstFontC2EPKNS_9GlyphNodeEtthhhhtt  touchgfx_core.lib(constfont.o)
    0x08009bf0   0x08009bf0   0x00000064   Code   RO        11244    i._ZN8touchgfx9Container12getLastChildEssPPNS_8DrawableE  touchgfx_core.lib(container.o)
    0x08009c54   0x08009c54   0x00000058   Code   RO        11245    i._ZN8touchgfx9Container14setupDrawChainERKNS_4RectEPPNS_8DrawableE  touchgfx_core.lib(container.o)
    0x08009cac   0x08009cac   0x00000030   Code   RO        11247    i._ZN8touchgfx9Container3addERNS_8DrawableE  touchgfx_core.lib(container.o)
    0x08009cdc   0x08009cdc   0x0000000c   Code   RO         2369    i._ZNK10STM32F7HAL17getTFTFrameBufferEv  stm32f7hal.o
    0x08009ce8   0x08009ce8   0x00000030   Code   RO        12195    i._ZNK8touchgfx17InternalFlashFont10getKerningEtPKNS_9GlyphNodeE  touchgfx_core.lib(internalflashfont.o)
    0x08009d18   0x08009d18   0x00000008   Code   RO        12196    i._ZNK8touchgfx17InternalFlashFont12getPixelDataEPKNS_9GlyphNodeE  touchgfx_core.lib(internalflashfont.o)
    0x08009d20   0x08009d20   0x00000038   Code   RO        10967    i._ZNK8touchgfx3Box12getSolidRectEv  touchgfx_core.lib(box.o)
    0x08009d58   0x08009d58   0x00000030   Code   RO        10968    i._ZNK8touchgfx3Box4drawERKNS_4RectE  touchgfx_core.lib(box.o)
    0x08009d88   0x08009d88   0x00000034   Code   RO        11933    i._ZNK8touchgfx3HAL13getDstAddressEttPt  touchgfx_core.lib(hal.o)
    0x08009dbc   0x08009dbc   0x00000004   Code   RO        11819    i._ZNK8touchgfx4Font13getFontHeightEv  touchgfx_core.lib(font.o)
    0x08009dc0   0x08009dc0   0x00000028   Code   RO        11729    i._ZNK8touchgfx4Font14getStringWidthEhPKtz  touchgfx_core.lib(font.o)
    0x08009de8   0x08009de8   0x00000004   Code   RO        11831    i._ZNK8touchgfx4Font15getBitsPerPixelEv  touchgfx_core.lib(font.o)
    0x08009dec   0x08009dec   0x00000004   Code   RO        11813    i._ZNK8touchgfx4Font15getEllipsisCharEv  touchgfx_core.lib(font.o)
    0x08009df0   0x08009df0   0x00000004   Code   RO        11807    i._ZNK8touchgfx4Font15getFallbackCharEv  touchgfx_core.lib(font.o)
    0x08009df4   0x08009df4   0x0000007e   Code   RO        11733    i._ZNK8touchgfx4Font17getStringWidthLTREhPKtSt9__va_list  touchgfx_core.lib(font.o)
    0x08009e72   0x08009e72   0x0000000a   Code   RO        11825    i._ZNK8touchgfx4Font20getMinimumTextHeightEv  touchgfx_core.lib(font.o)
    0x08009e7c   0x08009e7c   0x00000016   Code   RO        11800    i._ZNK8touchgfx4Font8getGlyphEt  touchgfx_core.lib(font.o)
    0x08009e92   0x08009e92   0x0000000a   Code   RO        10284    i._ZNK8touchgfx4Rect5rightEv  touchgfx_core.lib(lcd16bpp.o)
    0x08009e9c   0x08009e9c   0x0000000a   Code   RO        10290    i._ZNK8touchgfx4Rect6bottomEv  touchgfx_core.lib(lcd16bpp.o)
    0x08009ea6   0x08009ea6   0x00000010   Code   RO        10302    i._ZNK8touchgfx4Rect7isEmptyEv  touchgfx_core.lib(lcd16bpp.o)
    0x08009eb6   0x08009eb6   0x0000004a   Code   RO        10578    i._ZNK8touchgfx4Rect8includesERKS0_  touchgfx_core.lib(application.o)
    0x08009f00   0x08009f00   0x00000046   Code   RO        10572    i._ZNK8touchgfx4Rect9intersectERKS0_  touchgfx_core.lib(application.o)
    0x08009f46   0x08009f46   0x00000034   Code   RO        12554    i._ZNK8touchgfx4Rect9intersectEss  touchgfx_core.lib(screen.o)
    0x08009f7a   0x08009f7a   0x0000001e   Code   RO        10605    i._ZNK8touchgfx4RectanERKS0_  touchgfx_core.lib(application.o)
    0x08009f98   0x08009f98   0x0000004c   Code   RO        10794    i._ZNK8touchgfx6Bitmap12getAlphaDataEv  touchgfx_core.lib(bitmap.o)
    0x08009fe4   0x08009fe4   0x00000080   Code   RO        10795    i._ZNK8touchgfx6Bitmap12getSolidRectEv  touchgfx_core.lib(bitmap.o)
    0x0800a064   0x0800a064   0x0000005c   Code   RO        10796    i._ZNK8touchgfx6Bitmap20hasTransparentPixelsEv  touchgfx_core.lib(bitmap.o)
    0x0800a0c0   0x0800a0c0   0x00000048   Code   RO        10797    i._ZNK8touchgfx6Bitmap7getDataEv  touchgfx_core.lib(bitmap.o)
    0x0800a108   0x0800a108   0x0000004c   Code   RO        10798    i._ZNK8touchgfx6Bitmap8getWidthEv  touchgfx_core.lib(bitmap.o)
    0x0800a154   0x0800a154   0x00000074   Code   RO        10799    i._ZNK8touchgfx6Bitmap9getFormatEv  touchgfx_core.lib(bitmap.o)
    0x0800a1c8   0x0800a1c8   0x0000004c   Code   RO        10800    i._ZNK8touchgfx6Bitmap9getHeightEv  touchgfx_core.lib(bitmap.o)
    0x0800a214   0x0800a214   0x00000040   Code   RO        11074    i._ZNK8touchgfx6Button12getSolidRectEv  touchgfx_core.lib(button.o)
    0x0800a254   0x0800a254   0x000000bc   Code   RO        11075    i._ZNK8touchgfx6Button4drawERKNS_4RectE  touchgfx_core.lib(button.o)
    0x0800a310   0x0800a310   0x0000001e   Code   RO        11601    i._ZNK8touchgfx8Drawable10invalidateEv  touchgfx_core.lib(drawable.o)
    0x0800a32e   0x0800a32e   0x0000003e   Code   RO        11602    i._ZNK8touchgfx8Drawable14getVisibleRectERNS_4RectE  touchgfx_core.lib(drawable.o)
    0x0800a36c   0x0800a36c   0x00000052   Code   RO        11603    i._ZNK8touchgfx8Drawable14invalidateRectERNS_4RectE  touchgfx_core.lib(drawable.o)
    0x0800a3be   0x0800a3be   0x00000030   Code   RO        11604    i._ZNK8touchgfx8Drawable15getAbsoluteRectEv  touchgfx_core.lib(drawable.o)
    0x0800a3ee   0x0800a3ee   0x0000001e   Code   RO        11605    i._ZNK8touchgfx8Drawable23translateRectToAbsoluteERNS_4RectE  touchgfx_core.lib(drawable.o)
    0x0800a40c   0x0800a40c   0x00000004   Code   RO        10311    i._ZNK8touchgfx8LCD16bpp8bitDepthEv  touchgfx_core.lib(lcd16bpp.o)
    0x0800a410   0x0800a410   0x0000000e   Code   RO        12880    i._ZNK8touchgfx8TextArea12getSolidRectEv  touchgfx_core.lib(textarea.o)
    0x0800a41e   0x0800a41e   0x00000036   Code   RO        12800    i._ZNK8touchgfx8TextArea12getTextWidthEv  touchgfx_core.lib(textarea.o)
    0x0800a454   0x0800a454   0x00000064   Code   RO        12801    i._ZNK8touchgfx8TextArea21getTextHeightInternalEPKtz  touchgfx_core.lib(textarea.o)
    0x0800a4b8   0x0800a4b8   0x000000ac   Code   RO        12802    i._ZNK8touchgfx8TextArea4drawERKNS_4RectE  touchgfx_core.lib(textarea.o)
    0x0800a564   0x0800a564   0x00000044   Code   RO        13108    i._ZNK8touchgfx9ConstFont4findEt  touchgfx_core.lib(constfont.o)
    0x0800a5a8   0x0800a5a8   0x00000050   Code   RO        13109    i._ZNK8touchgfx9ConstFont8getGlyphEtRPKhRh  touchgfx_core.lib(constfont.o)
    0x0800a5f8   0x0800a5f8   0x0000000e   Code   RO        11253    i._ZNK8touchgfx9Container12getSolidRectEv  touchgfx_core.lib(container.o)
    0x0800a606   0x0800a606   0x0000005e   Code   RO        11255    i._ZNK8touchgfx9Container4drawERKNS_4RectE  touchgfx_core.lib(container.o)
    0x0800a664   0x0800a664   0x00000010   Code   RO        12390    i._ZNK8touchgfx9GlyphNode7advanceEv  touchgfx_core.lib(lcd.o)
    0x0800a674   0x0800a674   0x00000012   Code   RO        12850    i._ZNK8touchgfx9TypedText10hasValidIdEv  touchgfx_core.lib(textarea.o)
    0x0800a686   0x0800a686   0x00000002   PAD
    0x0800a688   0x0800a688   0x00000020   Code   RO        12856    i._ZNK8touchgfx9TypedText11assertValidEv  touchgfx_core.lib(textarea.o)
    0x0800a6a8   0x0800a6a8   0x00000020   Code   RO        12874    i._ZNK8touchgfx9TypedText16getTextDirectionEv  touchgfx_core.lib(textarea.o)
    0x0800a6c8   0x0800a6c8   0x00000024   Code   RO        12868    i._ZNK8touchgfx9TypedText7getFontEv  touchgfx_core.lib(textarea.o)
    0x0800a6ec   0x0800a6ec   0x00000018   Code   RO        12862    i._ZNK8touchgfx9TypedText7getTextEv  touchgfx_core.lib(textarea.o)
    0x0800a704   0x0800a704   0x00000024   Code   RO        13616    i.__aeabi_vec_ctor_nocookie_nodtor  cpprt_w.l(aeabi_vec_ctor_nocookie_nodtor.o)
    0x0800a728   0x0800a728   0x00000010   Code   RO        13504    i.__cxa_guard_acquire  cpprt_w.l(cxa_guard_acquire.o)
    0x0800a738   0x0800a738   0x00000006   Code   RO        13501    i.__cxa_pure_virtual  cpprt_w.l(pure_virt.o)
    0x0800a73e   0x0800a73e   0x0000000e   Code   RO        13746    i.__scatterload_copy  mc_w.l(handlers.o)
    0x0800a74c   0x0800a74c   0x00000002   Code   RO        13747    i.__scatterload_null  mc_w.l(handlers.o)
    0x0800a74e   0x0800a74e   0x0000000e   Code   RO        13748    i.__scatterload_zeroinit  mc_w.l(handlers.o)
    0x0800a75c   0x0800a75c   0x0000001c   Code   RO        10067    i.__sti___21_typedtextdatabase_cpp_42ef4e5b  typedtextdatabase.o
    0x0800a778   0x0800a778   0x0000008c   Code   RO         1376    i.__sti___22_BoardConfiguration_cpp_2f1c5dae  boardconfiguration.o
    0x0800a804   0x0800a804   0x00000018   Code   RO         9997    i.__sti___9_texts_cpp_454ca793  texts.o
    0x0800a81c   0x0800a81c   0x00000020   Code   RO          581    i.accelerationModeTask  freertos.o
    0x0800a83c   0x0800a83c   0x00000020   Code   RO          582    i.autocrossModeTask  freertos.o
    0x0800a85c   0x0800a85c   0x00000020   Code   RO          583    i.aux1ButtonTask    freertos.o
    0x0800a87c   0x0800a87c   0x00000008   Code   RO          584    i.aux1Task          freertos.o
    0x0800a884   0x0800a884   0x00000020   Code   RO          585    i.aux2ButtonTask    freertos.o
    0x0800a8a4   0x0800a8a4   0x00000020   Code   RO          586    i.aux2Task          freertos.o
    0x0800a8c4   0x0800a8c4   0x00000020   Code   RO          587    i.aux3ButtonTask    freertos.o
    0x0800a8e4   0x0800a8e4   0x00000020   Code   RO          588    i.boardDebugModeTask  freertos.o
    0x0800a904   0x0800a904   0x00000020   Code   RO          589    i.canTask           freertos.o
    0x0800a924   0x0800a924   0x00000020   Code   RO          590    i.debugFreeRTOSTask  freertos.o
    0x0800a944   0x0800a944   0x00000020   Code   RO          591    i.debugModeTask     freertos.o
    0x0800a964   0x0800a964   0x00000020   Code   RO          592    i.downShiftTask     freertos.o
    0x0800a984   0x0800a984   0x00000020   Code   RO          593    i.enduranceModeTask  freertos.o
    0x0800a9a4   0x0800a9a4   0x00000050   Code   RO        13673    i.free              mc_w.l(malloc.o)
    0x0800a9f4   0x0800a9f4   0x00000018   Code   RO          594    i.ledBlinkTask      freertos.o
    0x0800aa0c   0x0800aa0c   0x00000020   Code   RO          595    i.leftEncoderTask   freertos.o
    0x0800aa2c   0x0800aa2c   0x00000050   Code   RO           16    i.main              main.o
    0x0800aa7c   0x0800aa7c   0x0000000e   Code   RO         8099    i.makeFreeRtosPriority  cmsis_os.o
    0x0800aa8a   0x0800aa8a   0x00000002   PAD
    0x0800aa8c   0x0800aa8c   0x0000006c   Code   RO        13674    i.malloc            mc_w.l(malloc.o)
    0x0800aaf8   0x0800aaf8   0x00000020   Code   RO          596    i.mapSelectorTask   freertos.o
    0x0800ab18   0x0800ab18   0x00000020   Code   RO          597    i.modeSelectorTask  freertos.o
    0x0800ab38   0x0800ab38   0x00000020   Code   RO          598    i.neutralButtonTask  freertos.o
    0x0800ab58   0x0800ab58   0x00000020   Code   RO          599    i.okButtonTask      freertos.o
    0x0800ab78   0x0800ab78   0x0000000e   Code   RO         8101    i.osDelay           cmsis_os.o
    0x0800ab86   0x0800ab86   0x0000000a   Code   RO         8104    i.osKernelStart     cmsis_os.o
    0x0800ab90   0x0800ab90   0x0000000a   Code   RO         8113    i.osMessageCreate   cmsis_os.o
    0x0800ab9a   0x0800ab9a   0x0000002c   Code   RO         8130    i.osSemaphoreCreate  cmsis_os.o
    0x0800abc6   0x0800abc6   0x0000002e   Code   RO         8138    i.osThreadCreate    cmsis_os.o
    0x0800abf4   0x0800abf4   0x00000070   Code   RO         7792    i.prvAddCurrentTaskToDelayedList  tasks.o
    0x0800ac64   0x0800ac64   0x000000d0   Code   RO         7793    i.prvAddNewTaskToReadyList  tasks.o
    0x0800ad34   0x0800ad34   0x00000050   Code   RO         7794    i.prvCheckTasksWaitingTermination  tasks.o
    0x0800ad84   0x0800ad84   0x00000026   Code   RO         7634    i.prvCopyDataFromQueue  queue.o
    0x0800adaa   0x0800adaa   0x0000006c   Code   RO         7635    i.prvCopyDataToQueue  queue.o
    0x0800ae16   0x0800ae16   0x00000014   Code   RO         7795    i.prvDeleteTCB      tasks.o
    0x0800ae2a   0x0800ae2a   0x00000002   PAD
    0x0800ae2c   0x0800ae2c   0x00000050   Code   RO         8472    i.prvHeapInit       heap_4.o
    0x0800ae7c   0x0800ae7c   0x0000002c   Code   RO         7796    i.prvIdleTask       tasks.o
    0x0800aea8   0x0800aea8   0x000000a2   Code   RO         7797    i.prvInitialiseNewTask  tasks.o
    0x0800af4a   0x0800af4a   0x00000002   PAD
    0x0800af4c   0x0800af4c   0x0000004c   Code   RO         8473    i.prvInsertBlockIntoFreeList  heap_4.o
    0x0800af98   0x0800af98   0x0000001c   Code   RO         7636    i.prvIsQueueEmpty   queue.o
    0x0800afb4   0x0800afb4   0x00000020   Code   RO         7798    i.prvResetNextTaskUnblockTime  tasks.o
    0x0800afd4   0x0800afd4   0x00000030   Code   RO         8535    i.prvTaskExitError  port.o
    0x0800b004   0x0800b004   0x0000006a   Code   RO         7637    i.prvUnlockQueue    queue.o
    0x0800b06e   0x0800b06e   0x00000002   PAD
    0x0800b070   0x0800b070   0x000000ec   Code   RO         8474    i.pvPortMalloc      heap_4.o
    0x0800b15c   0x0800b15c   0x00000018   Code   RO         7800    i.pvTaskIncrementMutexHeldCount  tasks.o
    0x0800b174   0x0800b174   0x00000030   Code   RO         8536    i.pxPortInitialiseStack  port.o
    0x0800b1a4   0x0800b1a4   0x00000020   Code   RO          600    i.rightEncoderTask  freertos.o
    0x0800b1c4   0x0800b1c4   0x00000020   Code   RO          601    i.rpmStripeTask     freertos.o
    0x0800b1e4   0x0800b1e4   0x00000020   Code   RO          602    i.sensorsTask       freertos.o
    0x0800b204   0x0800b204   0x00000020   Code   RO          603    i.settingsModeTask  freertos.o
    0x0800b224   0x0800b224   0x00000020   Code   RO          604    i.skidpadModeTask   freertos.o
    0x0800b244   0x0800b244   0x00000020   Code   RO          605    i.startButtonTask   freertos.o
    0x0800b264   0x0800b264   0x00000020   Code   RO          606    i.upShiftTask       freertos.o
    0x0800b284   0x0800b284   0x00000024   Code   RO         7597    i.uxListRemove      list.o
    0x0800b2a8   0x0800b2a8   0x0000000c   Code   RO         8619    i.vApplicationIdleHook  oswrappers.o
    0x0800b2b4   0x0800b2b4   0x00000002   Code   RO         8620    i.vApplicationMallocFailedHook  oswrappers.o
    0x0800b2b6   0x0800b2b6   0x00000002   Code   RO         8621    i.vApplicationStackOverflowHook  oswrappers.o
    0x0800b2b8   0x0800b2b8   0x00000016   Code   RO         7598    i.vListInitialise   list.o
    0x0800b2ce   0x0800b2ce   0x00000006   Code   RO         7599    i.vListInitialiseItem  list.o
    0x0800b2d4   0x0800b2d4   0x00000030   Code   RO         7600    i.vListInsert       list.o
    0x0800b304   0x0800b304   0x00000018   Code   RO         7601    i.vListInsertEnd    list.o
    0x0800b31c   0x0800b31c   0x00000048   Code   RO         8538    i.vPortEnterCritical  port.o
    0x0800b364   0x0800b364   0x0000002c   Code   RO         8539    i.vPortExitCritical  port.o
    0x0800b390   0x0800b390   0x00000064   Code   RO         8475    i.vPortFree         heap_4.o
    0x0800b3f4   0x0800b3f4   0x00000020   Code   RO         8540    i.vPortSetupTimerInterrupt  port.o
    0x0800b414   0x0800b414   0x0000005c   Code   RO         8541    i.vPortValidateInterruptPriority  port.o
    0x0800b470   0x0800b470   0x00000050   Code   RO         7806    i.vTaskDelay        tasks.o
    0x0800b4c0   0x0800b4c0   0x0000000c   Code   RO         7809    i.vTaskMissedYield  tasks.o
    0x0800b4cc   0x0800b4cc   0x00000034   Code   RO         7811    i.vTaskPlaceOnEventList  tasks.o
    0x0800b500   0x0800b500   0x00000088   Code   RO         7813    i.vTaskPriorityInherit  tasks.o
    0x0800b588   0x0800b588   0x00000020   Code   RO         7816    i.vTaskSetApplicationTaskTag  tasks.o
    0x0800b5a8   0x0800b5a8   0x00000028   Code   RO         7817    i.vTaskSetTimeOutState  tasks.o
    0x0800b5d0   0x0800b5d0   0x00000070   Code   RO         7818    i.vTaskStartScheduler  tasks.o
    0x0800b640   0x0800b640   0x00000010   Code   RO         7820    i.vTaskSuspendAll   tasks.o
    0x0800b650   0x0800b650   0x0000008c   Code   RO         7821    i.vTaskSwitchContext  tasks.o
    0x0800b6dc   0x0800b6dc   0x000000a8   Code   RO         8542    i.xPortStartScheduler  port.o
    0x0800b784   0x0800b784   0x00000042   Code   RO         7644    i.xQueueCreateCountingSemaphore  queue.o
    0x0800b7c6   0x0800b7c6   0x0000004c   Code   RO         7646    i.xQueueGenericCreate  queue.o
    0x0800b812   0x0800b812   0x00000002   PAD
    0x0800b814   0x0800b814   0x0000017c   Code   RO         7647    i.xQueueGenericReceive  queue.o
    0x0800b990   0x0800b990   0x00000098   Code   RO         7648    i.xQueueGenericReset  queue.o
    0x0800ba28   0x0800ba28   0x00000170   Code   RO         7649    i.xQueueGenericSend  queue.o
    0x0800bb98   0x0800bb98   0x000000cc   Code   RO         7650    i.xQueueGenericSendFromISR  queue.o
    0x0800bc64   0x0800bc64   0x000000ac   Code   RO         7651    i.xQueueGiveFromISR  queue.o
    0x0800bd10   0x0800bd10   0x00000074   Code   RO         7823    i.xTaskCheckForTimeOut  tasks.o
    0x0800bd84   0x0800bd84   0x00000056   Code   RO         7824    i.xTaskCreate       tasks.o
    0x0800bdda   0x0800bdda   0x00000002   PAD
    0x0800bddc   0x0800bddc   0x0000001c   Code   RO         7829    i.xTaskGetSchedulerState  tasks.o
    0x0800bdf8   0x0800bdf8   0x000000cc   Code   RO         7832    i.xTaskIncrementTick  tasks.o
    0x0800bec4   0x0800bec4   0x000000a8   Code   RO         7835    i.xTaskPriorityDisinherit  tasks.o
    0x0800bf6c   0x0800bf6c   0x00000078   Code   RO         7836    i.xTaskRemoveFromEventList  tasks.o
    0x0800bfe4   0x0800bfe4   0x000000c8   Code   RO         7838    i.xTaskResumeAll    tasks.o
    0x0800c0ac   0x0800c0ac   0x0000011c   Code   RO         9401    t._ZN8touchgfx14makeTransitionI11Screen1View16Screen1PresenterNS_12NoTransitionE5ModelEEPT0_PPNS_6ScreenEPPNS_9PresenterERNS_7MVPHeapEPPNS_10TransitionEPT2_  frontendapplicationbase.o
    0x0800c1c8   0x0800c1c8   0x000000e0   Code   RO         1436    t._ZN8touchgfx21touchgfx_generic_initI10STM32F7HALEERNS_3HALERNS_13DMA_InterfaceERNS_3LCDERNS_15TouchControllerEssPtjj  boardconfiguration.o
    0x0800c2a8   0x0800c2a8   0x0000000a   Code   RO        13250    t._ZN8touchgfx3absIsEET_S1_  touchgfx_core.lib(gestures.o)
    0x0800c2b2   0x0800c2b2   0x00000048   Code   RO        10590    t._ZN8touchgfx6VectorINS_4RectELt8EE13quickRemoveAtEt  touchgfx_core.lib(application.o)
    0x0800c2fa   0x0800c2fa   0x0000001e   Code   RO        10617    t._ZN8touchgfx6VectorINS_4RectELt8EE3addES1_  touchgfx_core.lib(application.o)
    0x0800c318   0x0800c318   0x00000018   Code   RO        10611    t._ZN8touchgfx6VectorINS_4RectELt8EEC1Ev  touchgfx_core.lib(application.o)
    0x0800c330   0x0800c330   0x00000018   Code   RO         9452    t._ZN8touchgfx8CallbackI23FrontendApplicationBasevvvE7executeEv  frontendapplicationbase.o
    0x0800c348   0x0800c348   0x00000004   Code   RO         1588    t._ZN8touchgfx9PartitionINS_4meta8TypeListI11Screen1ViewNS2_INS1_3NilES4_EEEELt1EE12element_sizeEv  boardconfiguration.o
    0x0800c34c   0x0800c34c   0x00000010   Code   RO         1594    t._ZN8touchgfx9PartitionINS_4meta8TypeListI11Screen1ViewNS2_INS1_3NilES4_EEEELt1EE7elementEt  boardconfiguration.o
    0x0800c35c   0x0800c35c   0x00000004   Code   RO         1561    t._ZN8touchgfx9PartitionINS_4meta8TypeListI16Screen1PresenterNS2_INS1_3NilES4_EEEELt1EE12element_sizeEv  boardconfiguration.o
    0x0800c360   0x0800c360   0x00000008   Code   RO         1567    t._ZN8touchgfx9PartitionINS_4meta8TypeListI16Screen1PresenterNS2_INS1_3NilES4_EEEELt1EE7elementEt  boardconfiguration.o
    0x0800c368   0x0800c368   0x00000004   Code   RO         1615    t._ZN8touchgfx9PartitionINS_4meta8TypeListINS_12NoTransitionENS2_INS1_3NilES4_EEEELt1EE12element_sizeEv  boardconfiguration.o
    0x0800c36c   0x0800c36c   0x0000000c   Code   RO         1621    t._ZN8touchgfx9PartitionINS_4meta8TypeListINS_12NoTransitionENS2_INS1_3NilES4_EEEELt1EE7elementEt  boardconfiguration.o
    0x0800c378   0x0800c378   0x00000018   Code   RO         9458    t._ZNK8touchgfx8CallbackI23FrontendApplicationBasevvvE7isValidEv  frontendapplicationbase.o
    0x0800c390   0x0800c390   0x00000224   Data   RO          610    .constdata          freertos.o
    0x0800c5b4   0x0800c5b4   0x00000008   Data   RO         6921    .constdata          stm32f7xx_hal_dma.o
    0x0800c5bc   0x0800c5bc   0x00000010   Data   RO         7466    .constdata          system_stm32f7xx.o
    0x0800c5cc   0x0800c5cc   0x00000008   Data   RO         7467    .constdata          system_stm32f7xx.o
    0x0800c5d4   0x0800c5d4   0x00000028   Data   RO         9253    .constdata          bitmapdatabase.o
    0x0800c5fc   0x0800c5fc   0x00000010   Data   RO         9385    .constdata          frontendapplicationbase.o
    0x0800c60c   0x0800c60c   0x00000048   Data   RO        12495    .constdata          touchgfx_core.lib(screen.o)
    0x0800c654   0x0800c654   0x0000004c   Data   RO         2166    .constdata__ZTV10STM32F7DMA  stm32f7dma.o
    0x0800c6a0   0x0800c6a0   0x000000a8   Data   RO         2447    .constdata__ZTV10STM32F7HAL  stm32f7hal.o
    0x0800c748   0x0800c748   0x00000034   Data   RO         9100    .constdata__ZTV11Screen1View  screen1view.o
    0x0800c77c   0x0800c77c   0x00000014   Data   RO         1488    .constdata__ZTV12FrontendHeap  boardconfiguration.o
    0x0800c790   0x0800c790   0x00000034   Data   RO         9678    .constdata__ZTV15Screen1ViewBase  screen1viewbase.o
    0x0800c7c4   0x0800c7c4   0x00000028   Data   RO         8912    .constdata__ZTV16Screen1Presenter  screen1presenter.o
    0x0800c7ec   0x0800c7ec   0x0000003c   Data   RO         8736    .constdata__ZTV19FrontendApplication  frontendapplication.o
    0x0800c828   0x0800c828   0x00000014   Data   RO         9211    .constdata__ZTV23ApplicationFontProvider  applicationfontprovider.o
    0x0800c83c   0x0800c83c   0x0000003c   Data   RO         1480    .constdata__ZTV23FrontendApplicationBase  boardconfiguration.o
    0x0800c878   0x0800c878   0x00000014   Data   RO        12588    .constdata__ZTVN8touchgfx10ClickEventE  touchgfx_core.lib(screen.o)
    0x0800c88c   0x0800c88c   0x0000003c   Data   RO        10571    .constdata__ZTVN8touchgfx11ApplicationE  touchgfx_core.lib(application.o)
    0x0800c8c8   0x0800c8c8   0x00000014   Data   RO        12592    .constdata__ZTVN8touchgfx12GestureEventE  touchgfx_core.lib(screen.o)
    0x0800c8dc   0x0800c8dc   0x00000020   Data   RO         9413    .constdata__ZTVN8touchgfx12NoTransitionE  frontendapplicationbase.o
    0x0800c8fc   0x0800c8fc   0x0000003c   Data   RO         9409    .constdata__ZTVN8touchgfx14MVPApplicationE  frontendapplicationbase.o
    0x0800c938   0x0800c938   0x00000034   Data   RO        10154    .constdata__ZTVN8touchgfx17AbstractPartitionE  touchgfx_core.lib(abstractpartition.o)
    0x0800c96c   0x0800c96c   0x0000004c   Data   RO        12216    .constdata__ZTVN8touchgfx17InternalFlashFontE  touchgfx_core.lib(internalflashfont.o)
    0x0800c9b8   0x0800c9b8   0x00000024   Data   RO        11546    .constdata__ZTVN8touchgfx17LockFreeDMA_QueueE  touchgfx_core.lib(dma.o)
    0x0800c9dc   0x0800c9dc   0x00000028   Data   RO         2842    .constdata__ZTVN8touchgfx22STM32F7InstrumentationE  stm32f7instrumentation.o
    0x0800ca04   0x0800ca04   0x00000018   Data   RO         2696    .constdata__ZTVN8touchgfx22STM32F7TouchControllerE  stm32f7touchcontroller.o
    0x0800ca1c   0x0800ca1c   0x0000006c   Data   RO        10984    .constdata__ZTVN8touchgfx3BoxE  touchgfx_core.lib(box.o)
    0x0800ca88   0x0800ca88   0x000000a8   Data   RO        12096    .constdata__ZTVN8touchgfx3HALE  touchgfx_core.lib(hal.o)
    0x0800cb30   0x0800cb30   0x00000074   Data   RO        11096    .constdata__ZTVN8touchgfx6ButtonE  touchgfx_core.lib(button.o)
    0x0800cba4   0x0800cba4   0x00000034   Data   RO        12540    .constdata__ZTVN8touchgfx6ScreenE  touchgfx_core.lib(screen.o)
    0x0800cbd8   0x0800cbd8   0x0000006c   Data   RO         9718    .constdata__ZTVN8touchgfx6WidgetE  screen1viewbase.o
    0x0800cc44   0x0800cc44   0x00000018   Data   RO         9411    .constdata__ZTVN8touchgfx8CallbackI23FrontendApplicationBasevvvEE  frontendapplicationbase.o
    0x0800cc5c   0x0800cc5c   0x0000006c   Data   RO        11652    .constdata__ZTVN8touchgfx8DrawableE  touchgfx_core.lib(drawable.o)
    0x0800ccc8   0x0800ccc8   0x00000034   Data   RO        10265    .constdata__ZTVN8touchgfx8LCD16bppE  touchgfx_core.lib(lcd16bpp.o)
    0x0800ccfc   0x0800ccfc   0x0000007c   Data   RO        12846    .constdata__ZTVN8touchgfx8TextAreaE  touchgfx_core.lib(textarea.o)
    0x0800cd78   0x0800cd78   0x0000004c   Data   RO        13130    .constdata__ZTVN8touchgfx9ConstFontE  touchgfx_core.lib(constfont.o)
    0x0800cdc4   0x0800cdc4   0x00000090   Data   RO        11331    .constdata__ZTVN8touchgfx9ContainerE  touchgfx_core.lib(container.o)
    0x0800ce54   0x0800ce54   0x00000014   Data   RO        12590    .constdata__ZTVN8touchgfx9DragEventE  touchgfx_core.lib(screen.o)
    0x0800ce68   0x0800ce68   0x00000034   Data   RO         1484    .constdata__ZTVN8touchgfx9PartitionINS_4meta8TypeListI11Screen1ViewNS2_INS1_3NilES4_EEEELt1EEE  boardconfiguration.o
    0x0800ce9c   0x0800ce9c   0x00000034   Data   RO         1482    .constdata__ZTVN8touchgfx9PartitionINS_4meta8TypeListI16Screen1PresenterNS2_INS1_3NilES4_EEEELt1EEE  boardconfiguration.o
    0x0800ced0   0x0800ced0   0x00000034   Data   RO         1486    .constdata__ZTVN8touchgfx9PartitionINS_4meta8TypeListINS_12NoTransitionENS2_INS1_3NilES4_EEEELt1EEE  boardconfiguration.o
    0x0800cf04   0x0800cf04   0x00000188   Data   RO          611    .conststring        freertos.o
    0x0800d08c   0x0800d08c   0x00009f60   Data   RO         9280    ExtFlashSection     blue_buttons_round_edge_small.o
    0x08016fec   0x08016fec   0x00009f60   Data   RO         9292    ExtFlashSection     blue_buttons_round_edge_small_pressed.o
    0x08020f4c   0x08020f4c   0x00000001   Data   RO         9301    FontFlashSection    font_verdana_10_4bpp.o
    0x08020f4d   0x08020f4d   0x00000003   PAD
    0x08020f50   0x08020f50   0x00000001   Data   RO         9310    FontFlashSection    font_verdana_20_4bpp.o
    0x08020f51   0x08020f51   0x00000003   PAD
    0x08020f54   0x08020f54   0x000005d6   Data   RO         9319    FontFlashSection    font_verdana_40_4bpp.o
    0x0802152a   0x0802152a   0x00000002   PAD
    0x0802152c   0x0802152c   0x00000004   Data   RO         9616    FontFlashSection    kerning_verdana_10_4bpp.o
    0x08021530   0x08021530   0x00000004   Data   RO         9634    FontFlashSection    kerning_verdana_20_4bpp.o
    0x08021534   0x08021534   0x00000004   Data   RO         9643    FontFlashSection    kerning_verdana_40_4bpp.o
    0x08021538   0x08021538   0x0000000e   Data   RO         9969    FontFlashSection    table_verdana_10_4bpp.o
    0x08021546   0x08021546   0x00000002   PAD
    0x08021548   0x08021548   0x0000000e   Data   RO         9978    FontFlashSection    table_verdana_20_4bpp.o
    0x08021556   0x08021556   0x00000002   PAD
    0x08021558   0x08021558   0x00000038   Data   RO         9987    FontFlashSection    table_verdana_40_4bpp.o
    0x08021590   0x08021590   0x00000020   Data   RO        13745    Region$$Table       anon$$obj.o
    0x080215b0   0x080215b0   0x0000000a   Data   RO         9652    TextFlashSection    languagegb.o
    0x080215ba   0x080215ba   0x00000002   PAD
    0x080215bc   0x080215bc   0x00000004   Data   RO         9653    TextFlashSection    languagegb.o
    0x080215c0   0x080215c0   0x00000004   Data   RO        10006    TextFlashSection    texts.o
    0x080215c4   0x080215c4   0x00000002   Data   RO        10074    TextFlashSection    typedtextdatabase.o
    0x080215c6   0x080215c6   0x00000002   PAD
    0x080215c8   0x080215c8   0x00000004   Data   RO        10075    TextFlashSection    typedtextdatabase.o
    0x080215cc   0x080215cc   0x00000004   Data   RO         1386    .init_array         boardconfiguration.o
    0x080215d0   0x080215cc   0x00000004   Data   RO        10005    .init_array         texts.o
    0x080215d4   0x080215cc   0x00000004   Data   RO        10073    .init_array         typedtextdatabase.o
    0x080215d8   0x080215cc   0x00000000   Data   RO        13633    .init_array         mc_w.l(cpp_init.o)


    Execution Region RW_IRAM1 (Exec base: 0x20000000, Load base: 0x080215d8, Size: 0x00011b88, Max: 0x00050000, ABSOLUTE, COMPRESSED[0x00000024])

    Exec Addr    Load Addr    Size         Type   Attr      Idx    E Section Name        Object

    0x20000000   COMPRESSED   0x00000006   Data   RW          612    .data               freertos.o
    0x20000006   COMPRESSED   0x00000006   Data   RW          613    .data               freertos.o
    0x2000000c   COMPRESSED   0x00000006   Data   RW          614    .data               freertos.o
    0x20000012   COMPRESSED   0x00000006   Data   RW          615    .data               freertos.o
    0x20000018   COMPRESSED   0x000000d4   Data   RW          616    .data               freertos.o
    0x200000ec   COMPRESSED   0x00000004   Data   RW         1009    .data               spi.o
    0x200000f0   COMPRESSED   0x00000014   Data   RW         1385    .data               boardconfiguration.o
    0x20000104   COMPRESSED   0x00000001   Data   RW         2106    .data               stm32f7dma.o
    0x20000105   COMPRESSED   0x00000001   PAD
    0x20000106   COMPRESSED   0x00000004   Data   RW         2382    .data               stm32f7hal.o
    0x2000010a   COMPRESSED   0x00000002   PAD
    0x2000010c   COMPRESSED   0x00000008   Data   RW         2927    .data               hw_init.o
    0x20000114   COMPRESSED   0x0000000c   Data   RW         7298    .data               stm32f7xx_hal.o
    0x20000120   COMPRESSED   0x00000004   Data   RW         7468    .data               system_stm32f7xx.o
    0x20000124   COMPRESSED   0x0000003c   Data   RW         7841    .data               tasks.o
    0x20000160   COMPRESSED   0x00000018   Data   RW         8480    .data               heap_4.o
    0x20000178   COMPRESSED   0x0000000c   Data   RW         8543    .data               port.o
    0x20000184   COMPRESSED   0x0000000c   Data   RW         8634    .data               oswrappers.o
    0x20000190   COMPRESSED   0x0000000c   Data   RW         9335    .data               fontgetters.o
    0x2000019c   COMPRESSED   0x00000008   Data   RW        10000    .data               texts.o
    0x200001a4   COMPRESSED   0x00000008   Data   RW        10001    .data               texts.o
    0x200001ac   COMPRESSED   0x00000008   Data   RW        10002    .data               texts.o
    0x200001b4   COMPRESSED   0x00000008   Data   RW        10003    .data               texts.o
    0x200001bc   COMPRESSED   0x00000008   Data   RW        10004    .data               texts.o
    0x200001c4   COMPRESSED   0x00000010   Data   RW        10493    .data               touchgfx_core.lib(application.o)
    0x200001d4   COMPRESSED   0x00000024   Data   RW        10826    .data               touchgfx_core.lib(bitmap.o)
    0x200001f8   COMPRESSED   0x00000004   Data   RW        11884    .data               touchgfx_core.lib(fontmanager.o)
    0x200001fc   COMPRESSED   0x00000014   Data   RW        11978    .data               touchgfx_core.lib(hal.o)
    0x20000210   COMPRESSED   0x00000004   Data   RW        13003    .data               touchgfx_core.lib(typedtext.o)
    0x20000214   COMPRESSED   0x00000004   Data   RW        13004    .data               touchgfx_core.lib(typedtext.o)
    0x20000218   COMPRESSED   0x00000004   Data   RW        13005    .data               touchgfx_core.lib(typedtext.o)
    0x2000021c   COMPRESSED   0x00000002   Data   RW        13006    .data               touchgfx_core.lib(typedtext.o)
    0x2000021e   COMPRESSED   0x00000002   PAD
    0x20000220   COMPRESSED   0x00000004   Data   RW        13702    .data               mc_w.l(cpp_dtor.o)
    0x20000224   COMPRESSED   0x00000004   Data   RW        13726    .data               mc_w.l(mvars.o)
    0x20000228   COMPRESSED   0x00000004   Data   RW        13727    .data               mc_w.l(mvars.o)
    0x2000022c   COMPRESSED   0x00000004   Data   RW         1489    .data__ZZN12FrontendHeap11getInstanceEvE8instance  boardconfiguration.o
    0x20000230   COMPRESSED   0x00000004   Data   RW         1491    .data__ZZN8touchgfx6getHALI10STM32F7HALEERNS_3HALERNS_13DMA_InterfaceERNS_3LCDERNS_15TouchControllerEssE3hal  boardconfiguration.o
    0x20000234        -       0x000000a8   Zero   RW          429    .bss                adc.o
    0x200002dc        -       0x00000028   Zero   RW          471    .bss                can.o
    0x20000304        -       0x00000024   Zero   RW          513    .bss                crc.o
    0x20000328        -       0x0000004c   Zero   RW          867    .bss                i2c.o
    0x20000374        -       0x0000004c   Zero   RW          963    .bss                quadspi.o
    0x200003c0        -       0x00000064   Zero   RW         1008    .bss                spi.o
    0x20000424        -       0x00000080   Zero   RW         1068    .bss                tim.o
    0x200004a4        -       0x00000040   Zero   RW         1334    .bss                stm32f7xx_hal_timebase_tim.o
    0x200004e4        -       0x00000ab0   Zero   RW         1384    .bss                boardconfiguration.o
    0x20000f94        -       0x00000040   Zero   RW         2810    .bss                stm32f7instrumentation.o
    0x20000fd4        -       0x0000012c   Zero   RW         2926    .bss                hw_init.o
    0x20001100        -       0x000000f0   Zero   RW         7840    .bss                tasks.o
    0x200011f0        -       0x00010000   Zero   RW         8479    .bss                heap_4.o
    0x200111f0        -       0x00000060   Zero   RW         9334    .bss                fontgetters.o
    0x20011250        -       0x0000000c   Zero   RW        10072    .bss                typedtextdatabase.o
    0x2001125c        -       0x0000004c   Zero   RW        13431    .bss                touchgfx_core.lib(touchcalibration.o)
    0x200112a8        -       0x00000274   Zero   RW         1490    .bss__ZZN12FrontendHeap11getInstanceEvE8instance  boardconfiguration.o
    0x2001151c        -       0x00000068   Zero   RW         1492    .bss__ZZN8touchgfx6getHALI10STM32F7HALEERNS_3HALERNS_13DMA_InterfaceERNS_3LCDERNS_15TouchControllerEssE3hal  boardconfiguration.o
    0x20011584   COMPRESSED   0x00000004   PAD
    0x20011588        -       0x00000200   Zero   RW            2    HEAP                startup_stm32f746xx.o
    0x20011788        -       0x00000400   Zero   RW            1    STACK               startup_stm32f746xx.o


==============================================================================

Image component sizes


      Code (inc. data)   RO Data    RW Data    ZI Data      Debug   Object Name

       304         36          0          0        168       1863   adc.o
         0          0         20          0          0       1232   applicationfontprovider.o
        12          4         40          0          0       8302   bitmapdatabase.o
         0          0      40800          0          0        813   blue_buttons_round_edge_small.o
         0          0      40800          0          0        853   blue_buttons_round_edge_small_pressed.o
       964        168        240         28       3468     113310   boardconfiguration.o
       196         20          0          0         40       1737   can.o
       138          0          0          0          0      14155   cmsis_os.o
        88         18          0          0         36       1563   crc.o
        44          4          0          0          0        794   dma.o
         0          0          0          0          0       9560   event_groups.o
         0          0          1          0          0        723   font_verdana_10_4bpp.o
         0          0          1          0          0        723   font_verdana_20_4bpp.o
         0          0       1494          0          0        723   font_verdana_40_4bpp.o
       326         86          0         12         96      14421   fontgetters.o
      1760        168        940        236          0      41781   freertos.o
        38          4         60          0          0      29000   frontendapplication.o
       500         44        132          0          0      38083   frontendapplicationbase.o
       568         40          0          0          0     882819   gpio.o
         8          0          0          0          0       2268   gpio_1.o
       492         22          0         24      65536       7507   heap_4.o
      1016        134          0          8        300       7135   hw_init.o
       688         84          0          0         76       5894   i2c.o
         0          0          4          0          0       7706   kerning_verdana_10_4bpp.o
         0          0          4          0          0       1418   kerning_verdana_20_4bpp.o
         0          0          4          0          0       1418   kerning_verdana_40_4bpp.o
         0          0         14          0          0        754   languagegb.o
       136          0          0          0          0       3602   list.o
       278         20          0          0          0     781020   main.o
         8          0          0          0          0        956   model.o
       292         52          0         12          0      20902   oswrappers.o
       738         82          0         12          0      11925   port.o
       248         26          0          0         76       1821   quadspi.o
      1698         14          0          0          0      15105   queue.o
        30          6         40          0          0      51608   screen1presenter.o
        38         10         52          0          0      23724   screen1view.o
       472         34        160          0          0      56376   screen1viewbase.o
       360         44          0          4        100       3540   spi.o
        36          8        456          0       1536        852   startup_stm32f746xx.o
       986         70         76          1          0     711099   stm32f7dma.o
       414         42        168          4          0     709424   stm32f7hal.o
       282         16         40          0         64      18652   stm32f7instrumentation.o
         6          0         24          0          0     816224   stm32f7touchcontroller.o
        86         14          0         12          0       3338   stm32f7xx_hal.o
      1070         32          0          0          0       5482   stm32f7xx_hal_adc.o
         2          0          0          0          0        997   stm32f7xx_hal_adc_ex.o
       816          0          0          0          0      10255   stm32f7xx_hal_can.o
       178         12          0          0          0      35440   stm32f7xx_hal_cortex.o
       120          6          0          0          0       1171   stm32f7xx_hal_crc.o
        74          0          0          0          0       1227   stm32f7xx_hal_crc_ex.o
       804         16          8          0          0       4867   stm32f7xx_hal_dma.o
      1136         12          0          0          0       9623   stm32f7xx_hal_dma2d.o
       854        108          0          0          0       4870   stm32f7xx_hal_gpio.o
      2904         70          0          0          0      23434   stm32f7xx_hal_i2c.o
       172          0          0          0          0       1995   stm32f7xx_hal_i2c_ex.o
      1234         18          0          0          0       7423   stm32f7xx_hal_ltdc.o
        56          4          0          0          0        882   stm32f7xx_hal_msp.o
        16          4          0          0          0        555   stm32f7xx_hal_pwr.o
       108          8          0          0          0       1288   stm32f7xx_hal_pwr_ex.o
       914         20          0          0          0       9908   stm32f7xx_hal_qspi.o
      1332         70          0          0          0       5758   stm32f7xx_hal_rcc.o
      1276         16          0          0          0       2304   stm32f7xx_hal_rcc_ex.o
       180          0          0          0          0       3980   stm32f7xx_hal_sdram.o
       886          0          0          0          0       5262   stm32f7xx_hal_spi.o
      1518        102          0          0          0      15323   stm32f7xx_hal_tim.o
       564         38          0          0          0       5038   stm32f7xx_hal_tim_ex.o
       116         16          0          0         64       1459   stm32f7xx_hal_timebase_tim.o
       266         78          0          0          0      12566   stm32f7xx_it.o
       278          6          0          0          0       3432   stm32f7xx_ll_fmc.o
        84         16         24          4          0       1283   system_stm32f7xx.o
         0          0         14          0          0       1417   table_verdana_10_4bpp.o
         0          0         14          0          0       1417   table_verdana_20_4bpp.o
         0          0         56          0          0       1417   table_verdana_40_4bpp.o
      2224        176          0         60        240      23810   tasks.o
        88         30          8         40          0       9882   texts.o
       440         56          0          0        128       3171   tim.o
        52         12         10          0         12       5580   typedtextdatabase.o

    ----------------------------------------------------------------------
     33094       2196      85752        460      71944    4649239   Object Totals
         0          0         32          0          0          0   (incl. Generated)
        82          0         16          3          4          0   (incl. Padding)

    ----------------------------------------------------------------------

      Code (inc. data)   RO Data    RW Data    ZI Data      Debug   Library Member Name

        36          0          0          0          0         84   aeabi_vec_ctor_nocookie_nodtor.o
        16          0          0          0          0         68   cxa_guard_acquire.o
         6          0          0          0          0         68   pure_virt.o
        86          0          0          0          0          0   __dczerorl2.o
        46          0          0          0          0         84   aeabi_atexit.o
         8          4          0          4          0         68   cpp_dtor.o
         2          0          0          0          0         68   cpp_final.o
        32         10          0          0          0         80   cpp_init.o
         2          0          0          0          0         68   cpp_signal.o
        66          0          0          0          0         84   cxa_finalize.o
         0          0          0          0          0          0   entry.o
         0          0          0          0          0          0   entry10a.o
         4          0          0          0          0          0   entry10b.o
         0          0          0          0          0          0   entry11a.o
         8          4          0          0          0          0   entry2.o
         4          0          0          0          0          0   entry5.o
         0          0          0          0          0          0   entry7b.o
         4          0          0          0          0          0   entry8a.o
         0          0          0          0          0          0   entry8b.o
         8          4          0          0          0          0   entry9a.o
        30          0          0          0          0          0   handlers.o
        36          8          0          0          0         68   init.o
        30          0          0          0          0         68   llshl.o
        32          0          0          0          0         68   llushr.o
       188         20          0          0          0        160   malloc.o
        36          0          0          0          0         68   memcpya.o
        36          0          0          0          0        108   memseta.o
         0          0          0          8          0          0   mvars.o
        98          0          0          0          0         92   uldiv.o
        84          0          0          0          0      13328   abstractbutton.o
        18          6         52          0          0       8260   abstractpartition.o
      1988         92         60         16          0      74373   application.o
       860         70          0         36          0      36532   bitmap.o
       104          4        108          0          0      35248   box.o
       286         10        116          0          0      38284   button.o
       124          4          0          0          0      28872   color.o
       196          6         76          0          0       7924   constfont.o
       344          0        144          0          0      17640   container.o
       216         36          0          0          0      10072   displaytransformation.o
       492         10         36          0          0      22013   dma.o
       252          0        108          0          0      14596   drawable.o
       214          6          0          0          0      13148   font.o
        12          6          0          4          0       4680   fontmanager.o
       342         18          0          0          0      14190   gestures.o
      1716         52        168         20          0      50620   hal.o
       116          6         76          0          0      13400   internalflashfont.o
      2122         10          0          0          0      47463   lcd.o
      3142         60         52          0          0      64112   lcd16bpp.o
      1754         68        184          0          0      66093   screen.o
       104         20          0          0          0        867   stm32_crc_lock.o
       636         36        124          0          0      47660   textarea.o
       302         14          0          0          0      14116   textprovider.o
       254          4          0          0         76       3528   touchcalibration.o
         0          0          0         14          0       2364   typedtext.o

    ----------------------------------------------------------------------
     16514        588       1304        104         76     650687   Library Totals
        22          0          0          2          0          0   (incl. Padding)

    ----------------------------------------------------------------------

      Code (inc. data)   RO Data    RW Data    ZI Data      Debug   Library Name

        58          0          0          0          0        220   cpprt_w.l
       756         50          0         12          0       1084   mc_w.l
     15678        538       1304         90         76     649383   touchgfx_core.lib

    ----------------------------------------------------------------------
     16514        588       1304        104         76     650687   Library Totals

    ----------------------------------------------------------------------

==============================================================================


      Code (inc. data)   RO Data    RW Data    ZI Data      Debug   

     49608       2784      87056        564      72020    5238286   Grand Totals
     49608       2784      87056         36      72020    5238286   ELF Image Totals (compressed)
     49608       2784      87056         36          0          0   ROM Totals

==============================================================================

    Total RO  Size (Code + RO Data)               136664 ( 133.46kB)
    Total RW  Size (RW Data + ZI Data)             72584 (  70.88kB)
    Total ROM Size (Code + RO Data + RW Data)     136700 ( 133.50kB)

==============================================================================

