<!doctype html public "-//w3c//dtd html 4.0 transitional//en">
<html><head>
<title>Static Call Graph - [SW_DP11_INIT\SW_DP11_INIT.axf]</title></head>
<body><HR>
<H1>Static Call Graph for image SW_DP11_INIT\SW_DP11_INIT.axf</H1><HR>
<BR><P>#&#060CALLGRAPH&#062# ARM Linker, 5060528: Last Updated: Fri May 10 15:47:25 2019
<BR><P>
<H3>Maximum Stack Usage =        824 bytes + Unknown(Cycles, Untraceable Function Pointers)</H3><H3>
Call chain for Maximum Stack Depth:</H3>
main &rArr; MX_FREERTOS_Init &rArr; osThreadCreate &rArr; xTaskCreate &rArr; pvPortMalloc &rArr; xTaskResumeAll &rArr; xTaskIncrementTick
<P>
<H3>
Mutually Recursive functions
</H3> <LI><a href="#[3af]">vApplicationStackOverflowHook</a>&nbsp;&nbsp;&nbsp;&rArr;&nbsp;&nbsp;&nbsp;<a href="#[3af]">vApplicationStackOverflowHook</a><BR>
 <LI><a href="#[2a]">CAN1_RX1_IRQHandler</a>&nbsp;&nbsp;&nbsp;&rArr;&nbsp;&nbsp;&nbsp;<a href="#[2a]">CAN1_RX1_IRQHandler</a><BR>
 <LI><a href="#[f]">BusFault_Handler</a>&nbsp;&nbsp;&nbsp;&rArr;&nbsp;&nbsp;&nbsp;<a href="#[f]">BusFault_Handler</a><BR>
 <LI><a href="#[d]">HardFault_Handler</a>&nbsp;&nbsp;&nbsp;&rArr;&nbsp;&nbsp;&nbsp;<a href="#[d]">HardFault_Handler</a><BR>
 <LI><a href="#[e]">MemManage_Handler</a>&nbsp;&nbsp;&nbsp;&rArr;&nbsp;&nbsp;&nbsp;<a href="#[e]">MemManage_Handler</a><BR>
 <LI><a href="#[10]">UsageFault_Handler</a>&nbsp;&nbsp;&nbsp;&rArr;&nbsp;&nbsp;&nbsp;<a href="#[10]">UsageFault_Handler</a><BR>
 <LI><a href="#[358]">touchgfx::Screen::JSMOC(const touchgfx::Rect&, touchgfx::Drawable*)</a>&nbsp;&nbsp;&nbsp;&rArr;&nbsp;&nbsp;&nbsp;<a href="#[358]">touchgfx::Screen::JSMOC(const touchgfx::Rect&, touchgfx::Drawable*)</a><BR>
 <LI><a href="#[35f]">touchgfx::CWRUtil::arcsine(touchgfx::CWRUtil::Q10)</a>&nbsp;&nbsp;&nbsp;&rArr;&nbsp;&nbsp;&nbsp;<a href="#[35f]">touchgfx::CWRUtil::arcsine(touchgfx::CWRUtil::Q10)</a><BR>
 <LI><a href="#[35e]">touchgfx::CWRUtil::_angle(touchgfx::CWRUtil::Q5, touchgfx::CWRUtil::Q5, touchgfx::CWRUtil::Q5&)</a>&nbsp;&nbsp;&nbsp;&rArr;&nbsp;&nbsp;&nbsp;<a href="#[35e]">touchgfx::CWRUtil::_angle(touchgfx::CWRUtil::Q5, touchgfx::CWRUtil::Q5, touchgfx::CWRUtil::Q5&)</a><BR>
 <LI><a href="#[3ad]">vApplicationMallocFailedHook</a>&nbsp;&nbsp;&nbsp;&rArr;&nbsp;&nbsp;&nbsp;<a href="#[3ad]">vApplicationMallocFailedHook</a><BR>
</UL>
<P>
<H3>
Function Pointers
</H3><UL>
 <LI><a href="#[27]">ADC_IRQHandler</a> from stm32f7xx_it.o(i.ADC_IRQHandler) referenced from startup_stm32f746xx.o(RESET)
 <LI><a href="#[f]">BusFault_Handler</a> from stm32f7xx_it.o(i.BusFault_Handler) referenced from startup_stm32f746xx.o(RESET)
 <LI><a href="#[29]">CAN1_RX0_IRQHandler</a> from stm32f7xx_it.o(i.CAN1_RX0_IRQHandler) referenced from startup_stm32f746xx.o(RESET)
 <LI><a href="#[2a]">CAN1_RX1_IRQHandler</a> from startup_stm32f746xx.o(.text) referenced from startup_stm32f746xx.o(RESET)
 <LI><a href="#[2b]">CAN1_SCE_IRQHandler</a> from startup_stm32f746xx.o(.text) referenced from startup_stm32f746xx.o(RESET)
 <LI><a href="#[28]">CAN1_TX_IRQHandler</a> from stm32f7xx_it.o(i.CAN1_TX_IRQHandler) referenced from startup_stm32f746xx.o(RESET)
 <LI><a href="#[55]">CAN2_RX0_IRQHandler</a> from startup_stm32f746xx.o(.text) referenced from startup_stm32f746xx.o(RESET)
 <LI><a href="#[56]">CAN2_RX1_IRQHandler</a> from startup_stm32f746xx.o(.text) referenced from startup_stm32f746xx.o(RESET)
 <LI><a href="#[57]">CAN2_SCE_IRQHandler</a> from startup_stm32f746xx.o(.text) referenced from startup_stm32f746xx.o(RESET)
 <LI><a href="#[54]">CAN2_TX_IRQHandler</a> from startup_stm32f746xx.o(.text) referenced from startup_stm32f746xx.o(RESET)
 <LI><a href="#[72]">CEC_IRQHandler</a> from startup_stm32f746xx.o(.text) referenced from startup_stm32f746xx.o(RESET)
 <LI><a href="#[63]">DCMI_IRQHandler</a> from startup_stm32f746xx.o(.text) referenced from startup_stm32f746xx.o(RESET)
 <LI><a href="#[20]">DMA1_Stream0_IRQHandler</a> from startup_stm32f746xx.o(.text) referenced from startup_stm32f746xx.o(RESET)
 <LI><a href="#[21]">DMA1_Stream1_IRQHandler</a> from startup_stm32f746xx.o(.text) referenced from startup_stm32f746xx.o(RESET)
 <LI><a href="#[22]">DMA1_Stream2_IRQHandler</a> from startup_stm32f746xx.o(.text) referenced from startup_stm32f746xx.o(RESET)
 <LI><a href="#[23]">DMA1_Stream3_IRQHandler</a> from startup_stm32f746xx.o(.text) referenced from startup_stm32f746xx.o(RESET)
 <LI><a href="#[24]">DMA1_Stream4_IRQHandler</a> from startup_stm32f746xx.o(.text) referenced from startup_stm32f746xx.o(RESET)
 <LI><a href="#[25]">DMA1_Stream5_IRQHandler</a> from startup_stm32f746xx.o(.text) referenced from startup_stm32f746xx.o(RESET)
 <LI><a href="#[26]">DMA1_Stream6_IRQHandler</a> from startup_stm32f746xx.o(.text) referenced from startup_stm32f746xx.o(RESET)
 <LI><a href="#[44]">DMA1_Stream7_IRQHandler</a> from startup_stm32f746xx.o(.text) referenced from startup_stm32f746xx.o(RESET)
 <LI><a href="#[6e]">DMA2D_IRQHandler</a> from stm32f7xx_it.o(i.DMA2D_IRQHandler) referenced from startup_stm32f746xx.o(RESET)
 <LI><a href="#[4d]">DMA2_Stream0_IRQHandler</a> from stm32f7xx_it.o(i.DMA2_Stream0_IRQHandler) referenced from startup_stm32f746xx.o(RESET)
 <LI><a href="#[4e]">DMA2_Stream1_IRQHandler</a> from startup_stm32f746xx.o(.text) referenced from startup_stm32f746xx.o(RESET)
 <LI><a href="#[4f]">DMA2_Stream2_IRQHandler</a> from startup_stm32f746xx.o(.text) referenced from startup_stm32f746xx.o(RESET)
 <LI><a href="#[50]">DMA2_Stream3_IRQHandler</a> from startup_stm32f746xx.o(.text) referenced from startup_stm32f746xx.o(RESET)
 <LI><a href="#[51]">DMA2_Stream4_IRQHandler</a> from startup_stm32f746xx.o(.text) referenced from startup_stm32f746xx.o(RESET)
 <LI><a href="#[59]">DMA2_Stream5_IRQHandler</a> from startup_stm32f746xx.o(.text) referenced from startup_stm32f746xx.o(RESET)
 <LI><a href="#[5a]">DMA2_Stream6_IRQHandler</a> from startup_stm32f746xx.o(.text) referenced from startup_stm32f746xx.o(RESET)
 <LI><a href="#[5b]">DMA2_Stream7_IRQHandler</a> from startup_stm32f746xx.o(.text) referenced from startup_stm32f746xx.o(RESET)
 <LI><a href="#[12]">DebugMon_Handler</a> from stm32f7xx_it.o(i.DebugMon_Handler) referenced from startup_stm32f746xx.o(RESET)
 <LI><a href="#[52]">ETH_IRQHandler</a> from startup_stm32f746xx.o(.text) referenced from startup_stm32f746xx.o(RESET)
 <LI><a href="#[53]">ETH_WKUP_IRQHandler</a> from startup_stm32f746xx.o(.text) referenced from startup_stm32f746xx.o(RESET)
 <LI><a href="#[1b]">EXTI0_IRQHandler</a> from stm32f7xx_it.o(i.EXTI0_IRQHandler) referenced from startup_stm32f746xx.o(RESET)
 <LI><a href="#[3d]">EXTI15_10_IRQHandler</a> from stm32f7xx_it.o(i.EXTI15_10_IRQHandler) referenced from startup_stm32f746xx.o(RESET)
 <LI><a href="#[1c]">EXTI1_IRQHandler</a> from stm32f7xx_it.o(i.EXTI1_IRQHandler) referenced from startup_stm32f746xx.o(RESET)
 <LI><a href="#[1d]">EXTI2_IRQHandler</a> from stm32f7xx_it.o(i.EXTI2_IRQHandler) referenced from startup_stm32f746xx.o(RESET)
 <LI><a href="#[1e]">EXTI3_IRQHandler</a> from stm32f7xx_it.o(i.EXTI3_IRQHandler) referenced from startup_stm32f746xx.o(RESET)
 <LI><a href="#[1f]">EXTI4_IRQHandler</a> from startup_stm32f746xx.o(.text) referenced from startup_stm32f746xx.o(RESET)
 <LI><a href="#[2c]">EXTI9_5_IRQHandler</a> from stm32f7xx_it.o(i.EXTI9_5_IRQHandler) referenced from startup_stm32f746xx.o(RESET)
 <LI><a href="#[19]">FLASH_IRQHandler</a> from startup_stm32f746xx.o(.text) referenced from startup_stm32f746xx.o(RESET)
 <LI><a href="#[45]">FMC_IRQHandler</a> from stm32f7xx_it.o(i.FMC_IRQHandler) referenced from startup_stm32f746xx.o(RESET)
 <LI><a href="#[65]">FPU_IRQHandler</a> from startup_stm32f746xx.o(.text) referenced from startup_stm32f746xx.o(RESET)
 <LI><a href="#[d]">HardFault_Handler</a> from stm32f7xx_it.o(i.HardFault_Handler) referenced from startup_stm32f746xx.o(RESET)
 <LI><a href="#[35]">I2C1_ER_IRQHandler</a> from stm32f7xx_it.o(i.I2C1_ER_IRQHandler) referenced from startup_stm32f746xx.o(RESET)
 <LI><a href="#[34]">I2C1_EV_IRQHandler</a> from stm32f7xx_it.o(i.I2C1_EV_IRQHandler) referenced from startup_stm32f746xx.o(RESET)
 <LI><a href="#[37]">I2C2_ER_IRQHandler</a> from startup_stm32f746xx.o(.text) referenced from startup_stm32f746xx.o(RESET)
 <LI><a href="#[36]">I2C2_EV_IRQHandler</a> from startup_stm32f746xx.o(.text) referenced from startup_stm32f746xx.o(RESET)
 <LI><a href="#[5e]">I2C3_ER_IRQHandler</a> from startup_stm32f746xx.o(.text) referenced from startup_stm32f746xx.o(RESET)
 <LI><a href="#[5d]">I2C3_EV_IRQHandler</a> from startup_stm32f746xx.o(.text) referenced from startup_stm32f746xx.o(RESET)
 <LI><a href="#[74]">I2C4_ER_IRQHandler</a> from startup_stm32f746xx.o(.text) referenced from startup_stm32f746xx.o(RESET)
 <LI><a href="#[73]">I2C4_EV_IRQHandler</a> from startup_stm32f746xx.o(.text) referenced from startup_stm32f746xx.o(RESET)
 <LI><a href="#[7a]">I2C_DMAAbort</a> from stm32f7xx_hal_i2c.o(i.I2C_DMAAbort) referenced from stm32f7xx_hal_i2c.o(i.I2C_ITError)
 <LI><a href="#[7b]">I2C_Slave_ISR_IT</a> from stm32f7xx_hal_i2c.o(i.I2C_Slave_ISR_IT) referenced from stm32f7xx_hal_i2c.o(i.I2C_ITError)
 <LI><a href="#[71]">LPTIM1_IRQHandler</a> from startup_stm32f746xx.o(.text) referenced from startup_stm32f746xx.o(RESET)
 <LI><a href="#[6d]">LTDC_ER_IRQHandler</a> from stm32f7xx_it.o(i.LTDC_ER_IRQHandler) referenced from startup_stm32f746xx.o(RESET)
 <LI><a href="#[6c]">LTDC_IRQHandler</a> from stm32f7xx_it.o(i.LTDC_IRQHandler) referenced from startup_stm32f746xx.o(RESET)
 <LI><a href="#[e]">MemManage_Handler</a> from stm32f7xx_it.o(i.MemManage_Handler) referenced from startup_stm32f746xx.o(RESET)
 <LI><a href="#[c]">NMI_Handler</a> from stm32f7xx_it.o(i.NMI_Handler) referenced from startup_stm32f746xx.o(RESET)
 <LI><a href="#[58]">OTG_FS_IRQHandler</a> from startup_stm32f746xx.o(.text) referenced from startup_stm32f746xx.o(RESET)
 <LI><a href="#[3f]">OTG_FS_WKUP_IRQHandler</a> from startup_stm32f746xx.o(.text) referenced from startup_stm32f746xx.o(RESET)
 <LI><a href="#[60]">OTG_HS_EP1_IN_IRQHandler</a> from startup_stm32f746xx.o(.text) referenced from startup_stm32f746xx.o(RESET)
 <LI><a href="#[5f]">OTG_HS_EP1_OUT_IRQHandler</a> from startup_stm32f746xx.o(.text) referenced from startup_stm32f746xx.o(RESET)
 <LI><a href="#[62]">OTG_HS_IRQHandler</a> from startup_stm32f746xx.o(.text) referenced from startup_stm32f746xx.o(RESET)
 <LI><a href="#[61]">OTG_HS_WKUP_IRQHandler</a> from startup_stm32f746xx.o(.text) referenced from startup_stm32f746xx.o(RESET)
 <LI><a href="#[16]">PVD_IRQHandler</a> from startup_stm32f746xx.o(.text) referenced from startup_stm32f746xx.o(RESET)
 <LI><a href="#[13]">PendSV_Handler</a> from port.o(.emb_text) referenced from startup_stm32f746xx.o(RESET)
 <LI><a href="#[79]">QSPI_DMAAbortCplt</a> from stm32f7xx_hal_qspi.o(i.QSPI_DMAAbortCplt) referenced from stm32f7xx_hal_qspi.o(i.HAL_QSPI_Abort_IT)
 <LI><a href="#[79]">QSPI_DMAAbortCplt</a> from stm32f7xx_hal_qspi.o(i.QSPI_DMAAbortCplt) referenced from stm32f7xx_hal_qspi.o(i.HAL_QSPI_IRQHandler)
 <LI><a href="#[70]">QUADSPI_IRQHandler</a> from stm32f7xx_it.o(i.QUADSPI_IRQHandler) referenced from startup_stm32f746xx.o(RESET)
 <LI><a href="#[1a]">RCC_IRQHandler</a> from startup_stm32f746xx.o(.text) referenced from startup_stm32f746xx.o(RESET)
 <LI><a href="#[64]">RNG_IRQHandler</a> from startup_stm32f746xx.o(.text) referenced from startup_stm32f746xx.o(RESET)
 <LI><a href="#[3e]">RTC_Alarm_IRQHandler</a> from startup_stm32f746xx.o(.text) referenced from startup_stm32f746xx.o(RESET)
 <LI><a href="#[18]">RTC_WKUP_IRQHandler</a> from startup_stm32f746xx.o(.text) referenced from startup_stm32f746xx.o(RESET)
 <LI><a href="#[b]">Reset_Handler</a> from startup_stm32f746xx.o(.text) referenced from startup_stm32f746xx.o(RESET)
 <LI><a href="#[6b]">SAI1_IRQHandler</a> from startup_stm32f746xx.o(.text) referenced from startup_stm32f746xx.o(RESET)
 <LI><a href="#[6f]">SAI2_IRQHandler</a> from startup_stm32f746xx.o(.text) referenced from startup_stm32f746xx.o(RESET)
 <LI><a href="#[46]">SDMMC1_IRQHandler</a> from startup_stm32f746xx.o(.text) referenced from startup_stm32f746xx.o(RESET)
 <LI><a href="#[75]">SPDIF_RX_IRQHandler</a> from startup_stm32f746xx.o(.text) referenced from startup_stm32f746xx.o(RESET)
 <LI><a href="#[38]">SPI1_IRQHandler</a> from startup_stm32f746xx.o(.text) referenced from startup_stm32f746xx.o(RESET)
 <LI><a href="#[39]">SPI2_IRQHandler</a> from startup_stm32f746xx.o(.text) referenced from startup_stm32f746xx.o(RESET)
 <LI><a href="#[48]">SPI3_IRQHandler</a> from startup_stm32f746xx.o(.text) referenced from startup_stm32f746xx.o(RESET)
 <LI><a href="#[68]">SPI4_IRQHandler</a> from startup_stm32f746xx.o(.text) referenced from startup_stm32f746xx.o(RESET)
 <LI><a href="#[69]">SPI5_IRQHandler</a> from startup_stm32f746xx.o(.text) referenced from startup_stm32f746xx.o(RESET)
 <LI><a href="#[6a]">SPI6_IRQHandler</a> from startup_stm32f746xx.o(.text) referenced from startup_stm32f746xx.o(RESET)
 <LI><a href="#[11]">SVC_Handler</a> from port.o(.emb_text) referenced from startup_stm32f746xx.o(RESET)
 <LI><a href="#[8c]">StartDefaultTask</a> from freertos.o(i.StartDefaultTask) referenced from freertos.o(.constdata)
 <LI><a href="#[14]">SysTick_Handler</a> from port.o(i.SysTick_Handler) referenced from startup_stm32f746xx.o(RESET)
 <LI><a href="#[77]">SystemInit</a> from system_stm32f7xx.o(i.SystemInit) referenced from startup_stm32f746xx.o(.text)
 <LI><a href="#[17]">TAMP_STAMP_IRQHandler</a> from startup_stm32f746xx.o(.text) referenced from startup_stm32f746xx.o(RESET)
 <LI><a href="#[2d]">TIM1_BRK_TIM9_IRQHandler</a> from startup_stm32f746xx.o(.text) referenced from startup_stm32f746xx.o(RESET)
 <LI><a href="#[30]">TIM1_CC_IRQHandler</a> from startup_stm32f746xx.o(.text) referenced from startup_stm32f746xx.o(RESET)
 <LI><a href="#[2f]">TIM1_TRG_COM_TIM11_IRQHandler</a> from startup_stm32f746xx.o(.text) referenced from startup_stm32f746xx.o(RESET)
 <LI><a href="#[2e]">TIM1_UP_TIM10_IRQHandler</a> from startup_stm32f746xx.o(.text) referenced from startup_stm32f746xx.o(RESET)
 <LI><a href="#[31]">TIM2_IRQHandler</a> from startup_stm32f746xx.o(.text) referenced from startup_stm32f746xx.o(RESET)
 <LI><a href="#[32]">TIM3_IRQHandler</a> from startup_stm32f746xx.o(.text) referenced from startup_stm32f746xx.o(RESET)
 <LI><a href="#[33]">TIM4_IRQHandler</a> from stm32f7xx_it.o(i.TIM4_IRQHandler) referenced from startup_stm32f746xx.o(RESET)
 <LI><a href="#[47]">TIM5_IRQHandler</a> from startup_stm32f746xx.o(.text) referenced from startup_stm32f746xx.o(RESET)
 <LI><a href="#[4b]">TIM6_DAC_IRQHandler</a> from stm32f7xx_it.o(i.TIM6_DAC_IRQHandler) referenced from startup_stm32f746xx.o(RESET)
 <LI><a href="#[4c]">TIM7_IRQHandler</a> from stm32f7xx_it.o(i.TIM7_IRQHandler) referenced from startup_stm32f746xx.o(RESET)
 <LI><a href="#[40]">TIM8_BRK_TIM12_IRQHandler</a> from startup_stm32f746xx.o(.text) referenced from startup_stm32f746xx.o(RESET)
 <LI><a href="#[43]">TIM8_CC_IRQHandler</a> from startup_stm32f746xx.o(.text) referenced from startup_stm32f746xx.o(RESET)
 <LI><a href="#[42]">TIM8_TRG_COM_TIM14_IRQHandler</a> from startup_stm32f746xx.o(.text) referenced from startup_stm32f746xx.o(RESET)
 <LI><a href="#[41]">TIM8_UP_TIM13_IRQHandler</a> from startup_stm32f746xx.o(.text) referenced from startup_stm32f746xx.o(RESET)
 <LI><a href="#[49]">UART4_IRQHandler</a> from startup_stm32f746xx.o(.text) referenced from startup_stm32f746xx.o(RESET)
 <LI><a href="#[4a]">UART5_IRQHandler</a> from startup_stm32f746xx.o(.text) referenced from startup_stm32f746xx.o(RESET)
 <LI><a href="#[66]">UART7_IRQHandler</a> from startup_stm32f746xx.o(.text) referenced from startup_stm32f746xx.o(RESET)
 <LI><a href="#[67]">UART8_IRQHandler</a> from startup_stm32f746xx.o(.text) referenced from startup_stm32f746xx.o(RESET)
 <LI><a href="#[3a]">USART1_IRQHandler</a> from startup_stm32f746xx.o(.text) referenced from startup_stm32f746xx.o(RESET)
 <LI><a href="#[3b]">USART2_IRQHandler</a> from startup_stm32f746xx.o(.text) referenced from startup_stm32f746xx.o(RESET)
 <LI><a href="#[3c]">USART3_IRQHandler</a> from startup_stm32f746xx.o(.text) referenced from startup_stm32f746xx.o(RESET)
 <LI><a href="#[5c]">USART6_IRQHandler</a> from startup_stm32f746xx.o(.text) referenced from startup_stm32f746xx.o(RESET)
 <LI><a href="#[10]">UsageFault_Handler</a> from stm32f7xx_it.o(i.UsageFault_Handler) referenced from startup_stm32f746xx.o(RESET)
 <LI><a href="#[15]">WWDG_IRQHandler</a> from startup_stm32f746xx.o(.text) referenced from startup_stm32f746xx.o(RESET)
 <LI><a href="#[87]">IdleTaskHook(void*)</a> from oswrappers.o(i._Z12IdleTaskHookPv) referenced from oswrappers.o(i.vApplicationIdleHook)
 <LI><a href="#[7d]">DMA2D_XferCpltCallback(__DMA2D_HandleTypeDef*)</a> from stm32f7dma.o(i._Z22DMA2D_XferCpltCallbackP21__DMA2D_HandleTypeDef) referenced from stm32f7dma.o(i._ZN10STM32F7DMA10initializeEv)
 <LI><a href="#[7e]">DMA2D_XferErrorCallback(__DMA2D_HandleTypeDef*)</a> from stm32f7dma.o(i._Z23DMA2D_XferErrorCallbackP21__DMA2D_HandleTypeDef) referenced from stm32f7dma.o(i._ZN10STM32F7DMA10initializeEv)
 <LI><a href="#[b1]">STM32F7DMA::initialize()</a> from stm32f7dma.o(i._ZN10STM32F7DMA10initializeEv) referenced from stm32f7dma.o(.constdata__ZTV10STM32F7DMA)
 <LI><a href="#[ae]">STM32F7DMA::getBlitCaps()</a> from stm32f7dma.o(i._ZN10STM32F7DMA11getBlitCapsEv) referenced from stm32f7dma.o(.constdata__ZTV10STM32F7DMA)
 <LI><a href="#[b7]">STM32F7DMA::setupDataCopy(const touchgfx::BlitOp&)</a> from stm32f7dma.o(i._ZN10STM32F7DMA13setupDataCopyERKN8touchgfx6BlitOpE) referenced from stm32f7dma.o(.constdata__ZTV10STM32F7DMA)
 <LI><a href="#[b8]">STM32F7DMA::setupDataFill(const touchgfx::BlitOp&)</a> from stm32f7dma.o(i._ZN10STM32F7DMA13setupDataFillERKN8touchgfx6BlitOpE) referenced from stm32f7dma.o(.constdata__ZTV10STM32F7DMA)
 <LI><a href="#[b3]">STM32F7DMA::signalDMAInterrupt()</a> from stm32f7dma.o(i._ZN10STM32F7DMA18signalDMAInterruptEv) referenced from stm32f7dma.o(.constdata__ZTV10STM32F7DMA)
 <LI><a href="#[b2]">STM32F7DMA::start()</a> from stm32f7dma.o(i._ZN10STM32F7DMA5startEv) referenced from stm32f7dma.o(.constdata__ZTV10STM32F7DMA)
 <LI><a href="#[82]">STM32F7DMA::~STM32F7DMA()</a> from stm32f7dma.o(i._ZN10STM32F7DMAD1Ev) referenced from stm32f7dma.o(.constdata__ZTV10STM32F7DMA)
 <LI><a href="#[82]">STM32F7DMA::~STM32F7DMA()</a> from stm32f7dma.o(i._ZN10STM32F7DMAD1Ev) referenced from boardconfiguration.o(i.__sti___22_BoardConfiguration_cpp_2f1c5dae)
 <LI><a href="#[cb]">STM32F7HAL::enableInterrupts()</a> from stm32f7hal.o(i._ZN10STM32F7HAL16enableInterruptsEv) referenced from stm32f7hal.o(.constdata__ZTV10STM32F7HAL)
 <LI><a href="#[be]">STM32F7HAL::flushFrameBuffer(const touchgfx::Rect&)</a> from stm32f7hal.o(i._ZN10STM32F7HAL16flushFrameBufferERKN8touchgfx4RectE) referenced from stm32f7hal.o(.constdata__ZTV10STM32F7HAL)
 <LI><a href="#[cc]">STM32F7HAL::disableInterrupts()</a> from stm32f7hal.o(i._ZN10STM32F7HAL17disableInterruptsEv) referenced from stm32f7hal.o(.constdata__ZTV10STM32F7HAL)
 <LI><a href="#[d0]">STM32F7HAL::getTFTCurrentLine()</a> from stm32f7hal.o(i._ZN10STM32F7HAL17getTFTCurrentLineEv) referenced from stm32f7hal.o(.constdata__ZTV10STM32F7HAL)
 <LI><a href="#[d4]">STM32F7HAL::setTFTFrameBuffer(unsigned short*)</a> from stm32f7hal.o(i._ZN10STM32F7HAL17setTFTFrameBufferEPt) referenced from stm32f7hal.o(.constdata__ZTV10STM32F7HAL)
 <LI><a href="#[ca]">STM32F7HAL::configureInterrupts()</a> from stm32f7hal.o(i._ZN10STM32F7HAL19configureInterruptsEv) referenced from stm32f7hal.o(.constdata__ZTV10STM32F7HAL)
 <LI><a href="#[cd]">STM32F7HAL::enableLCDControllerInterrupt()</a> from stm32f7hal.o(i._ZN10STM32F7HAL28enableLCDControllerInterruptEv) referenced from stm32f7hal.o(.constdata__ZTV10STM32F7HAL)
 <LI><a href="#[89]">STM32F7HAL::~STM32F7HAL()</a> from boardconfiguration.o(i._ZN10STM32F7HALD1Ev) referenced from stm32f7hal.o(.constdata__ZTV10STM32F7HAL)
 <LI><a href="#[89]">STM32F7HAL::~STM32F7HAL()</a> from boardconfiguration.o(i._ZN10STM32F7HALD1Ev) referenced from boardconfiguration.o(t._ZN8touchgfx21touchgfx_generic_initI10STM32F7HALEERNS_3HALERNS_13DMA_InterfaceERNS_3LCDERNS_15TouchControllerEssPtjj)
 <LI><a href="#[da]">SKIDPADView::setupScreen()</a> from skidpadview.o(i._ZN11SKIDPADView11setupScreenEv) referenced from skidpadview.o(.constdata__ZTV11SKIDPADView)
 <LI><a href="#[e2]">SKIDPADView::refreshSkidpad()</a> from skidpadview.o(i._ZN11SKIDPADView14refreshSkidpadEv) referenced from skidpadview.o(.constdata__ZTV11SKIDPADView)
 <LI><a href="#[dc]">SKIDPADView::tearDownScreen()</a> from skidpadview.o(i._ZN11SKIDPADView14tearDownScreenEv) referenced from skidpadview.o(.constdata__ZTV11SKIDPADView)
 <LI><a href="#[e3]">SKIDPADView::checkChangeScreen()</a> from skidpadview.o(i._ZN11SKIDPADView17checkChangeScreenEv) referenced from skidpadview.o(.constdata__ZTV11SKIDPADView)
 <LI><a href="#[d8]">SKIDPADView::~SKIDPADView()</a> from skidpadview.o(i._ZN11SKIDPADViewD1Ev) referenced from skidpadview.o(.constdata__ZTV11SKIDPADView)
 <LI><a href="#[8a]">FrontendHeap::~FrontendHeap()</a> from boardconfiguration.o(i._ZN12FrontendHeapD1Ev) referenced from boardconfiguration.o(.constdata__ZTV12FrontendHeap)
 <LI><a href="#[8a]">FrontendHeap::~FrontendHeap()</a> from boardconfiguration.o(i._ZN12FrontendHeapD1Ev) referenced from boardconfiguration.o(t._ZN8touchgfx21touchgfx_generic_initI10STM32F7HALEERNS_3HALERNS_13DMA_InterfaceERNS_3LCDERNS_15TouchControllerEssPtjj)
 <LI><a href="#[e5]">SETTINGSView::setupScreen()</a> from settingsview.o(i._ZN12SETTINGSView11setupScreenEv) referenced from settingsview.o(.constdata__ZTV12SETTINGSView)
 <LI><a href="#[e9]">SETTINGSView::changeDisplay()</a> from settingsview.o(i._ZN12SETTINGSView13changeDisplayEv) referenced from settingsview.o(.constdata__ZTV12SETTINGSView)
 <LI><a href="#[ee]">SETTINGSView::displaySkidpad()</a> from settingsview.o(i._ZN12SETTINGSView14displaySkidpadEv) referenced from settingsview.o(.constdata__ZTV12SETTINGSView)
 <LI><a href="#[e6]">SETTINGSView::tearDownScreen()</a> from settingsview.o(i._ZN12SETTINGSView14tearDownScreenEv) referenced from settingsview.o(.constdata__ZTV12SETTINGSView)
 <LI><a href="#[ea]">SETTINGSView::moveSelectedBox()</a> from settingsview.o(i._ZN12SETTINGSView15moveSelectedBoxEv) referenced from settingsview.o(.constdata__ZTV12SETTINGSView)
 <LI><a href="#[e7]">SETTINGSView::refreshSettings()</a> from settingsview.o(i._ZN12SETTINGSView15refreshSettingsEv) referenced from settingsview.o(.constdata__ZTV12SETTINGSView)
 <LI><a href="#[ed]">SETTINGSView::displayAutocross()</a> from settingsview.o(i._ZN12SETTINGSView16displayAutocrossEv) referenced from settingsview.o(.constdata__ZTV12SETTINGSView)
 <LI><a href="#[ec]">SETTINGSView::displayEndurance()</a> from settingsview.o(i._ZN12SETTINGSView16displayEnduranceEv) referenced from settingsview.o(.constdata__ZTV12SETTINGSView)
 <LI><a href="#[e8]">SETTINGSView::checkChangeScreen()</a> from settingsview.o(i._ZN12SETTINGSView17checkChangeScreenEv) referenced from settingsview.o(.constdata__ZTV12SETTINGSView)
 <LI><a href="#[eb]">SETTINGSView::displayAcceleration()</a> from settingsview.o(i._ZN12SETTINGSView19displayAccelerationEv) referenced from settingsview.o(.constdata__ZTV12SETTINGSView)
 <LI><a href="#[e4]">SETTINGSView::~SETTINGSView()</a> from settingsview.o(i._ZN12SETTINGSViewD1Ev) referenced from settingsview.o(.constdata__ZTV12SETTINGSView)
 <LI><a href="#[f0]">AUTOCROSSView::setupScreen()</a> from autocrossview.o(i._ZN13AUTOCROSSView11setupScreenEv) referenced from autocrossview.o(.constdata__ZTV13AUTOCROSSView)
 <LI><a href="#[f1]">AUTOCROSSView::tearDownScreen()</a> from autocrossview.o(i._ZN13AUTOCROSSView14tearDownScreenEv) referenced from autocrossview.o(.constdata__ZTV13AUTOCROSSView)
 <LI><a href="#[f2]">AUTOCROSSView::refreshAutocross()</a> from autocrossview.o(i._ZN13AUTOCROSSView16refreshAutocrossEv) referenced from autocrossview.o(.constdata__ZTV13AUTOCROSSView)
 <LI><a href="#[f3]">AUTOCROSSView::checkChangeScreen()</a> from autocrossview.o(i._ZN13AUTOCROSSView17checkChangeScreenEv) referenced from autocrossview.o(.constdata__ZTV13AUTOCROSSView)
 <LI><a href="#[ef]">AUTOCROSSView::~AUTOCROSSView()</a> from autocrossview.o(i._ZN13AUTOCROSSViewD1Ev) referenced from autocrossview.o(.constdata__ZTV13AUTOCROSSView)
 <LI><a href="#[f5]">ENDURANCEView::setupScreen()</a> from enduranceview.o(i._ZN13ENDURANCEView11setupScreenEv) referenced from enduranceview.o(.constdata__ZTV13ENDURANCEView)
 <LI><a href="#[f6]">ENDURANCEView::tearDownScreen()</a> from enduranceview.o(i._ZN13ENDURANCEView14tearDownScreenEv) referenced from enduranceview.o(.constdata__ZTV13ENDURANCEView)
 <LI><a href="#[f7]">ENDURANCEView::refreshEndurance()</a> from enduranceview.o(i._ZN13ENDURANCEView16refreshEnduranceEv) referenced from enduranceview.o(.constdata__ZTV13ENDURANCEView)
 <LI><a href="#[f8]">ENDURANCEView::checkChangeScreen()</a> from enduranceview.o(i._ZN13ENDURANCEView17checkChangeScreenEv) referenced from enduranceview.o(.constdata__ZTV13ENDURANCEView)
 <LI><a href="#[f4]">ENDURANCEView::~ENDURANCEView()</a> from enduranceview.o(i._ZN13ENDURANCEViewD1Ev) referenced from enduranceview.o(.constdata__ZTV13ENDURANCEView)
 <LI><a href="#[fa]">DEBUG_MODEView::setupScreen()</a> from debug_modeview.o(i._ZN14DEBUG_MODEView11setupScreenEv) referenced from debug_modeview.o(.constdata__ZTV14DEBUG_MODEView)
 <LI><a href="#[fb]">DEBUG_MODEView::tearDownScreen()</a> from debug_modeview.o(i._ZN14DEBUG_MODEView14tearDownScreenEv) referenced from debug_modeview.o(.constdata__ZTV14DEBUG_MODEView)
 <LI><a href="#[fc]">DEBUG_MODEView::refreshDebugMode()</a> from debug_modeview.o(i._ZN14DEBUG_MODEView16refreshDebugModeEv) referenced from debug_modeview.o(.constdata__ZTV14DEBUG_MODEView)
 <LI><a href="#[fd]">DEBUG_MODEView::checkChangeScreen()</a> from debug_modeview.o(i._ZN14DEBUG_MODEView17checkChangeScreenEv) referenced from debug_modeview.o(.constdata__ZTV14DEBUG_MODEView)
 <LI><a href="#[f9]">DEBUG_MODEView::~DEBUG_MODEView()</a> from debug_modeview.o(i._ZN14DEBUG_MODEViewD1Ev) referenced from debug_modeview.o(.constdata__ZTV14DEBUG_MODEView)
 <LI><a href="#[ff]">BOARD_DEBUGView::setupScreen()</a> from board_debugview.o(i._ZN15BOARD_DEBUGView11setupScreenEv) referenced from board_debugview.o(.constdata__ZTV15BOARD_DEBUGView)
 <LI><a href="#[100]">BOARD_DEBUGView::tearDownScreen()</a> from board_debugview.o(i._ZN15BOARD_DEBUGView14tearDownScreenEv) referenced from board_debugview.o(.constdata__ZTV15BOARD_DEBUGView)
 <LI><a href="#[102]">BOARD_DEBUGView::checkChangeScreen()</a> from board_debugview.o(i._ZN15BOARD_DEBUGView17checkChangeScreenEv) referenced from board_debugview.o(.constdata__ZTV15BOARD_DEBUGView)
 <LI><a href="#[101]">BOARD_DEBUGView::refreshBoardDebug()</a> from board_debugview.o(i._ZN15BOARD_DEBUGView17refreshBoardDebugEv) referenced from board_debugview.o(.constdata__ZTV15BOARD_DEBUGView)
 <LI><a href="#[fe]">BOARD_DEBUGView::~BOARD_DEBUGView()</a> from board_debugview.o(i._ZN15BOARD_DEBUGViewD1Ev) referenced from board_debugview.o(.constdata__ZTV15BOARD_DEBUGView)
 <LI><a href="#[104]">SKIDPADViewBase::setupScreen()</a> from skidpadviewbase.o(i._ZN15SKIDPADViewBase11setupScreenEv) referenced from skidpadviewbase.o(.constdata__ZTV15SKIDPADViewBase)
 <LI><a href="#[103]">SKIDPADViewBase::~SKIDPADViewBase()</a> from skidpadview.o(i._ZN15SKIDPADViewBaseD1Ev) referenced from skidpadviewbase.o(.constdata__ZTV15SKIDPADViewBase)
 <LI><a href="#[107]">ACCELERATIONView::setupScreen()</a> from accelerationview.o(i._ZN16ACCELERATIONView11setupScreenEv) referenced from accelerationview.o(.constdata__ZTV16ACCELERATIONView)
 <LI><a href="#[108]">ACCELERATIONView::tearDownScreen()</a> from accelerationview.o(i._ZN16ACCELERATIONView14tearDownScreenEv) referenced from accelerationview.o(.constdata__ZTV16ACCELERATIONView)
 <LI><a href="#[10a]">ACCELERATIONView::checkChangeScreen()</a> from accelerationview.o(i._ZN16ACCELERATIONView17checkChangeScreenEv) referenced from accelerationview.o(.constdata__ZTV16ACCELERATIONView)
 <LI><a href="#[109]">ACCELERATIONView::refreshAcceleration()</a> from accelerationview.o(i._ZN16ACCELERATIONView19refreshAccelerationEv) referenced from accelerationview.o(.constdata__ZTV16ACCELERATIONView)
 <LI><a href="#[106]">ACCELERATIONView::~ACCELERATIONView()</a> from accelerationview.o(i._ZN16ACCELERATIONViewD1Ev) referenced from accelerationview.o(.constdata__ZTV16ACCELERATIONView)
 <LI><a href="#[10c]">SETTINGSViewBase::setupScreen()</a> from settingsviewbase.o(i._ZN16SETTINGSViewBase11setupScreenEv) referenced from settingsviewbase.o(.constdata__ZTV16SETTINGSViewBase)
 <LI><a href="#[10b]">SETTINGSViewBase::~SETTINGSViewBase()</a> from settingsview.o(i._ZN16SETTINGSViewBaseD1Ev) referenced from settingsviewbase.o(.constdata__ZTV16SETTINGSViewBase)
 <LI><a href="#[10e]">SKIDPADPresenter::deactivate()</a> from skidpadpresenter.o(i._ZN16SKIDPADPresenter10deactivateEv) referenced from skidpadpresenter.o(.constdata__ZTV16SKIDPADPresenter)
 <LI><a href="#[110]">SKIDPADPresenter::update()</a> from skidpadpresenter.o(i._ZN16SKIDPADPresenter6updateEv) referenced from skidpadpresenter.o(.constdata__ZTV16SKIDPADPresenter)
 <LI><a href="#[10d]">SKIDPADPresenter::activate()</a> from skidpadpresenter.o(i._ZN16SKIDPADPresenter8activateEv) referenced from skidpadpresenter.o(.constdata__ZTV16SKIDPADPresenter)
 <LI><a href="#[10f]">SKIDPADPresenter::~SKIDPADPresenter()</a> from skidpadpresenter.o(i._ZN16SKIDPADPresenterD1Ev) referenced from skidpadpresenter.o(.constdata__ZTV16SKIDPADPresenter)
 <LI><a href="#[113]">AUTOCROSSViewBase::setupScreen()</a> from autocrossviewbase.o(i._ZN17AUTOCROSSViewBase11setupScreenEv) referenced from autocrossviewbase.o(.constdata__ZTV17AUTOCROSSViewBase)
 <LI><a href="#[112]">AUTOCROSSViewBase::~AUTOCROSSViewBase()</a> from autocrossview.o(i._ZN17AUTOCROSSViewBaseD1Ev) referenced from autocrossviewbase.o(.constdata__ZTV17AUTOCROSSViewBase)
 <LI><a href="#[115]">ENDURANCEViewBase::setupScreen()</a> from enduranceviewbase.o(i._ZN17ENDURANCEViewBase11setupScreenEv) referenced from enduranceviewbase.o(.constdata__ZTV17ENDURANCEViewBase)
 <LI><a href="#[114]">ENDURANCEViewBase::~ENDURANCEViewBase()</a> from enduranceview.o(i._ZN17ENDURANCEViewBaseD1Ev) referenced from enduranceviewbase.o(.constdata__ZTV17ENDURANCEViewBase)
 <LI><a href="#[117]">SETTINGSPresenter::deactivate()</a> from settingspresenter.o(i._ZN17SETTINGSPresenter10deactivateEv) referenced from settingspresenter.o(.constdata__ZTV17SETTINGSPresenter)
 <LI><a href="#[119]">SETTINGSPresenter::update()</a> from settingspresenter.o(i._ZN17SETTINGSPresenter6updateEv) referenced from settingspresenter.o(.constdata__ZTV17SETTINGSPresenter)
 <LI><a href="#[116]">SETTINGSPresenter::activate()</a> from settingspresenter.o(i._ZN17SETTINGSPresenter8activateEv) referenced from settingspresenter.o(.constdata__ZTV17SETTINGSPresenter)
 <LI><a href="#[118]">SETTINGSPresenter::~SETTINGSPresenter()</a> from settingspresenter.o(i._ZN17SETTINGSPresenterD1Ev) referenced from settingspresenter.o(.constdata__ZTV17SETTINGSPresenter)
 <LI><a href="#[11c]">AUTOCROSSPresenter::deactivate()</a> from autocrosspresenter.o(i._ZN18AUTOCROSSPresenter10deactivateEv) referenced from autocrosspresenter.o(.constdata__ZTV18AUTOCROSSPresenter)
 <LI><a href="#[11e]">AUTOCROSSPresenter::update()</a> from autocrosspresenter.o(i._ZN18AUTOCROSSPresenter6updateEv) referenced from autocrosspresenter.o(.constdata__ZTV18AUTOCROSSPresenter)
 <LI><a href="#[11b]">AUTOCROSSPresenter::activate()</a> from autocrosspresenter.o(i._ZN18AUTOCROSSPresenter8activateEv) referenced from autocrosspresenter.o(.constdata__ZTV18AUTOCROSSPresenter)
 <LI><a href="#[11d]">AUTOCROSSPresenter::~AUTOCROSSPresenter()</a> from autocrosspresenter.o(i._ZN18AUTOCROSSPresenterD1Ev) referenced from autocrosspresenter.o(.constdata__ZTV18AUTOCROSSPresenter)
 <LI><a href="#[121]">DEBUG_MODEViewBase::setupScreen()</a> from debug_modeviewbase.o(i._ZN18DEBUG_MODEViewBase11setupScreenEv) referenced from debug_modeviewbase.o(.constdata__ZTV18DEBUG_MODEViewBase)
 <LI><a href="#[120]">DEBUG_MODEViewBase::~DEBUG_MODEViewBase()</a> from debug_modeview.o(i._ZN18DEBUG_MODEViewBaseD1Ev) referenced from debug_modeviewbase.o(.constdata__ZTV18DEBUG_MODEViewBase)
 <LI><a href="#[123]">ENDURANCEPresenter::deactivate()</a> from endurancepresenter.o(i._ZN18ENDURANCEPresenter10deactivateEv) referenced from endurancepresenter.o(.constdata__ZTV18ENDURANCEPresenter)
 <LI><a href="#[125]">ENDURANCEPresenter::update()</a> from endurancepresenter.o(i._ZN18ENDURANCEPresenter6updateEv) referenced from endurancepresenter.o(.constdata__ZTV18ENDURANCEPresenter)
 <LI><a href="#[122]">ENDURANCEPresenter::activate()</a> from endurancepresenter.o(i._ZN18ENDURANCEPresenter8activateEv) referenced from endurancepresenter.o(.constdata__ZTV18ENDURANCEPresenter)
 <LI><a href="#[124]">ENDURANCEPresenter::~ENDURANCEPresenter()</a> from endurancepresenter.o(i._ZN18ENDURANCEPresenterD1Ev) referenced from endurancepresenter.o(.constdata__ZTV18ENDURANCEPresenter)
 <LI><a href="#[128]">BOARD_DEBUGViewBase::setupScreen()</a> from board_debugviewbase.o(i._ZN19BOARD_DEBUGViewBase11setupScreenEv) referenced from board_debugviewbase.o(.constdata__ZTV19BOARD_DEBUGViewBase)
 <LI><a href="#[127]">BOARD_DEBUGViewBase::~BOARD_DEBUGViewBase()</a> from board_debugviewbase.o(i._ZN19BOARD_DEBUGViewBaseD1Ev) referenced from board_debugviewbase.o(.constdata__ZTV19BOARD_DEBUGViewBase)
 <LI><a href="#[12a]">DEBUG_MODEPresenter::deactivate()</a> from debug_modepresenter.o(i._ZN19DEBUG_MODEPresenter10deactivateEv) referenced from debug_modepresenter.o(.constdata__ZTV19DEBUG_MODEPresenter)
 <LI><a href="#[12c]">DEBUG_MODEPresenter::update()</a> from debug_modepresenter.o(i._ZN19DEBUG_MODEPresenter6updateEv) referenced from debug_modepresenter.o(.constdata__ZTV19DEBUG_MODEPresenter)
 <LI><a href="#[129]">DEBUG_MODEPresenter::activate()</a> from debug_modepresenter.o(i._ZN19DEBUG_MODEPresenter8activateEv) referenced from debug_modepresenter.o(.constdata__ZTV19DEBUG_MODEPresenter)
 <LI><a href="#[12b]">DEBUG_MODEPresenter::~DEBUG_MODEPresenter()</a> from debug_modepresenter.o(i._ZN19DEBUG_MODEPresenterD1Ev) referenced from debug_modepresenter.o(.constdata__ZTV19DEBUG_MODEPresenter)
 <LI><a href="#[132]">FrontendApplication::handleTickEvent()</a> from frontendapplication.o(i._ZN19FrontendApplication15handleTickEventEv) referenced from frontendapplication.o(.constdata__ZTV19FrontendApplication)
 <LI><a href="#[138]">ACCELERATIONViewBase::setupScreen()</a> from accelerationviewbase.o(i._ZN20ACCELERATIONViewBase11setupScreenEv) referenced from accelerationviewbase.o(.constdata__ZTV20ACCELERATIONViewBase)
 <LI><a href="#[137]">ACCELERATIONViewBase::~ACCELERATIONViewBase()</a> from accelerationview.o(i._ZN20ACCELERATIONViewBaseD1Ev) referenced from accelerationviewbase.o(.constdata__ZTV20ACCELERATIONViewBase)
 <LI><a href="#[13a]">BOARD_DEBUGPresenter::deactivate()</a> from board_debugpresenter.o(i._ZN20BOARD_DEBUGPresenter10deactivateEv) referenced from board_debugpresenter.o(.constdata__ZTV20BOARD_DEBUGPresenter)
 <LI><a href="#[13c]">BOARD_DEBUGPresenter::update()</a> from board_debugpresenter.o(i._ZN20BOARD_DEBUGPresenter6updateEv) referenced from board_debugpresenter.o(.constdata__ZTV20BOARD_DEBUGPresenter)
 <LI><a href="#[139]">BOARD_DEBUGPresenter::activate()</a> from board_debugpresenter.o(i._ZN20BOARD_DEBUGPresenter8activateEv) referenced from board_debugpresenter.o(.constdata__ZTV20BOARD_DEBUGPresenter)
 <LI><a href="#[13b]">BOARD_DEBUGPresenter::~BOARD_DEBUGPresenter()</a> from board_debugpresenter.o(i._ZN20BOARD_DEBUGPresenterD1Ev) referenced from board_debugpresenter.o(.constdata__ZTV20BOARD_DEBUGPresenter)
 <LI><a href="#[13f]">ACCELERATIONPresenter::deactivate()</a> from accelerationpresenter.o(i._ZN21ACCELERATIONPresenter10deactivateEv) referenced from accelerationpresenter.o(.constdata__ZTV21ACCELERATIONPresenter)
 <LI><a href="#[141]">ACCELERATIONPresenter::update()</a> from accelerationpresenter.o(i._ZN21ACCELERATIONPresenter6updateEv) referenced from accelerationpresenter.o(.constdata__ZTV21ACCELERATIONPresenter)
 <LI><a href="#[13e]">ACCELERATIONPresenter::activate()</a> from accelerationpresenter.o(i._ZN21ACCELERATIONPresenter8activateEv) referenced from accelerationpresenter.o(.constdata__ZTV21ACCELERATIONPresenter)
 <LI><a href="#[140]">ACCELERATIONPresenter::~ACCELERATIONPresenter()</a> from accelerationpresenter.o(i._ZN21ACCELERATIONPresenterD1Ev) referenced from accelerationpresenter.o(.constdata__ZTV21ACCELERATIONPresenter)
 <LI><a href="#[81]">ApplicationFontProvider::~ApplicationFontProvider()</a> from boardconfiguration.o(i._ZN23ApplicationFontProviderD1Ev) referenced from applicationfontprovider.o(.constdata__ZTV23ApplicationFontProvider)
 <LI><a href="#[81]">ApplicationFontProvider::~ApplicationFontProvider()</a> from boardconfiguration.o(i._ZN23ApplicationFontProviderD1Ev) referenced from boardconfiguration.o(i.__sti___22_BoardConfiguration_cpp_2f1c5dae)
 <LI><a href="#[a8]">FrontendApplicationBase::gotoSKIDPADScreenNoTransitionImpl()</a> from frontendapplicationbase.o(i._ZN23FrontendApplicationBase33gotoSKIDPADScreenNoTransitionImplEv) referenced from frontendapplicationbase.o(.constdata)
 <LI><a href="#[ab]">FrontendApplicationBase::gotoSETTINGSScreenNoTransitionImpl()</a> from frontendapplicationbase.o(i._ZN23FrontendApplicationBase34gotoSETTINGSScreenNoTransitionImplEv) referenced from frontendapplicationbase.o(.constdata)
 <LI><a href="#[a9]">FrontendApplicationBase::gotoAUTOCROSSScreenNoTransitionImpl()</a> from frontendapplicationbase.o(i._ZN23FrontendApplicationBase35gotoAUTOCROSSScreenNoTransitionImplEv) referenced from frontendapplicationbase.o(.constdata)
 <LI><a href="#[a7]">FrontendApplicationBase::gotoENDURANCEScreenNoTransitionImpl()</a> from frontendapplicationbase.o(i._ZN23FrontendApplicationBase35gotoENDURANCEScreenNoTransitionImplEv) referenced from frontendapplicationbase.o(.constdata)
 <LI><a href="#[ad]">FrontendApplicationBase::gotoDEBUG_MODEScreenNoTransitionImpl()</a> from frontendapplicationbase.o(i._ZN23FrontendApplicationBase36gotoDEBUG_MODEScreenNoTransitionImplEv) referenced from frontendapplicationbase.o(.constdata)
 <LI><a href="#[ac]">FrontendApplicationBase::gotoBOARD_DEBUGScreenNoTransitionImpl()</a> from frontendapplicationbase.o(i._ZN23FrontendApplicationBase37gotoBOARD_DEBUGScreenNoTransitionImplEv) referenced from frontendapplicationbase.o(.constdata)
 <LI><a href="#[aa]">FrontendApplicationBase::gotoACCELERATIONScreenNoTransitionImpl()</a> from frontendapplicationbase.o(i._ZN23FrontendApplicationBase38gotoACCELERATIONScreenNoTransitionImplEv) referenced from frontendapplicationbase.o(.constdata)
 <LI><a href="#[144]">FrontendApplicationBase::~FrontendApplicationBase()</a> from boardconfiguration.o(i._ZN23FrontendApplicationBaseD1Ev) referenced from boardconfiguration.o(.constdata__ZTV23FrontendApplicationBase)
 <LI><a href="#[161]">touchgfx::Transition::setScreenContainer(touchgfx::Container&)</a> from frontendapplicationbase.o(i._ZN8touchgfx10Transition18setScreenContainerERNS_9ContainerE) referenced from frontendapplicationbase.o(.constdata__ZTVN8touchgfx12NoTransitionE)
 <LI><a href="#[160]">touchgfx::Transition::init()</a> from frontendapplicationbase.o(i._ZN8touchgfx10Transition4initEv) referenced from frontendapplicationbase.o(.constdata__ZTVN8touchgfx12NoTransitionE)
 <LI><a href="#[15f]">touchgfx::Transition::tearDown()</a> from frontendapplicationbase.o(i._ZN8touchgfx10Transition8tearDownEv) referenced from frontendapplicationbase.o(.constdata__ZTVN8touchgfx12NoTransitionE)
 <LI><a href="#[131]">touchgfx::Application::handleKeyEvent(unsigned char)</a> from application.o(i._ZN8touchgfx11Application14handleKeyEventEh) referenced from frontendapplication.o(.constdata__ZTV19FrontendApplication)
 <LI><a href="#[131]">touchgfx::Application::handleKeyEvent(unsigned char)</a> from application.o(i._ZN8touchgfx11Application14handleKeyEventEh) referenced from boardconfiguration.o(.constdata__ZTV23FrontendApplicationBase)
 <LI><a href="#[131]">touchgfx::Application::handleKeyEvent(unsigned char)</a> from application.o(i._ZN8touchgfx11Application14handleKeyEventEh) referenced from application.o(.constdata__ZTVN8touchgfx11ApplicationE)
 <LI><a href="#[131]">touchgfx::Application::handleKeyEvent(unsigned char)</a> from application.o(i._ZN8touchgfx11Application14handleKeyEventEh) referenced from frontendapplicationbase.o(.constdata__ZTVN8touchgfx14MVPApplicationE)
 <LI><a href="#[12f]">touchgfx::Application::handleDragEvent(const touchgfx::DragEvent&)</a> from application.o(i._ZN8touchgfx11Application15handleDragEventERKNS_9DragEventE) referenced from frontendapplication.o(.constdata__ZTV19FrontendApplication)
 <LI><a href="#[12f]">touchgfx::Application::handleDragEvent(const touchgfx::DragEvent&)</a> from application.o(i._ZN8touchgfx11Application15handleDragEventERKNS_9DragEventE) referenced from boardconfiguration.o(.constdata__ZTV23FrontendApplicationBase)
 <LI><a href="#[12f]">touchgfx::Application::handleDragEvent(const touchgfx::DragEvent&)</a> from application.o(i._ZN8touchgfx11Application15handleDragEventERKNS_9DragEventE) referenced from application.o(.constdata__ZTVN8touchgfx11ApplicationE)
 <LI><a href="#[12f]">touchgfx::Application::handleDragEvent(const touchgfx::DragEvent&)</a> from application.o(i._ZN8touchgfx11Application15handleDragEventERKNS_9DragEventE) referenced from frontendapplicationbase.o(.constdata__ZTVN8touchgfx14MVPApplicationE)
 <LI><a href="#[143]">touchgfx::Application::handleTickEvent()</a> from application.o(i._ZN8touchgfx11Application15handleTickEventEv) referenced from boardconfiguration.o(.constdata__ZTV23FrontendApplicationBase)
 <LI><a href="#[143]">touchgfx::Application::handleTickEvent()</a> from application.o(i._ZN8touchgfx11Application15handleTickEventEv) referenced from application.o(.constdata__ZTVN8touchgfx11ApplicationE)
 <LI><a href="#[143]">touchgfx::Application::handleTickEvent()</a> from application.o(i._ZN8touchgfx11Application15handleTickEventEv) referenced from frontendapplicationbase.o(.constdata__ZTVN8touchgfx14MVPApplicationE)
 <LI><a href="#[12e]">touchgfx::Application::handleClickEvent(const touchgfx::ClickEvent&)</a> from application.o(i._ZN8touchgfx11Application16handleClickEventERKNS_10ClickEventE) referenced from frontendapplication.o(.constdata__ZTV19FrontendApplication)
 <LI><a href="#[12e]">touchgfx::Application::handleClickEvent(const touchgfx::ClickEvent&)</a> from application.o(i._ZN8touchgfx11Application16handleClickEventERKNS_10ClickEventE) referenced from boardconfiguration.o(.constdata__ZTV23FrontendApplicationBase)
 <LI><a href="#[12e]">touchgfx::Application::handleClickEvent(const touchgfx::ClickEvent&)</a> from application.o(i._ZN8touchgfx11Application16handleClickEventERKNS_10ClickEventE) referenced from application.o(.constdata__ZTVN8touchgfx11ApplicationE)
 <LI><a href="#[12e]">touchgfx::Application::handleClickEvent(const touchgfx::ClickEvent&)</a> from application.o(i._ZN8touchgfx11Application16handleClickEventERKNS_10ClickEventE) referenced from frontendapplicationbase.o(.constdata__ZTVN8touchgfx14MVPApplicationE)
 <LI><a href="#[130]">touchgfx::Application::handleGestureEvent(const touchgfx::GestureEvent&)</a> from application.o(i._ZN8touchgfx11Application18handleGestureEventERKNS_12GestureEventE) referenced from frontendapplication.o(.constdata__ZTV19FrontendApplication)
 <LI><a href="#[130]">touchgfx::Application::handleGestureEvent(const touchgfx::GestureEvent&)</a> from application.o(i._ZN8touchgfx11Application18handleGestureEventERKNS_12GestureEventE) referenced from boardconfiguration.o(.constdata__ZTV23FrontendApplicationBase)
 <LI><a href="#[130]">touchgfx::Application::handleGestureEvent(const touchgfx::GestureEvent&)</a> from application.o(i._ZN8touchgfx11Application18handleGestureEventERKNS_12GestureEventE) referenced from application.o(.constdata__ZTVN8touchgfx11ApplicationE)
 <LI><a href="#[130]">touchgfx::Application::handleGestureEvent(const touchgfx::GestureEvent&)</a> from application.o(i._ZN8touchgfx11Application18handleGestureEventERKNS_12GestureEventE) referenced from frontendapplicationbase.o(.constdata__ZTVN8touchgfx14MVPApplicationE)
 <LI><a href="#[136]">touchgfx::Application::cacheDrawOperations(bool)</a> from application.o(i._ZN8touchgfx11Application19cacheDrawOperationsEb) referenced from frontendapplication.o(.constdata__ZTV19FrontendApplication)
 <LI><a href="#[136]">touchgfx::Application::cacheDrawOperations(bool)</a> from application.o(i._ZN8touchgfx11Application19cacheDrawOperationsEb) referenced from boardconfiguration.o(.constdata__ZTV23FrontendApplicationBase)
 <LI><a href="#[136]">touchgfx::Application::cacheDrawOperations(bool)</a> from application.o(i._ZN8touchgfx11Application19cacheDrawOperationsEb) referenced from application.o(.constdata__ZTVN8touchgfx11ApplicationE)
 <LI><a href="#[136]">touchgfx::Application::cacheDrawOperations(bool)</a> from application.o(i._ZN8touchgfx11Application19cacheDrawOperationsEb) referenced from frontendapplicationbase.o(.constdata__ZTVN8touchgfx14MVPApplicationE)
 <LI><a href="#[145]">touchgfx::Application::handlePendingScreenTransition()</a> from application.o(i._ZN8touchgfx11Application29handlePendingScreenTransitionEv) referenced from application.o(.constdata__ZTVN8touchgfx11ApplicationE)
 <LI><a href="#[135]">touchgfx::Application::draw(touchgfx::Rect&)</a> from application.o(i._ZN8touchgfx11Application4drawERNS_4RectE) referenced from frontendapplication.o(.constdata__ZTV19FrontendApplication)
 <LI><a href="#[135]">touchgfx::Application::draw(touchgfx::Rect&)</a> from application.o(i._ZN8touchgfx11Application4drawERNS_4RectE) referenced from boardconfiguration.o(.constdata__ZTV23FrontendApplicationBase)
 <LI><a href="#[135]">touchgfx::Application::draw(touchgfx::Rect&)</a> from application.o(i._ZN8touchgfx11Application4drawERNS_4RectE) referenced from application.o(.constdata__ZTVN8touchgfx11ApplicationE)
 <LI><a href="#[135]">touchgfx::Application::draw(touchgfx::Rect&)</a> from application.o(i._ZN8touchgfx11Application4drawERNS_4RectE) referenced from frontendapplicationbase.o(.constdata__ZTVN8touchgfx14MVPApplicationE)
 <LI><a href="#[134]">touchgfx::Application::draw()</a> from application.o(i._ZN8touchgfx11Application4drawEv) referenced from frontendapplication.o(.constdata__ZTV19FrontendApplication)
 <LI><a href="#[134]">touchgfx::Application::draw()</a> from application.o(i._ZN8touchgfx11Application4drawEv) referenced from boardconfiguration.o(.constdata__ZTV23FrontendApplicationBase)
 <LI><a href="#[134]">touchgfx::Application::draw()</a> from application.o(i._ZN8touchgfx11Application4drawEv) referenced from application.o(.constdata__ZTVN8touchgfx11ApplicationE)
 <LI><a href="#[134]">touchgfx::Application::draw()</a> from application.o(i._ZN8touchgfx11Application4drawEv) referenced from frontendapplicationbase.o(.constdata__ZTVN8touchgfx14MVPApplicationE)
 <LI><a href="#[158]">touchgfx::CanvasWidget::setPainter(touchgfx::AbstractPainter&)</a> from canvaswidget.o(i._ZN8touchgfx12CanvasWidget10setPainterERNS_15AbstractPainterE) referenced from canvaswidget.o(.constdata__ZTVN8touchgfx12CanvasWidgetE)
 <LI><a href="#[158]">touchgfx::CanvasWidget::setPainter(touchgfx::AbstractPainter&)</a> from canvaswidget.o(i._ZN8touchgfx12CanvasWidget10setPainterERNS_15AbstractPainterE) referenced from line.o(.constdata__ZTVN8touchgfx4LineE)
 <LI><a href="#[146]">touchgfx::CanvasWidget::~CanvasWidget__sub_object()</a> from canvaswidget.o(i._ZN8touchgfx12CanvasWidgetD2Ev) referenced from canvaswidget.o(.constdata__ZTVN8touchgfx12CanvasWidgetE)
 <LI><a href="#[15e]">touchgfx::NoTransition::handleTickEvent()</a> from frontendapplicationbase.o(i._ZN8touchgfx12NoTransition15handleTickEventEv) referenced from frontendapplicationbase.o(.constdata__ZTVN8touchgfx12NoTransitionE)
 <LI><a href="#[15d]">touchgfx::NoTransition::~NoTransition()</a> from frontendapplicationbase.o(i._ZN8touchgfx12NoTransitionD1Ev) referenced from frontendapplicationbase.o(.constdata__ZTVN8touchgfx12NoTransitionE)
 <LI><a href="#[af]">touchgfx::DMA_Interface::addToQueue(const touchgfx::BlitOp&)</a> from dma.o(i._ZN8touchgfx13DMA_Interface10addToQueueERKNS_6BlitOpE) referenced from stm32f7dma.o(.constdata__ZTV10STM32F7DMA)
 <LI><a href="#[b9]">touchgfx::DMA_Interface::enableAlpha(unsigned char)</a> from dma.o(i._ZN8touchgfx13DMA_Interface11enableAlphaEh) referenced from stm32f7dma.o(.constdata__ZTV10STM32F7DMA)
 <LI><a href="#[ba]">touchgfx::DMA_Interface::disableAlpha()</a> from dma.o(i._ZN8touchgfx13DMA_Interface12disableAlphaEv) referenced from stm32f7dma.o(.constdata__ZTV10STM32F7DMA)
 <LI><a href="#[b6]">touchgfx::DMA_Interface::seedExecution()</a> from dma.o(i._ZN8touchgfx13DMA_Interface13seedExecutionEv) referenced from stm32f7dma.o(.constdata__ZTV10STM32F7DMA)
 <LI><a href="#[b5]">touchgfx::DMA_Interface::executeCompleted()</a> from dma.o(i._ZN8touchgfx13DMA_Interface16executeCompletedEv) referenced from stm32f7dma.o(.constdata__ZTV10STM32F7DMA)
 <LI><a href="#[bb]">touchgfx::DMA_Interface::waitForFrameBufferSemaphore()</a> from dma.o(i._ZN8touchgfx13DMA_Interface27waitForFrameBufferSemaphoreEv) referenced from stm32f7dma.o(.constdata__ZTV10STM32F7DMA)
 <LI><a href="#[b0]">touchgfx::DMA_Interface::flush()</a> from stm32f7dma.o(i._ZN8touchgfx13DMA_Interface5flushEv) referenced from stm32f7dma.o(.constdata__ZTV10STM32F7DMA)
 <LI><a href="#[b4]">touchgfx::DMA_Interface::execute()</a> from dma.o(i._ZN8touchgfx13DMA_Interface7executeEv) referenced from stm32f7dma.o(.constdata__ZTV10STM32F7DMA)
 <LI><a href="#[168]">touchgfx::PainterRGB565::renderNext(unsigned char&, unsigned char&, unsigned char&, unsigned char&)</a> from painterrgb565.o(i._ZN8touchgfx13PainterRGB56510renderNextERhS1_S1_S1_) referenced from painterrgb565.o(.constdata__ZTVN8touchgfx13PainterRGB565E)
 <LI><a href="#[166]">touchgfx::PainterRGB565::render(unsigned char*, int, int, int, unsigned, const unsigned char*)</a> from painterrgb565.o(i._ZN8touchgfx13PainterRGB5656renderEPhiiijPKh) referenced from painterrgb565.o(.constdata__ZTVN8touchgfx13PainterRGB565E)
 <LI><a href="#[165]">touchgfx::PainterRGB565::~PainterRGB565()</a> from debug_modeview.o(i._ZN8touchgfx13PainterRGB565D1Ev) referenced from painterrgb565.o(.constdata__ZTVN8touchgfx13PainterRGB565E)
 <LI><a href="#[133]">touchgfx::MVPApplication::handlePendingScreenTransition()</a> from boardconfiguration.o(i._ZN8touchgfx14MVPApplication29handlePendingScreenTransitionEv) referenced from frontendapplication.o(.constdata__ZTV19FrontendApplication)
 <LI><a href="#[133]">touchgfx::MVPApplication::handlePendingScreenTransition()</a> from boardconfiguration.o(i._ZN8touchgfx14MVPApplication29handlePendingScreenTransitionEv) referenced from boardconfiguration.o(.constdata__ZTV23FrontendApplicationBase)
 <LI><a href="#[133]">touchgfx::MVPApplication::handlePendingScreenTransition()</a> from boardconfiguration.o(i._ZN8touchgfx14MVPApplication29handlePendingScreenTransitionEv) referenced from frontendapplicationbase.o(.constdata__ZTVN8touchgfx14MVPApplicationE)
 <LI><a href="#[16a]">touchgfx::AbstractPainter::~AbstractPainter__sub_object()</a> from abstractpainter.o(i._ZN8touchgfx15AbstractPainterD2Ev) referenced from abstractpainter.o(.constdata__ZTVN8touchgfx15AbstractPainterE)
 <LI><a href="#[16b]">touchgfx::AbstractPartition::~AbstractPartition__sub_object()</a> from abstractpartition.o(i._ZN8touchgfx17AbstractPartitionD2Ev) referenced from abstractpartition.o(.constdata__ZTVN8touchgfx17AbstractPartitionE)
 <LI><a href="#[7c]">touchgfx::InternalFlashFont::~InternalFlashFont()</a> from fontgetters.o(i._ZN8touchgfx17InternalFlashFontD1Ev) referenced from internalflashfont.o(.constdata__ZTVN8touchgfx17InternalFlashFontE)
 <LI><a href="#[7c]">touchgfx::InternalFlashFont::~InternalFlashFont()</a> from fontgetters.o(i._ZN8touchgfx17InternalFlashFontD1Ev) referenced from fontgetters.o(i._Z30getFont_Roboto_Regular_25_4bppv)
 <LI><a href="#[7c]">touchgfx::InternalFlashFont::~InternalFlashFont()</a> from fontgetters.o(i._ZN8touchgfx17InternalFlashFontD1Ev) referenced from fontgetters.o(i._Z30getFont_Roboto_Regular_63_4bppv)
 <LI><a href="#[7c]">touchgfx::InternalFlashFont::~InternalFlashFont()</a> from fontgetters.o(i._ZN8touchgfx17InternalFlashFontD1Ev) referenced from fontgetters.o(i._Z31getFont_Roboto_Regular_180_4bppv)
 <LI><a href="#[7c]">touchgfx::InternalFlashFont::~InternalFlashFont()</a> from fontgetters.o(i._ZN8touchgfx17InternalFlashFontD1Ev) referenced from fontgetters.o(i._Z31getFont_Roboto_Regular_420_4bppv)
 <LI><a href="#[178]">touchgfx::LockFreeDMA_Queue::pushCopyOf(const touchgfx::BlitOp&)</a> from dma.o(i._ZN8touchgfx17LockFreeDMA_Queue10pushCopyOfERKNS_6BlitOpE) referenced from dma.o(.constdata__ZTVN8touchgfx17LockFreeDMA_QueueE)
 <LI><a href="#[179]">touchgfx::LockFreeDMA_Queue::pop()</a> from dma.o(i._ZN8touchgfx17LockFreeDMA_Queue3popEv) referenced from dma.o(.constdata__ZTVN8touchgfx17LockFreeDMA_QueueE)
 <LI><a href="#[17a]">touchgfx::LockFreeDMA_Queue::first()</a> from dma.o(i._ZN8touchgfx17LockFreeDMA_Queue5firstEv) referenced from dma.o(.constdata__ZTVN8touchgfx17LockFreeDMA_QueueE)
 <LI><a href="#[177]">touchgfx::LockFreeDMA_Queue::isFull()</a> from dma.o(i._ZN8touchgfx17LockFreeDMA_Queue6isFullEv) referenced from dma.o(.constdata__ZTVN8touchgfx17LockFreeDMA_QueueE)
 <LI><a href="#[176]">touchgfx::LockFreeDMA_Queue::isEmpty()</a> from dma.o(i._ZN8touchgfx17LockFreeDMA_Queue7isEmptyEv) referenced from dma.o(.constdata__ZTVN8touchgfx17LockFreeDMA_QueueE)
 <LI><a href="#[17f]">touchgfx::MCUInstrumentation::getCCConsumed()</a> from stm32f7instrumentation.o(i._ZN8touchgfx18MCUInstrumentation13getCCConsumedEv) referenced from stm32f7instrumentation.o(.constdata__ZTVN8touchgfx22STM32F7InstrumentationE)
 <LI><a href="#[180]">touchgfx::MCUInstrumentation::setCCConsumed(unsigned)</a> from stm32f7instrumentation.o(i._ZN8touchgfx18MCUInstrumentation13setCCConsumedEj) referenced from stm32f7instrumentation.o(.constdata__ZTVN8touchgfx22STM32F7InstrumentationE)
 <LI><a href="#[167]">touchgfx::AbstractPainterRGB565::renderInit()</a> from painterrgb565.o(i._ZN8touchgfx21AbstractPainterRGB56510renderInitEv) referenced from painterrgb565.o(.constdata__ZTVN8touchgfx13PainterRGB565E)
 <LI><a href="#[167]">touchgfx::AbstractPainterRGB565::renderInit()</a> from painterrgb565.o(i._ZN8touchgfx21AbstractPainterRGB56510renderInitEv) referenced from abstractpainterrgb565.o(.constdata__ZTVN8touchgfx21AbstractPainterRGB565E)
 <LI><a href="#[169]">touchgfx::AbstractPainterRGB565::renderPixel(unsigned short*, unsigned char, unsigned char, unsigned char)</a> from abstractpainterrgb565.o(i._ZN8touchgfx21AbstractPainterRGB56511renderPixelEPthhh) referenced from painterrgb565.o(.constdata__ZTVN8touchgfx13PainterRGB565E)
 <LI><a href="#[169]">touchgfx::AbstractPainterRGB565::renderPixel(unsigned short*, unsigned char, unsigned char, unsigned char)</a> from abstractpainterrgb565.o(i._ZN8touchgfx21AbstractPainterRGB56511renderPixelEPthhh) referenced from abstractpainterrgb565.o(.constdata__ZTVN8touchgfx21AbstractPainterRGB565E)
 <LI><a href="#[17b]">touchgfx::AbstractPainterRGB565::render(unsigned char*, int, int, int, unsigned, const unsigned char*)</a> from abstractpainterrgb565.o(i._ZN8touchgfx21AbstractPainterRGB5656renderEPhiiijPKh) referenced from abstractpainterrgb565.o(.constdata__ZTVN8touchgfx21AbstractPainterRGB565E)
 <LI><a href="#[17d]">touchgfx::STM32F7Instrumentation::getCPUCycles()</a> from stm32f7instrumentation.o(i._ZN8touchgfx22STM32F7Instrumentation12getCPUCyclesEv) referenced from stm32f7instrumentation.o(.constdata__ZTVN8touchgfx22STM32F7InstrumentationE)
 <LI><a href="#[17e]">touchgfx::STM32F7Instrumentation::setMCUActive(bool)</a> from stm32f7instrumentation.o(i._ZN8touchgfx22STM32F7Instrumentation12setMCUActiveEb) referenced from stm32f7instrumentation.o(.constdata__ZTVN8touchgfx22STM32F7InstrumentationE)
 <LI><a href="#[17c]">touchgfx::STM32F7Instrumentation::init()</a> from stm32f7instrumentation.o(i._ZN8touchgfx22STM32F7Instrumentation4initEv) referenced from stm32f7instrumentation.o(.constdata__ZTVN8touchgfx22STM32F7InstrumentationE)
 <LI><a href="#[84]">touchgfx::STM32F7Instrumentation::~STM32F7Instrumentation()</a> from boardconfiguration.o(i._ZN8touchgfx22STM32F7InstrumentationD1Ev) referenced from stm32f7instrumentation.o(.constdata__ZTVN8touchgfx22STM32F7InstrumentationE)
 <LI><a href="#[84]">touchgfx::STM32F7Instrumentation::~STM32F7Instrumentation()</a> from boardconfiguration.o(i._ZN8touchgfx22STM32F7InstrumentationD1Ev) referenced from boardconfiguration.o(i.__sti___22_BoardConfiguration_cpp_2f1c5dae)
 <LI><a href="#[182]">touchgfx::STM32F7TouchController::sampleTouch(int&, int&)</a> from stm32f7touchcontroller.o(i._ZN8touchgfx22STM32F7TouchController11sampleTouchERiS1_) referenced from stm32f7touchcontroller.o(.constdata__ZTVN8touchgfx22STM32F7TouchControllerE)
 <LI><a href="#[181]">touchgfx::STM32F7TouchController::init()</a> from stm32f7touchcontroller.o(i._ZN8touchgfx22STM32F7TouchController4initEv) referenced from stm32f7touchcontroller.o(.constdata__ZTVN8touchgfx22STM32F7TouchControllerE)
 <LI><a href="#[83]">touchgfx::STM32F7TouchController::~STM32F7TouchController()</a> from boardconfiguration.o(i._ZN8touchgfx22STM32F7TouchControllerD1Ev) referenced from stm32f7touchcontroller.o(.constdata__ZTVN8touchgfx22STM32F7TouchControllerE)
 <LI><a href="#[83]">touchgfx::STM32F7TouchController::~STM32F7TouchController()</a> from boardconfiguration.o(i._ZN8touchgfx22STM32F7TouchControllerD1Ev) referenced from boardconfiguration.o(i.__sti___22_BoardConfiguration_cpp_2f1c5dae)
 <LI><a href="#[185]">touchgfx::TextAreaWithOneWildcard::getTextHeight()</a> from accelerationviewbase.o(i._ZN8touchgfx23TextAreaWithOneWildcard13getTextHeightEv) referenced from accelerationviewbase.o(.constdata__ZTVN8touchgfx23TextAreaWithOneWildcardE)
 <LI><a href="#[d2]">touchgfx::HAL::beginFrame()</a> from hal.o(i._ZN8touchgfx3HAL10beginFrameEv) referenced from stm32f7hal.o(.constdata__ZTV10STM32F7HAL)
 <LI><a href="#[d2]">touchgfx::HAL::beginFrame()</a> from hal.o(i._ZN8touchgfx3HAL10beginFrameEv) referenced from hal.o(.constdata__ZTVN8touchgfx3HALE)
 <LI><a href="#[c5]">touchgfx::HAL::getBlitCaps()</a> from stm32f7hal.o(i._ZN8touchgfx3HAL11getBlitCapsEv) referenced from stm32f7hal.o(.constdata__ZTV10STM32F7HAL)
 <LI><a href="#[c5]">touchgfx::HAL::getBlitCaps()</a> from stm32f7hal.o(i._ZN8touchgfx3HAL11getBlitCapsEv) referenced from hal.o(.constdata__ZTVN8touchgfx3HALE)
 <LI><a href="#[c6]">touchgfx::HAL::blitCopyGlyph(const unsigned char*, unsigned short, unsigned short, unsigned short, unsigned short, unsigned short, touchgfx::colortype, unsigned char, touchgfx::BlitOperations)</a> from hal.o(i._ZN8touchgfx3HAL13blitCopyGlyphEPKhtttttNS_9colortypeEhNS_14BlitOperationsE) referenced from stm32f7hal.o(.constdata__ZTV10STM32F7HAL)
 <LI><a href="#[c6]">touchgfx::HAL::blitCopyGlyph(const unsigned char*, unsigned short, unsigned short, unsigned short, unsigned short, unsigned short, touchgfx::colortype, unsigned char, touchgfx::BlitOperations)</a> from hal.o(i._ZN8touchgfx3HAL13blitCopyGlyphEPKhtttttNS_9colortypeEhNS_14BlitOperationsE) referenced from hal.o(.constdata__ZTVN8touchgfx3HALE)
 <LI><a href="#[c9]">touchgfx::HAL::backPorchExited()</a> from stm32f7hal.o(i._ZN8touchgfx3HAL15backPorchExitedEv) referenced from stm32f7hal.o(.constdata__ZTV10STM32F7HAL)
 <LI><a href="#[c9]">touchgfx::HAL::backPorchExited()</a> from stm32f7hal.o(i._ZN8touchgfx3HAL15backPorchExitedEv) referenced from hal.o(.constdata__ZTVN8touchgfx3HALE)
 <LI><a href="#[c4]">touchgfx::HAL::cacheTextString(const unsigned short*)</a> from hal.o(i._ZN8touchgfx3HAL15cacheTextStringEPKt) referenced from stm32f7hal.o(.constdata__ZTV10STM32F7HAL)
 <LI><a href="#[c4]">touchgfx::HAL::cacheTextString(const unsigned short*)</a> from hal.o(i._ZN8touchgfx3HAL15cacheTextStringEPKt) referenced from hal.o(.constdata__ZTVN8touchgfx3HALE)
 <LI><a href="#[c1]">touchgfx::HAL::lockFrameBuffer()</a> from hal.o(i._ZN8touchgfx3HAL15lockFrameBufferEv) referenced from stm32f7hal.o(.constdata__ZTV10STM32F7HAL)
 <LI><a href="#[c1]">touchgfx::HAL::lockFrameBuffer()</a> from hal.o(i._ZN8touchgfx3HAL15lockFrameBufferEv) referenced from hal.o(.constdata__ZTVN8touchgfx3HALE)
 <LI><a href="#[189]">touchgfx::HAL::flushFrameBuffer(const touchgfx::Rect&)</a> from hal.o(i._ZN8touchgfx3HAL16flushFrameBufferERKNS_4RectE) referenced from hal.o(.constdata__ZTVN8touchgfx3HALE)
 <LI><a href="#[bf]">touchgfx::HAL::allowDMATransfers()</a> from hal.o(i._ZN8touchgfx3HAL17allowDMATransfersEv) referenced from stm32f7hal.o(.constdata__ZTV10STM32F7HAL)
 <LI><a href="#[bf]">touchgfx::HAL::allowDMATransfers()</a> from hal.o(i._ZN8touchgfx3HAL17allowDMATransfersEv) referenced from hal.o(.constdata__ZTVN8touchgfx3HALE)
 <LI><a href="#[18a]">touchgfx::HAL::getTFTCurrentLine()</a> from hal.o(i._ZN8touchgfx3HAL17getTFTCurrentLineEv) referenced from hal.o(.constdata__ZTVN8touchgfx3HALE)
 <LI><a href="#[c2]">touchgfx::HAL::unlockFrameBuffer()</a> from hal.o(i._ZN8touchgfx3HAL17unlockFrameBufferEv) referenced from stm32f7hal.o(.constdata__ZTV10STM32F7HAL)
 <LI><a href="#[c2]">touchgfx::HAL::unlockFrameBuffer()</a> from hal.o(i._ZN8touchgfx3HAL17unlockFrameBufferEv) referenced from hal.o(.constdata__ZTVN8touchgfx3HALE)
 <LI><a href="#[c8]">touchgfx::HAL::registerEventListener(touchgfx::UIEventListener&)</a> from hal.o(i._ZN8touchgfx3HAL21registerEventListenerERNS_15UIEventListenerE) referenced from stm32f7hal.o(.constdata__ZTV10STM32F7HAL)
 <LI><a href="#[c8]">touchgfx::HAL::registerEventListener(touchgfx::UIEventListener&)</a> from hal.o(i._ZN8touchgfx3HAL21registerEventListenerERNS_15UIEventListenerE) referenced from hal.o(.constdata__ZTVN8touchgfx3HALE)
 <LI><a href="#[bc]">touchgfx::HAL::setDisplayOrientation(touchgfx::DisplayOrientation)</a> from stm32f7hal.o(i._ZN8touchgfx3HAL21setDisplayOrientationENS_18DisplayOrientationE) referenced from stm32f7hal.o(.constdata__ZTV10STM32F7HAL)
 <LI><a href="#[bc]">touchgfx::HAL::setDisplayOrientation(touchgfx::DisplayOrientation)</a> from stm32f7hal.o(i._ZN8touchgfx3HAL21setDisplayOrientationENS_18DisplayOrientationE) referenced from hal.o(.constdata__ZTVN8touchgfx3HALE)
 <LI><a href="#[ce]">touchgfx::HAL::setFrameBufferStartAddress(void*, unsigned short, bool, bool)</a> from hal.o(i._ZN8touchgfx3HAL26setFrameBufferStartAddressEPvtbb) referenced from stm32f7hal.o(.constdata__ZTV10STM32F7HAL)
 <LI><a href="#[ce]">touchgfx::HAL::setFrameBufferStartAddress(void*, unsigned short, bool, bool)</a> from hal.o(i._ZN8touchgfx3HAL26setFrameBufferStartAddressEPvtbb) referenced from hal.o(.constdata__ZTVN8touchgfx3HALE)
 <LI><a href="#[d7]">touchgfx::HAL::performDisplayOrientationChange()</a> from hal.o(i._ZN8touchgfx3HAL31performDisplayOrientationChangeEv) referenced from stm32f7hal.o(.constdata__ZTV10STM32F7HAL)
 <LI><a href="#[d7]">touchgfx::HAL::performDisplayOrientationChange()</a> from hal.o(i._ZN8touchgfx3HAL31performDisplayOrientationChangeEv) referenced from hal.o(.constdata__ZTVN8touchgfx3HALE)
 <LI><a href="#[d1]">touchgfx::HAL::tick()</a> from hal.o(i._ZN8touchgfx3HAL4tickEv) referenced from stm32f7hal.o(.constdata__ZTV10STM32F7HAL)
 <LI><a href="#[d1]">touchgfx::HAL::tick()</a> from hal.o(i._ZN8touchgfx3HAL4tickEv) referenced from hal.o(.constdata__ZTVN8touchgfx3HALE)
 <LI><a href="#[d5]">touchgfx::HAL::touch(int, int)</a> from hal.o(i._ZN8touchgfx3HAL5touchEii) referenced from stm32f7hal.o(.constdata__ZTV10STM32F7HAL)
 <LI><a href="#[d5]">touchgfx::HAL::touch(int, int)</a> from hal.o(i._ZN8touchgfx3HAL5touchEii) referenced from hal.o(.constdata__ZTVN8touchgfx3HALE)
 <LI><a href="#[d6]">touchgfx::HAL::noTouch()</a> from hal.o(i._ZN8touchgfx3HAL7noTouchEv) referenced from stm32f7hal.o(.constdata__ZTV10STM32F7HAL)
 <LI><a href="#[d6]">touchgfx::HAL::noTouch()</a> from hal.o(i._ZN8touchgfx3HAL7noTouchEv) referenced from hal.o(.constdata__ZTVN8touchgfx3HALE)
 <LI><a href="#[c7]">touchgfx::HAL::blitFill(touchgfx::colortype, unsigned short, unsigned short, unsigned short, unsigned short, unsigned char)</a> from hal.o(i._ZN8touchgfx3HAL8blitFillENS_9colortypeEtttth) referenced from stm32f7hal.o(.constdata__ZTV10STM32F7HAL)
 <LI><a href="#[c7]">touchgfx::HAL::blitFill(touchgfx::colortype, unsigned short, unsigned short, unsigned short, unsigned short, unsigned char)</a> from hal.o(i._ZN8touchgfx3HAL8blitFillENS_9colortypeEtttth) referenced from hal.o(.constdata__ZTVN8touchgfx3HALE)
 <LI><a href="#[d3]">touchgfx::HAL::endFrame()</a> from hal.o(i._ZN8touchgfx3HAL8endFrameEv) referenced from stm32f7hal.o(.constdata__ZTV10STM32F7HAL)
 <LI><a href="#[d3]">touchgfx::HAL::endFrame()</a> from hal.o(i._ZN8touchgfx3HAL8endFrameEv) referenced from hal.o(.constdata__ZTVN8touchgfx3HALE)
 <LI><a href="#[c0]">touchgfx::HAL::flushDMA()</a> from hal.o(i._ZN8touchgfx3HAL8flushDMAEv) referenced from stm32f7hal.o(.constdata__ZTV10STM32F7HAL)
 <LI><a href="#[c0]">touchgfx::HAL::flushDMA()</a> from hal.o(i._ZN8touchgfx3HAL8flushDMAEv) referenced from hal.o(.constdata__ZTVN8touchgfx3HALE)
 <LI><a href="#[cf]">touchgfx::HAL::taskDelay(unsigned short)</a> from stm32f7hal.o(i._ZN8touchgfx3HAL9taskDelayEt) referenced from stm32f7hal.o(.constdata__ZTV10STM32F7HAL)
 <LI><a href="#[cf]">touchgfx::HAL::taskDelay(unsigned short)</a> from stm32f7hal.o(i._ZN8touchgfx3HAL9taskDelayEt) referenced from hal.o(.constdata__ZTVN8touchgfx3HALE)
 <LI><a href="#[bd]">touchgfx::HAL::taskEntry()</a> from hal.o(i._ZN8touchgfx3HAL9taskEntryEv) referenced from stm32f7hal.o(.constdata__ZTV10STM32F7HAL)
 <LI><a href="#[bd]">touchgfx::HAL::taskEntry()</a> from hal.o(i._ZN8touchgfx3HAL9taskEntryEv) referenced from hal.o(.constdata__ZTVN8touchgfx3HALE)
 <LI><a href="#[a]">touchgfx::LCD::drawStringLTR(const touchgfx::Rect&, const touchgfx::Rect&, const touchgfx::LCD::StringVisuals&, const unsigned short*, std::__va_list)</a> from lcd.o(i._ZN8touchgfx3LCD13drawStringLTRERKNS_4RectES3_RKNS0_13StringVisualsEPKtSt9__va_list) referenced 2 times from texts.o(.data)
 <LI><a href="#[18b]">touchgfx::Line::~Line()</a> from debug_modeview.o(i._ZN8touchgfx4LineD1Ev) referenced from line.o(.constdata__ZTVN8touchgfx4LineE)
 <LI><a href="#[8b]">touchgfx::Rect::Rect()</a> from application.o(i._ZN8touchgfx4RectC1Ev) referenced from application.o(t._ZN8touchgfx6VectorINS_4RectELt8EEC1Ev)
 <LI><a href="#[7f]">touchgfx::BlitOp::BlitOp()</a> from stm32f7dma.o(i._ZN8touchgfx6BlitOpC1Ev) referenced from stm32f7dma.o(i._ZN10STM32F7DMAC1Ev)
 <LI><a href="#[18e]">touchgfx::Canvas::~Canvas()</a> from canvas.o(i._ZN8touchgfx6CanvasD1Ev) referenced from canvas.o(.constdata__ZTVN8touchgfx6CanvasE)
 <LI><a href="#[190]">touchgfx::Screen::setupScreen()</a> from screen.o(i._ZN8touchgfx6Screen11setupScreenEv) referenced from screen.o(.constdata__ZTVN8touchgfx6ScreenE)
 <LI><a href="#[e1]">touchgfx::Screen::handleKeyEvent(unsigned char)</a> from accelerationview.o(i._ZN8touchgfx6Screen14handleKeyEventEh) referenced from skidpadview.o(.constdata__ZTV11SKIDPADView)
 <LI><a href="#[e1]">touchgfx::Screen::handleKeyEvent(unsigned char)</a> from accelerationview.o(i._ZN8touchgfx6Screen14handleKeyEventEh) referenced from settingsview.o(.constdata__ZTV12SETTINGSView)
 <LI><a href="#[e1]">touchgfx::Screen::handleKeyEvent(unsigned char)</a> from accelerationview.o(i._ZN8touchgfx6Screen14handleKeyEventEh) referenced from autocrossview.o(.constdata__ZTV13AUTOCROSSView)
 <LI><a href="#[e1]">touchgfx::Screen::handleKeyEvent(unsigned char)</a> from accelerationview.o(i._ZN8touchgfx6Screen14handleKeyEventEh) referenced from enduranceview.o(.constdata__ZTV13ENDURANCEView)
 <LI><a href="#[e1]">touchgfx::Screen::handleKeyEvent(unsigned char)</a> from accelerationview.o(i._ZN8touchgfx6Screen14handleKeyEventEh) referenced from debug_modeview.o(.constdata__ZTV14DEBUG_MODEView)
 <LI><a href="#[e1]">touchgfx::Screen::handleKeyEvent(unsigned char)</a> from accelerationview.o(i._ZN8touchgfx6Screen14handleKeyEventEh) referenced from board_debugview.o(.constdata__ZTV15BOARD_DEBUGView)
 <LI><a href="#[e1]">touchgfx::Screen::handleKeyEvent(unsigned char)</a> from accelerationview.o(i._ZN8touchgfx6Screen14handleKeyEventEh) referenced from skidpadviewbase.o(.constdata__ZTV15SKIDPADViewBase)
 <LI><a href="#[e1]">touchgfx::Screen::handleKeyEvent(unsigned char)</a> from accelerationview.o(i._ZN8touchgfx6Screen14handleKeyEventEh) referenced from accelerationview.o(.constdata__ZTV16ACCELERATIONView)
 <LI><a href="#[e1]">touchgfx::Screen::handleKeyEvent(unsigned char)</a> from accelerationview.o(i._ZN8touchgfx6Screen14handleKeyEventEh) referenced from settingsviewbase.o(.constdata__ZTV16SETTINGSViewBase)
 <LI><a href="#[e1]">touchgfx::Screen::handleKeyEvent(unsigned char)</a> from accelerationview.o(i._ZN8touchgfx6Screen14handleKeyEventEh) referenced from autocrossviewbase.o(.constdata__ZTV17AUTOCROSSViewBase)
 <LI><a href="#[e1]">touchgfx::Screen::handleKeyEvent(unsigned char)</a> from accelerationview.o(i._ZN8touchgfx6Screen14handleKeyEventEh) referenced from enduranceviewbase.o(.constdata__ZTV17ENDURANCEViewBase)
 <LI><a href="#[e1]">touchgfx::Screen::handleKeyEvent(unsigned char)</a> from accelerationview.o(i._ZN8touchgfx6Screen14handleKeyEventEh) referenced from debug_modeviewbase.o(.constdata__ZTV18DEBUG_MODEViewBase)
 <LI><a href="#[e1]">touchgfx::Screen::handleKeyEvent(unsigned char)</a> from accelerationview.o(i._ZN8touchgfx6Screen14handleKeyEventEh) referenced from board_debugviewbase.o(.constdata__ZTV19BOARD_DEBUGViewBase)
 <LI><a href="#[e1]">touchgfx::Screen::handleKeyEvent(unsigned char)</a> from accelerationview.o(i._ZN8touchgfx6Screen14handleKeyEventEh) referenced from accelerationviewbase.o(.constdata__ZTV20ACCELERATIONViewBase)
 <LI><a href="#[e1]">touchgfx::Screen::handleKeyEvent(unsigned char)</a> from accelerationview.o(i._ZN8touchgfx6Screen14handleKeyEventEh) referenced from screen.o(.constdata__ZTVN8touchgfx6ScreenE)
 <LI><a href="#[105]">touchgfx::Screen::tearDownScreen()</a> from accelerationviewbase.o(i._ZN8touchgfx6Screen14tearDownScreenEv) referenced from skidpadviewbase.o(.constdata__ZTV15SKIDPADViewBase)
 <LI><a href="#[105]">touchgfx::Screen::tearDownScreen()</a> from accelerationviewbase.o(i._ZN8touchgfx6Screen14tearDownScreenEv) referenced from settingsviewbase.o(.constdata__ZTV16SETTINGSViewBase)
 <LI><a href="#[105]">touchgfx::Screen::tearDownScreen()</a> from accelerationviewbase.o(i._ZN8touchgfx6Screen14tearDownScreenEv) referenced from autocrossviewbase.o(.constdata__ZTV17AUTOCROSSViewBase)
 <LI><a href="#[105]">touchgfx::Screen::tearDownScreen()</a> from accelerationviewbase.o(i._ZN8touchgfx6Screen14tearDownScreenEv) referenced from enduranceviewbase.o(.constdata__ZTV17ENDURANCEViewBase)
 <LI><a href="#[105]">touchgfx::Screen::tearDownScreen()</a> from accelerationviewbase.o(i._ZN8touchgfx6Screen14tearDownScreenEv) referenced from debug_modeviewbase.o(.constdata__ZTV18DEBUG_MODEViewBase)
 <LI><a href="#[105]">touchgfx::Screen::tearDownScreen()</a> from accelerationviewbase.o(i._ZN8touchgfx6Screen14tearDownScreenEv) referenced from board_debugviewbase.o(.constdata__ZTV19BOARD_DEBUGViewBase)
 <LI><a href="#[105]">touchgfx::Screen::tearDownScreen()</a> from accelerationviewbase.o(i._ZN8touchgfx6Screen14tearDownScreenEv) referenced from accelerationviewbase.o(.constdata__ZTV20ACCELERATIONViewBase)
 <LI><a href="#[105]">touchgfx::Screen::tearDownScreen()</a> from accelerationviewbase.o(i._ZN8touchgfx6Screen14tearDownScreenEv) referenced from screen.o(.constdata__ZTVN8touchgfx6ScreenE)
 <LI><a href="#[db]">touchgfx::Screen::afterTransition()</a> from accelerationview.o(i._ZN8touchgfx6Screen15afterTransitionEv) referenced from skidpadview.o(.constdata__ZTV11SKIDPADView)
 <LI><a href="#[db]">touchgfx::Screen::afterTransition()</a> from accelerationview.o(i._ZN8touchgfx6Screen15afterTransitionEv) referenced from settingsview.o(.constdata__ZTV12SETTINGSView)
 <LI><a href="#[db]">touchgfx::Screen::afterTransition()</a> from accelerationview.o(i._ZN8touchgfx6Screen15afterTransitionEv) referenced from autocrossview.o(.constdata__ZTV13AUTOCROSSView)
 <LI><a href="#[db]">touchgfx::Screen::afterTransition()</a> from accelerationview.o(i._ZN8touchgfx6Screen15afterTransitionEv) referenced from enduranceview.o(.constdata__ZTV13ENDURANCEView)
 <LI><a href="#[db]">touchgfx::Screen::afterTransition()</a> from accelerationview.o(i._ZN8touchgfx6Screen15afterTransitionEv) referenced from debug_modeview.o(.constdata__ZTV14DEBUG_MODEView)
 <LI><a href="#[db]">touchgfx::Screen::afterTransition()</a> from accelerationview.o(i._ZN8touchgfx6Screen15afterTransitionEv) referenced from board_debugview.o(.constdata__ZTV15BOARD_DEBUGView)
 <LI><a href="#[db]">touchgfx::Screen::afterTransition()</a> from accelerationview.o(i._ZN8touchgfx6Screen15afterTransitionEv) referenced from skidpadviewbase.o(.constdata__ZTV15SKIDPADViewBase)
 <LI><a href="#[db]">touchgfx::Screen::afterTransition()</a> from accelerationview.o(i._ZN8touchgfx6Screen15afterTransitionEv) referenced from accelerationview.o(.constdata__ZTV16ACCELERATIONView)
 <LI><a href="#[db]">touchgfx::Screen::afterTransition()</a> from accelerationview.o(i._ZN8touchgfx6Screen15afterTransitionEv) referenced from settingsviewbase.o(.constdata__ZTV16SETTINGSViewBase)
 <LI><a href="#[db]">touchgfx::Screen::afterTransition()</a> from accelerationview.o(i._ZN8touchgfx6Screen15afterTransitionEv) referenced from autocrossviewbase.o(.constdata__ZTV17AUTOCROSSViewBase)
 <LI><a href="#[db]">touchgfx::Screen::afterTransition()</a> from accelerationview.o(i._ZN8touchgfx6Screen15afterTransitionEv) referenced from enduranceviewbase.o(.constdata__ZTV17ENDURANCEViewBase)
 <LI><a href="#[db]">touchgfx::Screen::afterTransition()</a> from accelerationview.o(i._ZN8touchgfx6Screen15afterTransitionEv) referenced from debug_modeviewbase.o(.constdata__ZTV18DEBUG_MODEViewBase)
 <LI><a href="#[db]">touchgfx::Screen::afterTransition()</a> from accelerationview.o(i._ZN8touchgfx6Screen15afterTransitionEv) referenced from board_debugviewbase.o(.constdata__ZTV19BOARD_DEBUGViewBase)
 <LI><a href="#[db]">touchgfx::Screen::afterTransition()</a> from accelerationview.o(i._ZN8touchgfx6Screen15afterTransitionEv) referenced from accelerationviewbase.o(.constdata__ZTV20ACCELERATIONViewBase)
 <LI><a href="#[db]">touchgfx::Screen::afterTransition()</a> from accelerationview.o(i._ZN8touchgfx6Screen15afterTransitionEv) referenced from screen.o(.constdata__ZTVN8touchgfx6ScreenE)
 <LI><a href="#[de]">touchgfx::Screen::handleDragEvent(const touchgfx::DragEvent&)</a> from screen.o(i._ZN8touchgfx6Screen15handleDragEventERKNS_9DragEventE) referenced from skidpadview.o(.constdata__ZTV11SKIDPADView)
 <LI><a href="#[de]">touchgfx::Screen::handleDragEvent(const touchgfx::DragEvent&)</a> from screen.o(i._ZN8touchgfx6Screen15handleDragEventERKNS_9DragEventE) referenced from settingsview.o(.constdata__ZTV12SETTINGSView)
 <LI><a href="#[de]">touchgfx::Screen::handleDragEvent(const touchgfx::DragEvent&)</a> from screen.o(i._ZN8touchgfx6Screen15handleDragEventERKNS_9DragEventE) referenced from autocrossview.o(.constdata__ZTV13AUTOCROSSView)
 <LI><a href="#[de]">touchgfx::Screen::handleDragEvent(const touchgfx::DragEvent&)</a> from screen.o(i._ZN8touchgfx6Screen15handleDragEventERKNS_9DragEventE) referenced from enduranceview.o(.constdata__ZTV13ENDURANCEView)
 <LI><a href="#[de]">touchgfx::Screen::handleDragEvent(const touchgfx::DragEvent&)</a> from screen.o(i._ZN8touchgfx6Screen15handleDragEventERKNS_9DragEventE) referenced from debug_modeview.o(.constdata__ZTV14DEBUG_MODEView)
 <LI><a href="#[de]">touchgfx::Screen::handleDragEvent(const touchgfx::DragEvent&)</a> from screen.o(i._ZN8touchgfx6Screen15handleDragEventERKNS_9DragEventE) referenced from board_debugview.o(.constdata__ZTV15BOARD_DEBUGView)
 <LI><a href="#[de]">touchgfx::Screen::handleDragEvent(const touchgfx::DragEvent&)</a> from screen.o(i._ZN8touchgfx6Screen15handleDragEventERKNS_9DragEventE) referenced from skidpadviewbase.o(.constdata__ZTV15SKIDPADViewBase)
 <LI><a href="#[de]">touchgfx::Screen::handleDragEvent(const touchgfx::DragEvent&)</a> from screen.o(i._ZN8touchgfx6Screen15handleDragEventERKNS_9DragEventE) referenced from accelerationview.o(.constdata__ZTV16ACCELERATIONView)
 <LI><a href="#[de]">touchgfx::Screen::handleDragEvent(const touchgfx::DragEvent&)</a> from screen.o(i._ZN8touchgfx6Screen15handleDragEventERKNS_9DragEventE) referenced from settingsviewbase.o(.constdata__ZTV16SETTINGSViewBase)
 <LI><a href="#[de]">touchgfx::Screen::handleDragEvent(const touchgfx::DragEvent&)</a> from screen.o(i._ZN8touchgfx6Screen15handleDragEventERKNS_9DragEventE) referenced from autocrossviewbase.o(.constdata__ZTV17AUTOCROSSViewBase)
 <LI><a href="#[de]">touchgfx::Screen::handleDragEvent(const touchgfx::DragEvent&)</a> from screen.o(i._ZN8touchgfx6Screen15handleDragEventERKNS_9DragEventE) referenced from enduranceviewbase.o(.constdata__ZTV17ENDURANCEViewBase)
 <LI><a href="#[de]">touchgfx::Screen::handleDragEvent(const touchgfx::DragEvent&)</a> from screen.o(i._ZN8touchgfx6Screen15handleDragEventERKNS_9DragEventE) referenced from debug_modeviewbase.o(.constdata__ZTV18DEBUG_MODEViewBase)
 <LI><a href="#[de]">touchgfx::Screen::handleDragEvent(const touchgfx::DragEvent&)</a> from screen.o(i._ZN8touchgfx6Screen15handleDragEventERKNS_9DragEventE) referenced from board_debugviewbase.o(.constdata__ZTV19BOARD_DEBUGViewBase)
 <LI><a href="#[de]">touchgfx::Screen::handleDragEvent(const touchgfx::DragEvent&)</a> from screen.o(i._ZN8touchgfx6Screen15handleDragEventERKNS_9DragEventE) referenced from accelerationviewbase.o(.constdata__ZTV20ACCELERATIONViewBase)
 <LI><a href="#[de]">touchgfx::Screen::handleDragEvent(const touchgfx::DragEvent&)</a> from screen.o(i._ZN8touchgfx6Screen15handleDragEventERKNS_9DragEventE) referenced from screen.o(.constdata__ZTVN8touchgfx6ScreenE)
 <LI><a href="#[e0]">touchgfx::Screen::handleTickEvent()</a> from accelerationview.o(i._ZN8touchgfx6Screen15handleTickEventEv) referenced from skidpadview.o(.constdata__ZTV11SKIDPADView)
 <LI><a href="#[e0]">touchgfx::Screen::handleTickEvent()</a> from accelerationview.o(i._ZN8touchgfx6Screen15handleTickEventEv) referenced from settingsview.o(.constdata__ZTV12SETTINGSView)
 <LI><a href="#[e0]">touchgfx::Screen::handleTickEvent()</a> from accelerationview.o(i._ZN8touchgfx6Screen15handleTickEventEv) referenced from autocrossview.o(.constdata__ZTV13AUTOCROSSView)
 <LI><a href="#[e0]">touchgfx::Screen::handleTickEvent()</a> from accelerationview.o(i._ZN8touchgfx6Screen15handleTickEventEv) referenced from enduranceview.o(.constdata__ZTV13ENDURANCEView)
 <LI><a href="#[e0]">touchgfx::Screen::handleTickEvent()</a> from accelerationview.o(i._ZN8touchgfx6Screen15handleTickEventEv) referenced from debug_modeview.o(.constdata__ZTV14DEBUG_MODEView)
 <LI><a href="#[e0]">touchgfx::Screen::handleTickEvent()</a> from accelerationview.o(i._ZN8touchgfx6Screen15handleTickEventEv) referenced from board_debugview.o(.constdata__ZTV15BOARD_DEBUGView)
 <LI><a href="#[e0]">touchgfx::Screen::handleTickEvent()</a> from accelerationview.o(i._ZN8touchgfx6Screen15handleTickEventEv) referenced from skidpadviewbase.o(.constdata__ZTV15SKIDPADViewBase)
 <LI><a href="#[e0]">touchgfx::Screen::handleTickEvent()</a> from accelerationview.o(i._ZN8touchgfx6Screen15handleTickEventEv) referenced from accelerationview.o(.constdata__ZTV16ACCELERATIONView)
 <LI><a href="#[e0]">touchgfx::Screen::handleTickEvent()</a> from accelerationview.o(i._ZN8touchgfx6Screen15handleTickEventEv) referenced from settingsviewbase.o(.constdata__ZTV16SETTINGSViewBase)
 <LI><a href="#[e0]">touchgfx::Screen::handleTickEvent()</a> from accelerationview.o(i._ZN8touchgfx6Screen15handleTickEventEv) referenced from autocrossviewbase.o(.constdata__ZTV17AUTOCROSSViewBase)
[...]
<LI><a href="#[264]">&gt;&gt;</a>&nbsp;&nbsp;&nbsp;I2C_ITSlaveCplt
</UL>

<P><STRONG><a name="[264]"></a>I2C_ITSlaveCplt</STRONG> (Thumb, 232 bytes, Stack size 16 bytes, stm32f7xx_hal_i2c.o(i.I2C_ITSlaveCplt))
<BR><BR>[Stack]<UL><LI>Max Depth = 40<LI>Call Chain = I2C_ITSlaveCplt &rArr; I2C_ITListenCplt &rArr; I2C_Disable_IRQ
</UL>
<BR>[Calls]<UL><LI><a href="#[263]">&gt;&gt;</a>&nbsp;&nbsp;&nbsp;HAL_I2C_ListenCpltCallback
<LI><a href="#[262]">&gt;&gt;</a>&nbsp;&nbsp;&nbsp;I2C_ITListenCplt
<LI><a href="#[1fd]">&gt;&gt;</a>&nbsp;&nbsp;&nbsp;I2C_ITError
<LI><a href="#[265]">&gt;&gt;</a>&nbsp;&nbsp;&nbsp;I2C_Flush_TXDR
<LI><a href="#[260]">&gt;&gt;</a>&nbsp;&nbsp;&nbsp;I2C_Disable_IRQ
<LI><a href="#[266]">&gt;&gt;</a>&nbsp;&nbsp;&nbsp;HAL_I2C_SlaveTxCpltCallback
<LI><a href="#[267]">&gt;&gt;</a>&nbsp;&nbsp;&nbsp;HAL_I2C_SlaveRxCpltCallback
</UL>
<BR>[Called By]<UL><LI><a href="#[7b]">&gt;&gt;</a>&nbsp;&nbsp;&nbsp;I2C_Slave_ISR_IT
</UL>

<P><STRONG><a name="[268]"></a>I2C_ITSlaveSequentialCplt</STRONG> (Thumb, 84 bytes, Stack size 16 bytes, stm32f7xx_hal_i2c.o(i.I2C_ITSlaveSequentialCplt))
<BR><BR>[Stack]<UL><LI>Max Depth = 24<LI>Call Chain = I2C_ITSlaveSequentialCplt &rArr; I2C_Disable_IRQ
</UL>
<BR>[Calls]<UL><LI><a href="#[260]">&gt;&gt;</a>&nbsp;&nbsp;&nbsp;I2C_Disable_IRQ
<LI><a href="#[266]">&gt;&gt;</a>&nbsp;&nbsp;&nbsp;HAL_I2C_SlaveTxCpltCallback
<LI><a href="#[267]">&gt;&gt;</a>&nbsp;&nbsp;&nbsp;HAL_I2C_SlaveRxCpltCallback
</UL>
<BR>[Called By]<UL><LI><a href="#[7b]">&gt;&gt;</a>&nbsp;&nbsp;&nbsp;I2C_Slave_ISR_IT
</UL>

<P><STRONG><a name="[7b]"></a>I2C_Slave_ISR_IT</STRONG> (Thumb, 270 bytes, Stack size 16 bytes, stm32f7xx_hal_i2c.o(i.I2C_Slave_ISR_IT))
<BR><BR>[Stack]<UL><LI>Max Depth = 56<LI>Call Chain = I2C_Slave_ISR_IT &rArr; I2C_ITSlaveCplt &rArr; I2C_ITListenCplt &rArr; I2C_Disable_IRQ
</UL>
<BR>[Calls]<UL><LI><a href="#[268]">&gt;&gt;</a>&nbsp;&nbsp;&nbsp;I2C_ITSlaveSequentialCplt
<LI><a href="#[264]">&gt;&gt;</a>&nbsp;&nbsp;&nbsp;I2C_ITSlaveCplt
<LI><a href="#[262]">&gt;&gt;</a>&nbsp;&nbsp;&nbsp;I2C_ITListenCplt
<LI><a href="#[25f]">&gt;&gt;</a>&nbsp;&nbsp;&nbsp;I2C_ITAddrCplt
<LI><a href="#[265]">&gt;&gt;</a>&nbsp;&nbsp;&nbsp;I2C_Flush_TXDR
</UL>
<BR>[Address Reference Count : 1]<UL><LI> stm32f7xx_hal_i2c.o(i.I2C_ITError)
</UL>
<P><STRONG><a name="[220]"></a>QSPI_Config</STRONG> (Thumb, 424 bytes, Stack size 28 bytes, stm32f7xx_hal_qspi.o(i.QSPI_Config))
<BR><BR>[Stack]<UL><LI>Max Depth = 28<LI>Call Chain = QSPI_Config
</UL>
<BR>[Called By]<UL><LI><a href="#[1bc]">&gt;&gt;</a>&nbsp;&nbsp;&nbsp;HAL_QSPI_MemoryMapped
<LI><a href="#[1c3]">&gt;&gt;</a>&nbsp;&nbsp;&nbsp;HAL_QSPI_Command
<LI><a href="#[21f]">&gt;&gt;</a>&nbsp;&nbsp;&nbsp;HAL_QSPI_AutoPolling
</UL>

<P><STRONG><a name="[79]"></a>QSPI_DMAAbortCplt</STRONG> (Thumb, 58 bytes, Stack size 8 bytes, stm32f7xx_hal_qspi.o(i.QSPI_DMAAbortCplt))
<BR><BR>[Stack]<UL><LI>Max Depth = 8<LI>Call Chain = QSPI_DMAAbortCplt
</UL>
<BR>[Calls]<UL><LI><a href="#[228]">&gt;&gt;</a>&nbsp;&nbsp;&nbsp;HAL_QSPI_ErrorCallback
</UL>
<BR>[Address Reference Count : 2]<UL><LI> stm32f7xx_hal_qspi.o(i.HAL_QSPI_Abort_IT)
<LI> stm32f7xx_hal_qspi.o(i.HAL_QSPI_IRQHandler)
</UL>
<P><STRONG><a name="[21c]"></a>QSPI_WaitFlagStateUntilTimeout</STRONG> (Thumb, 72 bytes, Stack size 24 bytes, stm32f7xx_hal_qspi.o(i.QSPI_WaitFlagStateUntilTimeout))
<BR><BR>[Stack]<UL><LI>Max Depth = 24<LI>Call Chain = QSPI_WaitFlagStateUntilTimeout
</UL>
<BR>[Calls]<UL><LI><a href="#[1e7]">&gt;&gt;</a>&nbsp;&nbsp;&nbsp;HAL_GetTick
</UL>
<BR>[Called By]<UL><LI><a href="#[22d]">&gt;&gt;</a>&nbsp;&nbsp;&nbsp;HAL_QSPI_Transmit
<LI><a href="#[22c]">&gt;&gt;</a>&nbsp;&nbsp;&nbsp;HAL_QSPI_Receive
<LI><a href="#[1bc]">&gt;&gt;</a>&nbsp;&nbsp;&nbsp;HAL_QSPI_MemoryMapped
<LI><a href="#[1c3]">&gt;&gt;</a>&nbsp;&nbsp;&nbsp;HAL_QSPI_Command
<LI><a href="#[21f]">&gt;&gt;</a>&nbsp;&nbsp;&nbsp;HAL_QSPI_AutoPolling
<LI><a href="#[1c0]">&gt;&gt;</a>&nbsp;&nbsp;&nbsp;HAL_QSPI_Init
<LI><a href="#[21b]">&gt;&gt;</a>&nbsp;&nbsp;&nbsp;HAL_QSPI_Abort
</UL>

<P><STRONG><a name="[23f]"></a>SPI_EndRxTxTransaction</STRONG> (Thumb, 72 bytes, Stack size 24 bytes, stm32f7xx_hal_spi.o(i.SPI_EndRxTxTransaction))
<BR><BR>[Stack]<UL><LI>Max Depth = 56<LI>Call Chain = SPI_EndRxTxTransaction &rArr; SPI_WaitFifoStateUntilTimeout
</UL>
<BR>[Calls]<UL><LI><a href="#[281]">&gt;&gt;</a>&nbsp;&nbsp;&nbsp;SPI_WaitFlagStateUntilTimeout
<LI><a href="#[280]">&gt;&gt;</a>&nbsp;&nbsp;&nbsp;SPI_WaitFifoStateUntilTimeout
</UL>
<BR>[Called By]<UL><LI><a href="#[23e]">&gt;&gt;</a>&nbsp;&nbsp;&nbsp;HAL_SPI_Transmit
</UL>

<P><STRONG><a name="[280]"></a>SPI_WaitFifoStateUntilTimeout</STRONG> (Thumb, 160 bytes, Stack size 32 bytes, stm32f7xx_hal_spi.o(i.SPI_WaitFifoStateUntilTimeout))
<BR><BR>[Stack]<UL><LI>Max Depth = 32<LI>Call Chain = SPI_WaitFifoStateUntilTimeout
</UL>
<BR>[Calls]<UL><LI><a href="#[1e7]">&gt;&gt;</a>&nbsp;&nbsp;&nbsp;HAL_GetTick
</UL>
<BR>[Called By]<UL><LI><a href="#[23f]">&gt;&gt;</a>&nbsp;&nbsp;&nbsp;SPI_EndRxTxTransaction
</UL>

<P><STRONG><a name="[281]"></a>SPI_WaitFlagStateUntilTimeout</STRONG> (Thumb, 140 bytes, Stack size 24 bytes, stm32f7xx_hal_spi.o(i.SPI_WaitFlagStateUntilTimeout))
<BR><BR>[Stack]<UL><LI>Max Depth = 24<LI>Call Chain = SPI_WaitFlagStateUntilTimeout
</UL>
<BR>[Calls]<UL><LI><a href="#[1e7]">&gt;&gt;</a>&nbsp;&nbsp;&nbsp;HAL_GetTick
</UL>
<BR>[Called By]<UL><LI><a href="#[23f]">&gt;&gt;</a>&nbsp;&nbsp;&nbsp;SPI_EndRxTxTransaction
</UL>

<P><STRONG><a name="[1f9]"></a>DMA_CalcBaseAndBitshift</STRONG> (Thumb, 34 bytes, Stack size 0 bytes, stm32f7xx_hal_dma.o(i.DMA_CalcBaseAndBitshift))
<BR><BR>[Called By]<UL><LI><a href="#[1d6]">&gt;&gt;</a>&nbsp;&nbsp;&nbsp;HAL_DMA_Init
</UL>

<P><STRONG><a name="[1f8]"></a>DMA_CheckFifoParam</STRONG> (Thumb, 84 bytes, Stack size 8 bytes, stm32f7xx_hal_dma.o(i.DMA_CheckFifoParam))
<BR><BR>[Stack]<UL><LI>Max Depth = 8<LI>Call Chain = DMA_CheckFifoParam
</UL>
<BR>[Called By]<UL><LI><a href="#[1d6]">&gt;&gt;</a>&nbsp;&nbsp;&nbsp;HAL_DMA_Init
</UL>

<P><STRONG><a name="[39d]"></a>prvCopyDataFromQueue</STRONG> (Thumb, 38 bytes, Stack size 8 bytes, queue.o(i.prvCopyDataFromQueue))
<BR><BR>[Stack]<UL><LI>Max Depth = 8<LI>Call Chain = prvCopyDataFromQueue
</UL>
<BR>[Calls]<UL><LI><a href="#[39e]">&gt;&gt;</a>&nbsp;&nbsp;&nbsp;__aeabi_memcpy
</UL>
<BR>[Called By]<UL><LI><a href="#[2ec]">&gt;&gt;</a>&nbsp;&nbsp;&nbsp;xQueueGenericReceive
</UL>

<P><STRONG><a name="[39f]"></a>prvCopyDataToQueue</STRONG> (Thumb, 108 bytes, Stack size 24 bytes, queue.o(i.prvCopyDataToQueue))
<BR><BR>[Stack]<UL><LI>Max Depth = 40<LI>Call Chain = prvCopyDataToQueue &rArr; xTaskPriorityDisinherit
</UL>
<BR>[Calls]<UL><LI><a href="#[3a0]">&gt;&gt;</a>&nbsp;&nbsp;&nbsp;xTaskPriorityDisinherit
<LI><a href="#[39e]">&gt;&gt;</a>&nbsp;&nbsp;&nbsp;__aeabi_memcpy
</UL>
<BR>[Called By]<UL><LI><a href="#[2ea]">&gt;&gt;</a>&nbsp;&nbsp;&nbsp;xQueueGenericSendFromISR
<LI><a href="#[2e9]">&gt;&gt;</a>&nbsp;&nbsp;&nbsp;xQueueGenericSend
</UL>

<P><STRONG><a name="[3a6]"></a>prvIsQueueEmpty</STRONG> (Thumb, 28 bytes, Stack size 8 bytes, queue.o(i.prvIsQueueEmpty))
<BR><BR>[Stack]<UL><LI>Max Depth = 8<LI>Call Chain = prvIsQueueEmpty
</UL>
<BR>[Calls]<UL><LI><a href="#[398]">&gt;&gt;</a>&nbsp;&nbsp;&nbsp;vPortExitCritical
<LI><a href="#[396]">&gt;&gt;</a>&nbsp;&nbsp;&nbsp;vPortEnterCritical
</UL>
<BR>[Called By]<UL><LI><a href="#[2ec]">&gt;&gt;</a>&nbsp;&nbsp;&nbsp;xQueueGenericReceive
</UL>

<P><STRONG><a name="[3a7]"></a>prvUnlockQueue</STRONG> (Thumb, 106 bytes, Stack size 24 bytes, queue.o(i.prvUnlockQueue))
<BR><BR>[Stack]<UL><LI>Max Depth = 48<LI>Call Chain = prvUnlockQueue &rArr; xTaskRemoveFromEventList
</UL>
<BR>[Calls]<UL><LI><a href="#[3a8]">&gt;&gt;</a>&nbsp;&nbsp;&nbsp;xTaskRemoveFromEventList
<LI><a href="#[3a9]">&gt;&gt;</a>&nbsp;&nbsp;&nbsp;vTaskMissedYield
<LI><a href="#[398]">&gt;&gt;</a>&nbsp;&nbsp;&nbsp;vPortExitCritical
<LI><a href="#[396]">&gt;&gt;</a>&nbsp;&nbsp;&nbsp;vPortEnterCritical
</UL>
<BR>[Called By]<UL><LI><a href="#[2ec]">&gt;&gt;</a>&nbsp;&nbsp;&nbsp;xQueueGenericReceive
<LI><a href="#[2e9]">&gt;&gt;</a>&nbsp;&nbsp;&nbsp;xQueueGenericSend
</UL>

<P><STRONG><a name="[391]"></a>prvAddCurrentTaskToDelayedList</STRONG> (Thumb, 102 bytes, Stack size 24 bytes, tasks.o(i.prvAddCurrentTaskToDelayedList))
<BR><BR>[Stack]<UL><LI>Max Depth = 36<LI>Call Chain = prvAddCurrentTaskToDelayedList &rArr; vListInsert
</UL>
<BR>[Calls]<UL><LI><a href="#[393]">&gt;&gt;</a>&nbsp;&nbsp;&nbsp;vListInsertEnd
<LI><a href="#[394]">&gt;&gt;</a>&nbsp;&nbsp;&nbsp;vListInsert
<LI><a href="#[392]">&gt;&gt;</a>&nbsp;&nbsp;&nbsp;uxListRemove
</UL>
<BR>[Called By]<UL><LI><a href="#[38c]">&gt;&gt;</a>&nbsp;&nbsp;&nbsp;vTaskDelay
<LI><a href="#[3b2]">&gt;&gt;</a>&nbsp;&nbsp;&nbsp;vTaskPlaceOnEventList
</UL>

<P><STRONG><a name="[395]"></a>prvAddNewTaskToReadyList</STRONG> (Thumb, 194 bytes, Stack size 24 bytes, tasks.o(i.prvAddNewTaskToReadyList))
<BR><BR>[Stack]<UL><LI>Max Depth = 24<LI>Call Chain = prvAddNewTaskToReadyList
</UL>
<BR>[Calls]<UL><LI><a href="#[393]">&gt;&gt;</a>&nbsp;&nbsp;&nbsp;vListInsertEnd
<LI><a href="#[398]">&gt;&gt;</a>&nbsp;&nbsp;&nbsp;vPortExitCritical
<LI><a href="#[396]">&gt;&gt;</a>&nbsp;&nbsp;&nbsp;vPortEnterCritical
<LI><a href="#[397]">&gt;&gt;</a>&nbsp;&nbsp;&nbsp;vListInitialise
</UL>
<BR>[Called By]<UL><LI><a href="#[390]">&gt;&gt;</a>&nbsp;&nbsp;&nbsp;xTaskCreate
</UL>

<P><STRONG><a name="[399]"></a>prvCheckTasksWaitingTermination</STRONG> (Thumb, 70 bytes, Stack size 16 bytes, tasks.o(i.prvCheckTasksWaitingTermination))
<BR><BR>[Stack]<UL><LI>Max Depth = 96<LI>Call Chain = prvCheckTasksWaitingTermination &rArr; prvDeleteTCB &rArr; vPortFree &rArr; xTaskResumeAll &rArr; xTaskIncrementTick
</UL>
<BR>[Calls]<UL><LI><a href="#[39c]">&gt;&gt;</a>&nbsp;&nbsp;&nbsp;prvDeleteTCB
<LI><a href="#[392]">&gt;&gt;</a>&nbsp;&nbsp;&nbsp;uxListRemove
<LI><a href="#[39b]">&gt;&gt;</a>&nbsp;&nbsp;&nbsp;xTaskResumeAll
<LI><a href="#[39a]">&gt;&gt;</a>&nbsp;&nbsp;&nbsp;vTaskSuspendAll
<LI><a href="#[398]">&gt;&gt;</a>&nbsp;&nbsp;&nbsp;vPortExitCritical
<LI><a href="#[396]">&gt;&gt;</a>&nbsp;&nbsp;&nbsp;vPortEnterCritical
</UL>
<BR>[Called By]<UL><LI><a href="#[88]">&gt;&gt;</a>&nbsp;&nbsp;&nbsp;prvIdleTask
</UL>

<P><STRONG><a name="[39c]"></a>prvDeleteTCB</STRONG> (Thumb, 20 bytes, Stack size 8 bytes, tasks.o(i.prvDeleteTCB))
<BR><BR>[Stack]<UL><LI>Max Depth = 80<LI>Call Chain = prvDeleteTCB &rArr; vPortFree &rArr; xTaskResumeAll &rArr; xTaskIncrementTick
</UL>
<BR>[Calls]<UL><LI><a href="#[3a1]">&gt;&gt;</a>&nbsp;&nbsp;&nbsp;vPortFree
</UL>
<BR>[Called By]<UL><LI><a href="#[399]">&gt;&gt;</a>&nbsp;&nbsp;&nbsp;prvCheckTasksWaitingTermination
</UL>

<P><STRONG><a name="[88]"></a>prvIdleTask</STRONG> (Thumb, 34 bytes, Stack size 0 bytes, tasks.o(i.prvIdleTask))
<BR><BR>[Stack]<UL><LI>Max Depth = 96<LI>Call Chain = prvIdleTask &rArr; prvCheckTasksWaitingTermination &rArr; prvDeleteTCB &rArr; vPortFree &rArr; xTaskResumeAll &rArr; xTaskIncrementTick
</UL>
<BR>[Calls]<UL><LI><a href="#[3a2]">&gt;&gt;</a>&nbsp;&nbsp;&nbsp;vApplicationIdleHook
<LI><a href="#[399]">&gt;&gt;</a>&nbsp;&nbsp;&nbsp;prvCheckTasksWaitingTermination
</UL>
<BR>[Address Reference Count : 1]<UL><LI> tasks.o(i.vTaskStartScheduler)
</UL>
<P><STRONG><a name="[3a3]"></a>prvInitialiseNewTask</STRONG> (Thumb, 162 bytes, Stack size 32 bytes, tasks.o(i.prvInitialiseNewTask))
<BR><BR>[Stack]<UL><LI>Max Depth = 48<LI>Call Chain = prvInitialiseNewTask &rArr; pxPortInitialiseStack
</UL>
<BR>[Calls]<UL><LI><a href="#[3a5]">&gt;&gt;</a>&nbsp;&nbsp;&nbsp;pxPortInitialiseStack
<LI><a href="#[3a4]">&gt;&gt;</a>&nbsp;&nbsp;&nbsp;vListInitialiseItem
<LI><a href="#[1b3]">&gt;&gt;</a>&nbsp;&nbsp;&nbsp;__aeabi_memset
</UL>
<BR>[Called By]<UL><LI><a href="#[390]">&gt;&gt;</a>&nbsp;&nbsp;&nbsp;xTaskCreate
</UL>

<P><STRONG><a name="[3bd]"></a>prvResetNextTaskUnblockTime</STRONG> (Thumb, 26 bytes, Stack size 0 bytes, tasks.o(i.prvResetNextTaskUnblockTime))
<BR><BR>[Called By]<UL><LI><a href="#[28f]">&gt;&gt;</a>&nbsp;&nbsp;&nbsp;xTaskIncrementTick
<LI><a href="#[39b]">&gt;&gt;</a>&nbsp;&nbsp;&nbsp;xTaskResumeAll
</UL>

<P><STRONG><a name="[38f]"></a>makeFreeRtosPriority</STRONG> (Thumb, 14 bytes, Stack size 0 bytes, cmsis_os.o(i.makeFreeRtosPriority))
<BR><BR>[Called By]<UL><LI><a href="#[270]">&gt;&gt;</a>&nbsp;&nbsp;&nbsp;osThreadCreate
</UL>

<P><STRONG><a name="[3ab]"></a>prvHeapInit</STRONG> (Thumb, 70 bytes, Stack size 8 bytes, heap_4.o(i.prvHeapInit))
<BR><BR>[Stack]<UL><LI>Max Depth = 8<LI>Call Chain = prvHeapInit
</UL>
<BR>[Called By]<UL><LI><a href="#[3aa]">&gt;&gt;</a>&nbsp;&nbsp;&nbsp;pvPortMalloc
</UL>

<P><STRONG><a name="[3ac]"></a>prvInsertBlockIntoFreeList</STRONG> (Thumb, 72 bytes, Stack size 12 bytes, heap_4.o(i.prvInsertBlockIntoFreeList))
<BR><BR>[Stack]<UL><LI>Max Depth = 12<LI>Call Chain = prvInsertBlockIntoFreeList
</UL>
<BR>[Called By]<UL><LI><a href="#[3a1]">&gt;&gt;</a>&nbsp;&nbsp;&nbsp;vPortFree
<LI><a href="#[3aa]">&gt;&gt;</a>&nbsp;&nbsp;&nbsp;pvPortMalloc
</UL>

<P><STRONG><a name="[86]"></a>prvTaskExitError</STRONG> (Thumb, 42 bytes, Stack size 0 bytes, port.o(i.prvTaskExitError))
<BR>[Address Reference Count : 1]<UL><LI> port.o(i.pxPortInitialiseStack)
</UL>
<P><STRONG><a name="[87]"></a>IdleTaskHook(void*)</STRONG> (Thumb, 24 bytes, Stack size 8 bytes, oswrappers.o(i._Z12IdleTaskHookPv))
<BR><BR>[Stack]<UL><LI>Max Depth = 16<LI>Call Chain = IdleTaskHook(void*) &rArr; touchgfx::HAL::setMCUActive(bool)
</UL>
<BR>[Calls]<UL><LI><a href="#[295]">&gt;&gt;</a>&nbsp;&nbsp;&nbsp;touchgfx::HAL::setMCUActive(bool)
</UL>
<BR>[Address Reference Count : 1]<UL><LI> oswrappers.o(i.vApplicationIdleHook)
</UL>
<P><STRONG><a name="[310]"></a>touchgfx::prepareTransition(touchgfx::Screen**, touchgfx::Presenter**, touchgfx::Transition**)</STRONG> (Thumb, 84 bytes, Stack size 16 bytes, frontendapplicationbase.o(i._ZN8touchgfx17prepareTransitionEPPNS_6ScreenEPPNS_9PresenterEPPNS_10TransitionE))
<BR><BR>[Stack]<UL><LI>Max Depth = 16<LI>Call Chain = touchgfx::prepareTransition(touchgfx::Screen**, touchgfx::Presenter**, touchgfx::Transition**)
</UL>
<BR>[Calls]<UL><LI><a href="#[2ae]">&gt;&gt;</a>&nbsp;&nbsp;&nbsp;touchgfx::Application::getInstance()
<LI><a href="#[303]">&gt;&gt;</a>&nbsp;&nbsp;&nbsp;touchgfx::Application::clearAllTimerWidgets()
</UL>
<BR>[Called By]<UL><LI><a href="#[2e4]">&gt;&gt;</a>&nbsp;&nbsp;&nbsp;T2* touchgfx::makeTransition&lang;ACCELERATIONView, ACCELERATIONPresenter, touchgfx::NoTransition, Model&rang;(touchgfx::Screen**, touchgfx::Presenter**, touchgfx::MVPHeap&, touchgfx::Transition**, T4*)
<LI><a href="#[2e3]">&gt;&gt;</a>&nbsp;&nbsp;&nbsp;T2* touchgfx::makeTransition&lang;BOARD_DEBUGView, BOARD_DEBUGPresenter, touchgfx::NoTransition, Model&rang;(touchgfx::Screen**, touchgfx::Presenter**, touchgfx::MVPHeap&, touchgfx::Transition**, T4*)
<LI><a href="#[2e2]">&gt;&gt;</a>&nbsp;&nbsp;&nbsp;T2* touchgfx::makeTransition&lang;DEBUG_MODEView, DEBUG_MODEPresenter, touchgfx::NoTransition, Model&rang;(touchgfx::Screen**, touchgfx::Presenter**, touchgfx::MVPHeap&, touchgfx::Transition**, T4*)
<LI><a href="#[2e1]">&gt;&gt;</a>&nbsp;&nbsp;&nbsp;T2* touchgfx::makeTransition&lang;ENDURANCEView, ENDURANCEPresenter, touchgfx::NoTransition, Model&rang;(touchgfx::Screen**, touchgfx::Presenter**, touchgfx::MVPHeap&, touchgfx::Transition**, T4*)
<LI><a href="#[2e0]">&gt;&gt;</a>&nbsp;&nbsp;&nbsp;T2* touchgfx::makeTransition&lang;AUTOCROSSView, AUTOCROSSPresenter, touchgfx::NoTransition, Model&rang;(touchgfx::Screen**, touchgfx::Presenter**, touchgfx::MVPHeap&, touchgfx::Transition**, T4*)
<LI><a href="#[2df]">&gt;&gt;</a>&nbsp;&nbsp;&nbsp;T2* touchgfx::makeTransition&lang;SETTINGSView, SETTINGSPresenter, touchgfx::NoTransition, Model&rang;(touchgfx::Screen**, touchgfx::Presenter**, touchgfx::MVPHeap&, touchgfx::Transition**, T4*)
<LI><a href="#[2de]">&gt;&gt;</a>&nbsp;&nbsp;&nbsp;T2* touchgfx::makeTransition&lang;SKIDPADView, SKIDPADPresenter, touchgfx::NoTransition, Model&rang;(touchgfx::Screen**, touchgfx::Presenter**, touchgfx::MVPHeap&, touchgfx::Transition**, T4*)
</UL>

<P><STRONG><a name="[311]"></a>touchgfx::finalizeTransition(touchgfx::Screen*, touchgfx::Presenter*, touchgfx::Transition*)</STRONG> (Thumb, 54 bytes, Stack size 16 bytes, frontendapplicationbase.o(i._ZN8touchgfx18finalizeTransitionEPNS_6ScreenEPNS_9PresenterEPNS_10TransitionE))
<BR><BR>[Stack]<UL><LI>Max Depth = 16<LI>Call Chain = touchgfx::finalizeTransition(touchgfx::Screen*, touchgfx::Presenter*, touchgfx::Transition*)
</UL>
<BR>[Calls]<UL><LI><a href="#[2ae]">&gt;&gt;</a>&nbsp;&nbsp;&nbsp;touchgfx::Application::getInstance()
<LI><a href="#[312]">&gt;&gt;</a>&nbsp;&nbsp;&nbsp;touchgfx::Screen::bindTransition(touchgfx::Transition&)
</UL>
<BR>[Called By]<UL><LI><a href="#[2e4]">&gt;&gt;</a>&nbsp;&nbsp;&nbsp;T2* touchgfx::makeTransition&lang;ACCELERATIONView, ACCELERATIONPresenter, touchgfx::NoTransition, Model&rang;(touchgfx::Screen**, touchgfx::Presenter**, touchgfx::MVPHeap&, touchgfx::Transition**, T4*)
<LI><a href="#[2e3]">&gt;&gt;</a>&nbsp;&nbsp;&nbsp;T2* touchgfx::makeTransition&lang;BOARD_DEBUGView, BOARD_DEBUGPresenter, touchgfx::NoTransition, Model&rang;(touchgfx::Screen**, touchgfx::Presenter**, touchgfx::MVPHeap&, touchgfx::Transition**, T4*)
<LI><a href="#[2e2]">&gt;&gt;</a>&nbsp;&nbsp;&nbsp;T2* touchgfx::makeTransition&lang;DEBUG_MODEView, DEBUG_MODEPresenter, touchgfx::NoTransition, Model&rang;(touchgfx::Screen**, touchgfx::Presenter**, touchgfx::MVPHeap&, touchgfx::Transition**, T4*)
<LI><a href="#[2e1]">&gt;&gt;</a>&nbsp;&nbsp;&nbsp;T2* touchgfx::makeTransition&lang;ENDURANCEView, ENDURANCEPresenter, touchgfx::NoTransition, Model&rang;(touchgfx::Screen**, touchgfx::Presenter**, touchgfx::MVPHeap&, touchgfx::Transition**, T4*)
<LI><a href="#[2e0]">&gt;&gt;</a>&nbsp;&nbsp;&nbsp;T2* touchgfx::makeTransition&lang;AUTOCROSSView, AUTOCROSSPresenter, touchgfx::NoTransition, Model&rang;(touchgfx::Screen**, touchgfx::Presenter**, touchgfx::MVPHeap&, touchgfx::Transition**, T4*)
<LI><a href="#[2df]">&gt;&gt;</a>&nbsp;&nbsp;&nbsp;T2* touchgfx::makeTransition&lang;SETTINGSView, SETTINGSPresenter, touchgfx::NoTransition, Model&rang;(touchgfx::Screen**, touchgfx::Presenter**, touchgfx::MVPHeap&, touchgfx::Transition**, T4*)
<LI><a href="#[2de]">&gt;&gt;</a>&nbsp;&nbsp;&nbsp;T2* touchgfx::makeTransition&lang;SKIDPADView, SKIDPADPresenter, touchgfx::NoTransition, Model&rang;(touchgfx::Screen**, touchgfx::Presenter**, touchgfx::MVPHeap&, touchgfx::Transition**, T4*)
</UL>

<P><STRONG><a name="[1a6]"></a>__sti___9_texts_cpp_454ca793</STRONG> (Thumb, 14 bytes, Stack size 0 bytes, texts.o(i.__sti___9_texts_cpp_454ca793))
<BR>[Address Reference Count : 1]<UL><LI> texts.o(.init_array)
</UL>
<P><STRONG><a name="[1a7]"></a>__sti___21_typedtextdatabase_cpp_42ef4e5b</STRONG> (Thumb, 30 bytes, Stack size 8 bytes, typedtextdatabase.o(i.__sti___21_typedtextdatabase_cpp_42ef4e5b))
<BR><BR>[Stack]<UL><LI>Max Depth = 132<LI>Call Chain = __sti___21_typedtextdatabase_cpp_42ef4e5b &rArr; getFont_Roboto_Regular_63_4bpp() &rArr; touchgfx::InternalFlashFont::InternalFlashFont(const touchgfx::GlyphNode*, unsigned short, unsigned short, unsigned char, unsigned char, unsigned char, unsigned char, const unsigned char*, const touchgfx::KerningNode*, unsigned short, unsigned short) &rArr; touchgfx::ConstFont::ConstFont__sub_object(const touchgfx::GlyphNode*, unsigned short, unsigned short, unsigned char, unsigned char, unsigned char, unsigned char, unsigned short, unsigned short)
</UL>
<BR>[Calls]<UL><LI><a href="#[2a0]">&gt;&gt;</a>&nbsp;&nbsp;&nbsp;getFont_Roboto_Regular_420_4bpp()
<LI><a href="#[29f]">&gt;&gt;</a>&nbsp;&nbsp;&nbsp;getFont_Roboto_Regular_180_4bpp()
<LI><a href="#[29e]">&gt;&gt;</a>&nbsp;&nbsp;&nbsp;getFont_Roboto_Regular_63_4bpp()
<LI><a href="#[29b]">&gt;&gt;</a>&nbsp;&nbsp;&nbsp;getFont_Roboto_Regular_25_4bpp()
</UL>
<BR>[Address Reference Count : 1]<UL><LI> typedtextdatabase.o(.init_array)
</UL><P>
<H3>
Undefined Global Symbols
</H3><HR></body></html>
